 VChat

 Timestamp is 66eaf6b8 (Wed Sep 18 11:50:16 2024)

 Preferred load address is 00400000

 Start         Length     Name                   Class
 0001:00000000 00006f4dH .text$mn                CODE
 0002:00000000 00000104H .CRT$XCA                DATA
 0002:00000104 00000104H .CRT$XCAA               DATA
 0002:00000208 00000104H .CRT$XCZ                DATA
 0002:0000030c 00000104H .CRT$XIA                DATA
 0002:00000410 00000104H .CRT$XIAA               DATA
 0002:00000514 00000104H .CRT$XIAC               DATA
 0002:00000618 00000104H .CRT$XIZ                DATA
 0002:0000071c 00000104H .CRT$XPA                DATA
 0002:00000820 00000104H .CRT$XPZ                DATA
 0002:00000924 00000104H .CRT$XTA                DATA
 0002:00000a28 00000108H .CRT$XTZ                DATA
 0002:00000b30 00000bd0H .rdata                  DATA
 0002:00001700 00000180H .rdata$CastGuardVftablesA DATA
 0002:00001880 0000014cH .rdata$CastGuardVftablesC DATA
 0002:000019cc 0000019cH .rdata$zzzdbg           DATA
 0002:00001b68 00000104H .rtc$IAA                DATA
 0002:00001c6c 00000104H .rtc$IMZ                DATA
 0002:00001d70 00000104H .rtc$IZZ                DATA
 0002:00001e74 00000104H .rtc$TAA                DATA
 0002:00001f78 00000104H .rtc$TMZ                DATA
 0002:0000207c 00000104H .rtc$TZZ                DATA
 0002:00002180 00000169H .xdata$x                DATA
 0002:000022e9 00000000H .edata                  DATA
 0003:00000000 00000f68H .data                   DATA
 0003:00000f68 00000670H .bss                    DATA
 0004:00000000 000003e0H .idata$5                DATA
 0004:000003e0 000000f0H .idata$2                DATA
 0004:000004d0 00000014H .idata$3                DATA
 0004:000004e4 000003e0H .idata$4                DATA
 0004:000008c4 00000930H .idata$6                DATA
 0005:00000000 0000010eH .00cfg                  DATA
 0006:00000000 00000170H .rsrc$01                DATA
 0006:00000170 000002ccH .rsrc$02                DATA

  Address         Publics by Value              Rva+Base       Lib:Object

 0000:00000000       ___AbsoluteZero            00000000     <absolute>
 0000:00000000       ___arm64x_extra_rfe_table  00000000     <absolute>
 0000:00000000       ___arm64x_extra_rfe_table_size 00000000     <absolute>
 0000:00000000       ___arm64x_native_entrypoint 00000000     <absolute>
 0000:00000000       ___arm64x_redirection_metadata 00000000     <absolute>
 0000:00000000       ___arm64x_redirection_metadata_count 00000000     <absolute>
 0000:00000000       ___dynamic_value_reloc_table 00000000     <absolute>
 0000:00000000       ___enclave_config          00000000     <absolute>
 0000:00000000       ___guard_check_icall_a64n_fptr 00000000     <absolute>
 0000:00000000       ___guard_eh_cont_count     00000000     <absolute>
 0000:00000000       ___guard_eh_cont_table     00000000     <absolute>
 0000:00000000       ___guard_fids_count        00000000     <absolute>
 0000:00000000       ___guard_fids_table        00000000     <absolute>
 0000:00000000       ___guard_iat_count         00000000     <absolute>
 0000:00000000       ___guard_iat_table         00000000     <absolute>
 0000:00000000       ___guard_longjmp_count     00000000     <absolute>
 0000:00000000       ___guard_longjmp_table     00000000     <absolute>
 0000:00000000       ___hybrid_auxiliary_delayload_iat 00000000     <absolute>
 0000:00000000       ___hybrid_auxiliary_delayload_iat_copy 00000000     <absolute>
 0000:00000000       ___hybrid_auxiliary_iat    00000000     <absolute>
 0000:00000000       ___hybrid_auxiliary_iat_copy 00000000     <absolute>
 0000:00000000       ___hybrid_code_map         00000000     <absolute>
 0000:00000000       ___hybrid_code_map_count   00000000     <absolute>
 0000:00000000       ___hybrid_image_info_bitfield 00000000     <absolute>
 0000:00000000       ___safe_se_handler_count   00000000     <absolute>
 0000:00000000       ___safe_se_handler_table   00000000     <absolute>
 0000:00000000       ___volatile_metadata       00000000     <absolute>
 0000:00000000       ___x64_code_ranges_to_entry_points 00000000     <absolute>
 0000:00000000       ___x64_code_ranges_to_entry_points_count 00000000     <absolute>
 0000:00000100       ___guard_flags             00000100     <absolute>
 0000:00000000       ___ImageBase               00400000     <linker-defined>
 0001:000005b0       _ConnectionHandler@4       004015b0 f   vchat.obj
 0001:00001350       _acceptHandler@4           00402350 f   vchat.obj
 0001:00001700       _queue_delete              00402700 f   vchat.obj
 0001:00001840       _broadcast                 00402840 f   vchat.obj
 0001:00001950       _checkVacancy              00402950 f   vchat.obj
 0001:00001a00       _controlHandler@4          00402a00 f   vchat.obj
 0001:00001ac0       _Function1                 00402ac0 f   vchat.obj
 0001:00001ae0       _Function2                 00402ae0 f   vchat.obj
 0001:00001b00       _Function3                 00402b00 f   vchat.obj
 0001:00001b20       _Function4                 00402b20 f   vchat.obj
 0001:00001b40       _Function5                 00402b40 f   vchat.obj
 0001:00001b70       _Function6a                00402b70 f   vchat.obj
 0001:00001d40       _Function6b                00402d40 f   vchat.obj
 0001:00001da0       _Function7                 00402da0 f   vchat.obj
 0001:00002010       _Function8a                00403010 f   vchat.obj
 0001:00002440       _Function8b                00403440 f   vchat.obj
 0001:00002470       _good_function             00403470 f   vchat.obj
 0001:000024a0       _bad_function              004034a0 f   vchat.obj
 0001:000024c0       _fill_array                004034c0 f   vchat.obj
 0001:000024f0       _queue_add                 004034f0 f   vchat.obj
 0001:000025f0       _main                      004035f0 f   vchat.obj
 0001:00003150       ___local_stdio_printf_options 00404150 f i vchat.obj
 0001:00003160       __vfprintf_l               00404160 f i vchat.obj
 0001:000031a0       __vsnprintf_l              004041a0 f i vchat.obj
 0001:00003210       __vsprintf_l               00404210 f i vchat.obj
 0001:00003240       _fprintf                   00404240 f i vchat.obj
 0001:00003280       _printf                    00404280 f i vchat.obj
 0001:000032d0       _sprintf                   004042d0 f i vchat.obj
 0001:0000330f       _EssentialFunc1            0040430f f   libessfunc:Essfun.dll
 0001:00003315       _GetStdHandle@4            00404315 f   kernel32:KERNEL32.dll
 0001:0000331b       _CloseHandle@4             0040431b f   kernel32:KERNEL32.dll
 0001:00003321       _GetLastError@0            00404321 f   kernel32:KERNEL32.dll
 0001:00003327       _HeapCreate@12             00404327 f   kernel32:KERNEL32.dll
 0001:0000332d       _HeapAlloc@12              0040432d f   kernel32:KERNEL32.dll
 0001:00003333       _HeapFree@12               00404333 f   kernel32:KERNEL32.dll
 0001:00003339       _ReleaseMutex@4            00404339 f   kernel32:KERNEL32.dll
 0001:0000333f       _WaitForSingleObject@8     0040433f f   kernel32:KERNEL32.dll
 0001:00003345       _CreateMutexW@12           00404345 f   kernel32:KERNEL32.dll
 0001:0000334b       _Sleep@4                   0040434b f   kernel32:KERNEL32.dll
 0001:00003351       _CreateThread@24           00404351 f   kernel32:KERNEL32.dll
 0001:00003357       _GetConsoleMode@8          00404357 f   kernel32:KERNEL32.dll
 0001:0000335d       _SetConsoleMode@8          0040435d f   kernel32:KERNEL32.dll
 0001:00003363       _SetConsoleCtrlHandler@8   00404363 f   kernel32:KERNEL32.dll
 0001:00003369       _SysAllocString@4          00404369 f   oleaut32:OLEAUT32.dll
 0001:0000336f       _SysStringByteLen@4        0040436f f   oleaut32:OLEAUT32.dll
 0001:00003375       _accept@12                 00404375 f   WS2_32:WS2_32.dll
 0001:0000337b       _bind@12                   0040437b f   WS2_32:WS2_32.dll
 0001:00003381       _closesocket@4             00404381 f   WS2_32:WS2_32.dll
 0001:00003387       _htons@4                   00404387 f   WS2_32:WS2_32.dll
 0001:0000338d       _inet_ntoa@4               0040438d f   WS2_32:WS2_32.dll
 0001:00003393       _listen@8                  00404393 f   WS2_32:WS2_32.dll
 0001:00003399       _recv@16                   00404399 f   WS2_32:WS2_32.dll
 0001:0000339f       _send@16                   0040439f f   WS2_32:WS2_32.dll
 0001:000033a5       _socket@12                 004043a5 f   WS2_32:WS2_32.dll
 0001:000033ab       _WSAStartup@8              004043ab f   WS2_32:WS2_32.dll
 0001:000033b1       _WSACleanup@0              004043b1 f   WS2_32:WS2_32.dll
 0001:000033b7       _WSAGetLastError@0         004043b7 f   WS2_32:WS2_32.dll
 0001:000033bd       _getaddrinfo@16            004043bd f   WS2_32:WS2_32.dll
 0001:000033c3       _freeaddrinfo@4            004043c3 f   WS2_32:WS2_32.dll
 0001:000033c9       __CRT_RTC_INIT             004043c9 f   MSVCRT:init.obj
 0001:000033cc       __CRT_RTC_INITW            004043cc f   MSVCRT:init.obj
 0001:000033cf       __RTC_InitBase             004043cf f   MSVCRT:init.obj
 0001:000033ee       __RTC_Shutdown             004043ee f   MSVCRT:init.obj
 0001:000036d4       ?configure_argv@__scrt_narrow_argv_policy@@SAHXZ 004046d4 f i MSVCRT:exe_main.obj
 0001:000036e4       ?initialize_environment@__scrt_narrow_environment_policy@@SAHXZ 004046e4 f i MSVCRT:exe_main.obj
 0001:00003716       ?set_app_type@__scrt_main_policy@@SAXXZ 00404716 f i MSVCRT:exe_main.obj
 0001:00003721       ?set_commode@__scrt_file_policy@@SAXXZ 00404721 f i MSVCRT:exe_main.obj
 0001:00003736       ?set_fmode@__scrt_file_policy@@SAXXZ 00404736 f i MSVCRT:exe_main.obj
 0001:00003746       _mainCRTStartup            00404746 f   MSVCRT:exe_main.obj
 0001:00003752       ?_RTC_GetErrorFunc@@YAP6AHHPBDH00ZZPBX@Z 00404752 f   MSVCRT:userapi.obj
 0001:00003758       ?_RTC_GetErrorFuncW@@YAP6AHHPB_WH00ZZPBX@Z 00404758 f   MSVCRT:userapi.obj
 0001:0000375e       __RTC_GetErrDesc           0040475e f   MSVCRT:userapi.obj
 0001:0000377c       __RTC_NumErrors            0040477c f   MSVCRT:userapi.obj
 0001:00003780       __RTC_SetErrorFunc         00404780 f   MSVCRT:userapi.obj
 0001:000037a0       __RTC_SetErrorFuncW        004047a0 f   MSVCRT:userapi.obj
 0001:000037c0       __RTC_SetErrorType         004047c0 f   MSVCRT:userapi.obj
 0001:0000387f       _NtCurrentTeb              0040487f f i MSVCRT:utility.obj
 0001:00003886       ___scrt_acquire_startup_lock 00404886 f   MSVCRT:utility.obj
 0001:000038c4       ___scrt_dllmain_after_initialize_c 004048c4 f   MSVCRT:utility.obj
 0001:000038f9       ___scrt_dllmain_before_initialize_c 004048f9 f   MSVCRT:utility.obj
 0001:0000390a       ___scrt_dllmain_crt_thread_attach 0040490a f   MSVCRT:utility.obj
 0001:00003930       ___scrt_dllmain_crt_thread_detach 00404930 f   MSVCRT:utility.obj
 0001:00003940       ___scrt_dllmain_exception_filter 00404940 f   MSVCRT:utility.obj
 0001:00003981       ___scrt_dllmain_uninitialize_c 00404981 f   MSVCRT:utility.obj
 0001:000039ac       ___scrt_dllmain_uninitialize_critical 004049ac f   MSVCRT:utility.obj
 0001:000039bc       ___scrt_initialize_crt     004049bc f   MSVCRT:utility.obj
 0001:00003a03       ___scrt_initialize_onexit_tables 00404a03 f   MSVCRT:utility.obj
 0001:00003aab       ___scrt_is_nonwritable_in_current_image 00404aab f   MSVCRT:utility.obj
 0001:00003b64       ___scrt_release_startup_lock 00404b64 f   MSVCRT:utility.obj
 0001:00003b88       ___scrt_uninitialize_crt   00404b88 f   MSVCRT:utility.obj
 0001:00003bba       __onexit                   00404bba f   MSVCRT:utility.obj
 0001:00003bf2       _at_quick_exit             00404bf2 f   MSVCRT:utility.obj
 0001:00003c1d       _atexit                    00404c1d f   MSVCRT:utility.obj
 0001:00003c97       ___security_init_cookie    00404c97 f   MSVCRT:gs_support.obj
 0001:00003cf4       __matherr                  00404cf4 f   MSVCRT:matherr.obj
 0001:00003cf7       __get_startup_argv_mode    00404cf7 f   MSVCRT:argv_mode.obj
 0001:00003cfb       __get_startup_commit_mode  00404cfb f   MSVCRT:commit_mode.obj
 0001:00003cfe       __get_startup_file_mode    00404cfe f   MSVCRT:file_mode.obj
 0001:00003d04       __get_startup_new_mode     00404d04 f   MSVCRT:new_mode.obj
 0001:00003d07       __get_startup_thread_locale_mode 00404d07 f   MSVCRT:thread_locale.obj
 0001:00003d0a       ?__scrt_initialize_type_info@@YAXXZ 00404d0a f   MSVCRT:tncleanup.obj
 0001:00003d19       ?__scrt_uninitialize_type_info@@YAXXZ 00404d19 f   MSVCRT:tncleanup.obj
 0001:00003d28       __should_initialize_environment 00404d28 f   MSVCRT:env_mode.obj
 0001:00003d2b       __initialize_default_precision 00404d2b f   MSVCRT:default_precision.obj
 0001:00003d54       __initialize_invalid_parameter_handler 00404d54 f   MSVCRT:invalid_parameter_handler.obj
 0001:00003d57       __initialize_denormal_control 00404d57 f   MSVCRT:denormal_control.obj
 0001:00003d5a       ___local_stdio_scanf_options 00404d5a f i MSVCRT:default_local_stdio_options.obj
 0001:00003d60       ___scrt_initialize_default_local_stdio_options 00404d60 f   MSVCRT:default_local_stdio_options.obj
 0001:00003d84       ___scrt_is_user_matherr_present 00404d84 f   MSVCRT:matherr_detection.obj
 0001:00003d93       ___scrt_get_dyn_tls_init_callback 00404d93 f   MSVCRT:dyn_tls_init.obj
 0001:00003d99       ___scrt_get_dyn_tls_dtor_callback 00404d99 f   MSVCRT:dyn_tls_dtor.obj
 0001:00003d9f       ___scrt_fastfail           00404d9f f   MSVCRT:utility_desktop.obj
 0001:00003ef9       ___scrt_get_show_window_mode 00404ef9 f   MSVCRT:utility_desktop.obj
 0001:00003f36       ___scrt_initialize_mta     00404f36 f   MSVCRT:utility_desktop.obj
 0001:00003f3b       ___scrt_initialize_winrt   00404f3b f   MSVCRT:utility_desktop.obj
 0001:00003f3e       ___scrt_is_managed_app     00404f3e f   MSVCRT:utility_desktop.obj
 0001:00003f90       ___scrt_set_unhandled_exception_filter 00404f90 f   MSVCRT:utility_desktop.obj
 0001:00003f9f       ___scrt_exe_initialize_mta 00404f9f f   MSVCRT:utility_desktop.obj
 0001:00003f9f       ___scrt_stub_for_initialize_mta 00404f9f f   MSVCRT:utility_desktop.obj
 0001:00003fa2       ___scrt_unhandled_exception_filter@4 00404fa2 f   MSVCRT:utility_desktop.obj
 0001:0000400d       __crt_debugger_hook        0040500d f   MSVCRT:utility_desktop.obj
 0001:00004017       __RTC_Initialize           00405017 f   MSVCRT:initsect.obj
 0001:0000404e       __RTC_Terminate            0040504e f   MSVCRT:initsect.obj
 0001:00004090       __SEH_prolog4              00405090 f   MSVCRT:sehprolg4.obj
 0001:000040f0       __SEH_epilog4              004050f0 f   MSVCRT:sehprolg4.obj
 0001:00004109       __except_handler4          00405109 f   MSVCRT:chandler4gs.obj
 0001:00004143       @_guard_check_icall_nop@4  00405143 f i MSVCRT:guard_support.obj
 0001:00004146       _ReadNoFence               00405146 f i MSVCRT:guard_support.obj
 0001:00004152       _ReadPointerNoFence        00405152 f i MSVCRT:guard_support.obj
 0001:0000415e       __InlineInterlockedExchangePointer 0040515e f i MSVCRT:guard_support.obj
 0001:0000416e       ___castguard_check_failure_debugbreak 0040516e f i MSVCRT:guard_support.obj
 0001:0000418f       ___castguard_check_failure_fastfail 0040518f f i MSVCRT:guard_support.obj
 0001:000041b5       ___castguard_check_failure_nop 004051b5 f i MSVCRT:guard_support.obj
 0001:000041b8       ___castguard_check_failure_os_handled 004051b8 f i MSVCRT:guard_support.obj
 0001:000041fc       ___castguard_check_failure_user_handled 004051fc f i MSVCRT:guard_support.obj
 0001:00004284       ___castguard_set_user_handler 00405284 f i MSVCRT:guard_support.obj
 0001:00004296       ___castguard_slow_path_check_debugbreak 00405296 f i MSVCRT:guard_support.obj
 0001:000042ce       ___castguard_slow_path_check_fastfail 004052ce f i MSVCRT:guard_support.obj
 0001:0000430b       ___castguard_slow_path_check_nop 0040530b f i MSVCRT:guard_support.obj
 0001:0000430e       ___castguard_slow_path_check_os_handled 0040530e f i MSVCRT:guard_support.obj
 0001:00004359       ___castguard_slow_path_check_user_handled 00405359 f i MSVCRT:guard_support.obj
 0001:000043d1       __guard_icall_checks_enforced 004053d1 f i MSVCRT:guard_support.obj
 0001:00004475       ?_RTC_AllocaFailure@@YAXPAXPAU_RTC_ALLOCA_NODE@@H@Z 00405475 f   MSVCRT:error.obj
 0001:00004584       ?_RTC_Failure@@YAXPAXH@Z   00405584 f   MSVCRT:error.obj
 0001:000045cf       ?_RTC_StackFailure@@YAXPAXPBD@Z 004055cf f   MSVCRT:error.obj
 0001:00004a99       __RTC_UninitUse            00405a99 f   MSVCRT:error.obj
 0001:00004b5f       __vsprintf_s_l             00405b5f f i MSVCRT:error.obj
 0001:00004b97       _sprintf_s                 00405b97 f i MSVCRT:error.obj
 0001:00004bba       ___isa_available_init      00405bba f   MSVCRT:cpu_disp.obj
 0001:00004fb2       ___scrt_is_ucrt_dll_in_use 00405fb2 f   MSVCRT:ucrt_detection.obj
 0001:00004fc1       @__security_check_cookie@4 00405fc1 f   MSVCRT:secchk.obj
 0001:00005257       ?_RTC_GetSrcLine@@YAHPAEPA_WKPAH1K@Z 00406257 f   MSVCRT:pdblkup.obj
 0001:00005676       __except_handler4_noexcept 00406676 f   MSVCRT:chandler4_noexcept.obj
 0001:000056cd       ___raise_securityfailure   004066cd f   MSVCRT:gs_report.obj
 0001:000056ff       ___report_gsfailure        004066ff f   MSVCRT:gs_report.obj
 0001:00005838       ___report_rangecheckfailure 00406838 f   MSVCRT:gs_report.obj
 0001:00005848       ___report_securityfailure  00406848 f   MSVCRT:gs_report.obj
 0001:0000594c       ___report_securityfailureEx 0040694c f   MSVCRT:gs_report.obj
 0001:00005aa7       _memcpy                    00406aa7 f   vcruntime:VCRUNTIME140.dll
 0001:00005aad       _memset                    00406aad f   vcruntime:VCRUNTIME140.dll
 0001:00005ab3       ___std_type_info_destroy_list 00406ab3 f   vcruntime:VCRUNTIME140.dll
 0001:00005ab9       ___current_exception       00406ab9 f   vcruntime:VCRUNTIME140.dll
 0001:00005abf       ___current_exception_context 00406abf f   vcruntime:VCRUNTIME140.dll
 0001:00005ac5       __except_handler4_common   00406ac5 f   vcruntime:VCRUNTIME140.dll
 0001:00005acb       ___vcrt_GetModuleFileNameW 00406acb f   vcruntime:VCRUNTIME140.dll
 0001:00005ad1       ___vcrt_LoadLibraryExW     00406ad1 f   vcruntime:VCRUNTIME140.dll
 0001:00005ad7       _strcpy                    00406ad7 f   ucrt:api-ms-win-crt-string-l1-1-0.dll
 0001:00005add       _strlen                    00406add f   ucrt:api-ms-win-crt-string-l1-1-0.dll
 0001:00005ae3       _strncmp                   00406ae3 f   ucrt:api-ms-win-crt-string-l1-1-0.dll
 0001:00005ae9       _strncpy                   00406ae9 f   ucrt:api-ms-win-crt-string-l1-1-0.dll
 0001:00005aef       _free                      00406aef f   ucrt:api-ms-win-crt-heap-l1-1-0.dll
 0001:00005af5       _malloc                    00406af5 f   ucrt:api-ms-win-crt-heap-l1-1-0.dll
 0001:00005afb       _atoi                      00406afb f   ucrt:api-ms-win-crt-convert-l1-1-0.dll
 0001:00005b01       _strtoul                   00406b01 f   ucrt:api-ms-win-crt-convert-l1-1-0.dll
 0001:00005b07       ___acrt_iob_func           00406b07 f   ucrt:api-ms-win-crt-stdio-l1-1-0.dll
 0001:00005b0d       _fflush                    00406b0d f   ucrt:api-ms-win-crt-stdio-l1-1-0.dll
 0001:00005b13       ___stdio_common_vfprintf   00406b13 f   ucrt:api-ms-win-crt-stdio-l1-1-0.dll
 0001:00005b19       ___stdio_common_vsprintf   00406b19 f   ucrt:api-ms-win-crt-stdio-l1-1-0.dll
 0001:00005b1f       __seh_filter_exe           00406b1f f   ucrt:api-ms-win-crt-runtime-l1-1-0.dll
 0001:00005b25       __set_app_type             00406b25 f   ucrt:api-ms-win-crt-runtime-l1-1-0.dll
 0001:00005b2b       ___setusermatherr          00406b2b f   ucrt:api-ms-win-crt-math-l1-1-0.dll
 0001:00005b31       __configure_narrow_argv    00406b31 f   ucrt:api-ms-win-crt-runtime-l1-1-0.dll
 0001:00005b37       __initialize_narrow_environment 00406b37 f   ucrt:api-ms-win-crt-runtime-l1-1-0.dll
 0001:00005b3d       __get_initial_narrow_environment 00406b3d f   ucrt:api-ms-win-crt-runtime-l1-1-0.dll
 0001:00005b43       __initterm                 00406b43 f   ucrt:api-ms-win-crt-runtime-l1-1-0.dll
 0001:00005b49       __initterm_e               00406b49 f   ucrt:api-ms-win-crt-runtime-l1-1-0.dll
 0001:00005b4f       _exit                      00406b4f f   ucrt:api-ms-win-crt-runtime-l1-1-0.dll
 0001:00005b55       __exit                     00406b55 f   ucrt:api-ms-win-crt-runtime-l1-1-0.dll
 0001:00005b5b       __set_fmode                00406b5b f   ucrt:api-ms-win-crt-stdio-l1-1-0.dll
 0001:00005b61       ___p___argc                00406b61 f   ucrt:api-ms-win-crt-runtime-l1-1-0.dll
 0001:00005b67       ___p___argv                00406b67 f   ucrt:api-ms-win-crt-runtime-l1-1-0.dll
 0001:00005b6d       __cexit                    00406b6d f   ucrt:api-ms-win-crt-runtime-l1-1-0.dll
 0001:00005b73       __c_exit                   00406b73 f   ucrt:api-ms-win-crt-runtime-l1-1-0.dll
 0001:00005b79       __register_thread_local_exe_atexit_callback 00406b79 f   ucrt:api-ms-win-crt-runtime-l1-1-0.dll
 0001:00005b7f       __configthreadlocale       00406b7f f   ucrt:api-ms-win-crt-locale-l1-1-0.dll
 0001:00005b85       __set_new_mode             00406b85 f   ucrt:api-ms-win-crt-heap-l1-1-0.dll
 0001:00005b8b       ___p__commode              00406b8b f   ucrt:api-ms-win-crt-stdio-l1-1-0.dll
 0001:00005b91       __seh_filter_dll           00406b91 f   ucrt:api-ms-win-crt-runtime-l1-1-0.dll
 0001:00005b97       __initialize_onexit_table  00406b97 f   ucrt:api-ms-win-crt-runtime-l1-1-0.dll
 0001:00005b9d       __register_onexit_function 00406b9d f   ucrt:api-ms-win-crt-runtime-l1-1-0.dll
 0001:00005ba3       __execute_onexit_table     00406ba3 f   ucrt:api-ms-win-crt-runtime-l1-1-0.dll
 0001:00005ba9       __crt_atexit               00406ba9 f   ucrt:api-ms-win-crt-runtime-l1-1-0.dll
 0001:00005baf       __crt_at_quick_exit        00406baf f   ucrt:api-ms-win-crt-runtime-l1-1-0.dll
 0001:00005bb5       __controlfp_s              00406bb5 f   ucrt:api-ms-win-crt-runtime-l1-1-0.dll
 0001:00005bbb       _terminate                 00406bbb f   ucrt:api-ms-win-crt-runtime-l1-1-0.dll
 0001:00005bc1       _strcpy_s                  00406bc1 f   ucrt:api-ms-win-crt-string-l1-1-0.dll
 0001:00005bc7       _strcat_s                  00406bc7 f   ucrt:api-ms-win-crt-string-l1-1-0.dll
 0001:00005bcd       ___stdio_common_vsprintf_s 00406bcd f   ucrt:api-ms-win-crt-stdio-l1-1-0.dll
 0001:00005bd3       _QueryPerformanceCounter@4 00406bd3 f   kernel32:KERNEL32.dll
 0001:00005bd9       _GetCurrentProcessId@0     00406bd9 f   kernel32:KERNEL32.dll
 0001:00005bdf       _GetCurrentThreadId@0      00406bdf f   kernel32:KERNEL32.dll
 0001:00005be5       _GetSystemTimeAsFileTime@4 00406be5 f   kernel32:KERNEL32.dll
 0001:00005beb       _InitializeSListHead@4     00406beb f   kernel32:KERNEL32.dll
 0001:00005bf1       _IsDebuggerPresent@0       00406bf1 f   kernel32:KERNEL32.dll
 0001:00005bf7       _UnhandledExceptionFilter@4 00406bf7 f   kernel32:KERNEL32.dll
 0001:00005bfd       _SetUnhandledExceptionFilter@4 00406bfd f   kernel32:KERNEL32.dll
 0001:00005c03       _GetStartupInfoW@4         00406c03 f   kernel32:KERNEL32.dll
 0001:00005c09       _IsProcessorFeaturePresent@4 00406c09 f   kernel32:KERNEL32.dll
 0001:00005c0f       _GetModuleHandleW@4        00406c0f f   kernel32:KERNEL32.dll
 0001:00005c15       _RaiseException@16         00406c15 f   kernel32:KERNEL32.dll
 0001:00005c1b       _MultiByteToWideChar@24    00406c1b f   kernel32:KERNEL32.dll
 0001:00005c21       _WideCharToMultiByte@32    00406c21 f   kernel32:KERNEL32.dll
 0001:00005c27       _GetProcessHeap@0          00406c27 f   kernel32:KERNEL32.dll
 0001:00005c2d       _VirtualQuery@12           00406c2d f   kernel32:KERNEL32.dll
 0001:00005c33       _FreeLibrary@4             00406c33 f   kernel32:KERNEL32.dll
 0001:00005c39       _GetProcAddress@8          00406c39 f   kernel32:KERNEL32.dll
 0001:00005c3f       _GetCurrentProcess@0       00406c3f f   kernel32:KERNEL32.dll
 0001:00005c45       _TerminateProcess@8        00406c45 f   kernel32:KERNEL32.dll
 0001:00005c4b       ___acrt_initialize         00406c4b f   MSVCRT:ucrt_stubs.obj
 0001:00005c4b       ___scrt_stub_for_acrt_initialize 00406c4b f   MSVCRT:ucrt_stubs.obj
 0001:00005c4b       ___vcrt_initialize         00406c4b f   MSVCRT:ucrt_stubs.obj
 0001:00005c4e       ___acrt_thread_attach      00406c4e f   MSVCRT:ucrt_stubs.obj
 0001:00005c4e       ___scrt_stub_for_acrt_thread_attach 00406c4e f   MSVCRT:ucrt_stubs.obj
 0001:00005c4e       ___vcrt_thread_attach      00406c4e f   MSVCRT:ucrt_stubs.obj
 0001:00005c51       ___acrt_thread_detach      00406c51 f   MSVCRT:ucrt_stubs.obj
 0001:00005c51       ___scrt_stub_for_acrt_thread_detach 00406c51 f   MSVCRT:ucrt_stubs.obj
 0001:00005c51       ___vcrt_thread_detach      00406c51 f   MSVCRT:ucrt_stubs.obj
 0001:00005c54       ___acrt_uninitialize       00406c54 f   MSVCRT:ucrt_stubs.obj
 0001:00005c54       ___scrt_stub_for_acrt_uninitialize 00406c54 f   MSVCRT:ucrt_stubs.obj
 0001:00005c54       ___vcrt_uninitialize       00406c54 f   MSVCRT:ucrt_stubs.obj
 0001:00005c57       ___acrt_uninitialize_critical 00406c57 f   MSVCRT:ucrt_stubs.obj
 0001:00005c57       ___scrt_stub_for_acrt_uninitialize_critical 00406c57 f   MSVCRT:ucrt_stubs.obj
 0001:00005c57       ___vcrt_uninitialize_critical 00406c57 f   MSVCRT:ucrt_stubs.obj
 0001:00005c5a       ___scrt_stub_for_is_c_termination_complete 00406c5a f   MSVCRT:ucrt_stubs.obj
 0001:00005c5a       __is_c_termination_complete 00406c5a f   MSVCRT:ucrt_stubs.obj
 0001:00005c5d       __filter_x86_sse2_floating_point_exception 00406c5d f   MSVCRT:x86_exception_filter.obj
 0001:00005c5d       __filter_x86_sse2_floating_point_exception_default 00406c5d f   MSVCRT:x86_exception_filter.obj
 0002:00000000       ___xc_a                    00408000     MSVCRT:initializers.obj
 0002:00000208       ___xc_z                    00408208     MSVCRT:initializers.obj
 0002:0000030c       ___xi_a                    0040830c     MSVCRT:initializers.obj
 0002:00000618       ___xi_z                    00408618     MSVCRT:initializers.obj
 0002:0000071c       ___xp_a                    0040871c     MSVCRT:initializers.obj
 0002:00000820       ___xp_z                    00408820     MSVCRT:initializers.obj
 0002:00000924       ___xt_a                    00408924     MSVCRT:initializers.obj
 0002:00000a28       ___xt_z                    00408a28     MSVCRT:initializers.obj
 0002:00000b48       ??_C@_0BJ@HEGAHDFO@Stack?5pointer?5corruption@ 00408b48     MSVCRT:userapi.obj
 0002:00000b68       ??_C@_0CK@FEGOIOPB@Cast?5to?5smaller?5type?5causing?5lo@ 00408b68     MSVCRT:userapi.obj
 0002:00000b9c       ??_C@_0BI@CIGMDCBH@Stack?5memory?5corruption@ 00408b9c     MSVCRT:userapi.obj
 0002:00000bb8       ??_C@_0CK@CNLNOEPB@Local?5variable?5used?5before?5init@ 00408bb8     MSVCRT:userapi.obj
 0002:00000bec       ??_C@_0BP@OGBCLIBO@Stack?5around?5_alloca?5corrupted@ 00408bec     MSVCRT:userapi.obj
 0002:00000cd0       ??_C@_0NN@JMPELKLB@The?5value?5of?5ESP?5was?5not?5proper@ 00408cd0     MSVCRT:error.obj
 0002:00000de0       ??_C@_0BBN@ELNNILBE@A?5cast?5to?5a?5smaller?5data?5type?5h@ 00408de0     MSVCRT:error.obj
 0002:00000f38       ??_C@_0BN@BPOGFMJL@Stack?5memory?5was?5corrupted?$AN?6@ 00408f38     MSVCRT:error.obj
 0002:00000f5c       ??_C@_0DG@DAJCDLPN@A?5local?5variable?5was?5used?5befor@ 00408f5c     MSVCRT:error.obj
 0002:00000f9c       ??_C@_0CM@JMIDGKLA@Stack?5memory?5around?5_alloca?5was@ 00408f9c     MSVCRT:error.obj
 0002:00000fd0       ??_C@_0BO@CHIONIOI@Unknown?5Runtime?5Check?5Error?$AN?6@ 00408fd0     MSVCRT:error.obj
 0002:00000ff8       ??_C@_1GM@CNOOJIHC@?$AAR?$AAu?$AAn?$AAt?$AAi?$AAm?$AAe?$AA?5?$AAC?$AAh?$AAe?$AAc?$AAk?$AA?5?$AAE@ 00408ff8     MSVCRT:error.obj
 0002:00001080       ??_C@_1EA@NFKNIFJP@?$AAR?$AAu?$AAn?$AA?9?$AAT?$AAi?$AAm?$AAe?$AA?5?$AAC?$AAh?$AAe?$AAc?$AAk?$AA?5@ 00409080     MSVCRT:error.obj
 0002:000010cc       ??_C@_0BB@PFFGGCJP@Unknown?5Filename@ 004090cc     MSVCRT:error.obj
 0002:000010e0       ??_C@_0BE@GNBOBNCK@Unknown?5Module?5Name@ 004090e0     MSVCRT:error.obj
 0002:000010f8       ??_C@_0CA@IODNCDPG@Run?9Time?5Check?5Failure?5?$CD?$CFd?5?9?5?$CFs@ 004090f8     MSVCRT:error.obj
 0002:00001120       ??_C@_0CG@IAFNJNEE@Stack?5corrupted?5near?5unknown?5va@ 00409120     MSVCRT:error.obj
 0002:00001150       ??_C@_05MKKEDADM@?$CF?42X?5@ 00409150     MSVCRT:error.obj
 0002:00001158       ??_C@_0EJ@LJKNEOLN@Stack?5area?5around?5_alloca?5memor@ 00409158     MSVCRT:error.obj
 0002:000011b0       ??_C@_01EEMJAFIK@?6@       004091b0     MSVCRT:error.obj
 0002:000011b4       ??_C@_02LLMPMKNF@?$DO?5@   004091b4     MSVCRT:error.obj
 0002:000011b8       ??_C@_08OMAHNMHJ@?6Data?3?5?$DM@ 004091b8     MSVCRT:error.obj
 0002:000011c4       ??_C@_0CK@DKGBICFE@?6Allocation?5number?5within?5this?5@ 004091c4     MSVCRT:error.obj
 0002:000011f8       ??_C@_07DFDJCKFN@?6Size?3?5@ 004091f8     MSVCRT:error.obj
 0002:00001204       ??_C@_0N@MHFFIMFG@?6Address?3?50x@ 00409204     MSVCRT:error.obj
 0002:00001218       ??_C@_0EI@CLEPFNGI@Stack?5area?5around?5_alloca?5memor@ 00409218     MSVCRT:error.obj
 0002:00001270       ??_C@_0BK@ODNDAGKB@?$CFs?$CFs?$CFp?$CFs?$CFzd?$CFs?$CFd?$CFs?$CFs?$CFs?$CFs?$CFs@ 00409270     MSVCRT:error.obj
 0002:00001290       ??_C@_0DE@OHJBPMBP@A?5variable?5is?5being?5used?5withou@ 00409290     MSVCRT:error.obj
 0002:000012f8       ??_C@_1EI@MLPKHBGE@?$AAa?$AAp?$AAi?$AA?9?$AAm?$AAs?$AA?9?$AAw?$AAi?$AAn?$AA?9?$AAc?$AAo?$AAr?$AAe@ 004092f8     MSVCRT:pdblkup.obj
 0002:00001350       ??_C@_1BK@JHLNAEJL@?$AAa?$AAd?$AAv?$AAa?$AAp?$AAi?$AA3?$AA2?$AA?4?$AAd?$AAl?$AAl@ 00409350     MSVCRT:pdblkup.obj
 0002:00001370       ??_C@_0O@COHOBMLB@RegOpenKeyExW@ 00409370     MSVCRT:pdblkup.obj
 0002:00001380       ??_C@_0BB@GLNAEDBD@RegQueryValueExW@ 00409380     MSVCRT:pdblkup.obj
 0002:00001394       ??_C@_0M@HLOHPNFA@RegCloseKey@ 00409394     MSVCRT:pdblkup.obj
 0002:000013a8       ??_C@_1HE@EBEAGLFB@?$AAS?$AAO?$AAF?$AAT?$AAW?$AAA?$AAR?$AAE?$AA?2?$AAW?$AAo?$AAw?$AA6?$AA4?$AA3@ 004093a8     MSVCRT:pdblkup.obj
 0002:00001434       ??_C@_1BG@EABPBLLF@?$AAP?$AAr?$AAo?$AAd?$AAu?$AAc?$AAt?$AAD?$AAi?$AAr@ 00409434     MSVCRT:pdblkup.obj
 0002:00001450       ??_C@_0BB@KCIACLNC@PDBOpenValidate5@ 00409450     MSVCRT:pdblkup.obj
 0002:00001464       ??_C@_01KDCPPGHE@r@        00409464     MSVCRT:pdblkup.obj
 0002:00001478       __load_config_used         00409478     MSVCRT:loadcfg.obj
 0002:00001700       ___CastGuardVftablesStart  00409700     MSVCRT:guard_support.obj
 0002:00001880       ___CastGuardVftablesEnd    00409880     MSVCRT:guard_support.obj
 0002:00001b68       ___rtc_iaa                 00409b68     MSVCRT:initsect.obj
 0002:00001d70       ___rtc_izz                 00409d70     MSVCRT:initsect.obj
 0002:00001e74       ___rtc_taa                 00409e74     MSVCRT:initsect.obj
 0002:0000207c       ___rtc_tzz                 0040a07c     MSVCRT:initsect.obj
 0003:00000000       _uid                       0040b000     vchat.obj
 0003:00000004       _ListenSocket              0040b004     vchat.obj
 0003:00000dac       ___scrt_native_dllmain_reason 0040bdac     MSVCRT:utility.obj
 0003:00000db0       ___scrt_default_matherr    0040bdb0     MSVCRT:matherr.obj
 0003:00000dc0       ?_RTC_ErrorLevels@@3PAHA   0040bdc0     MSVCRT:error.obj
 0003:00000dd8       ___isa_inverted            0040bdd8     MSVCRT:cpu_disp.obj
 0003:00000de0       ___isa_enabled             0040bde0     MSVCRT:cpu_disp.obj
 0003:00000e00       ___security_cookie         0040be00     MSVCRT:gs_cookie.obj
 0003:00000e40       ___security_cookie_complement 0040be40     MSVCRT:gs_cookie.obj
 0003:00000e54       ___scrt_ucrt_dll_is_in_use 0040be54     MSVCRT:ucrt_stubs.obj
 0003:00000f68       _cli_count                 0040bf68     vchat.obj
 0003:00000f6c       _MITM                      0040bf6c     vchat.obj
 0003:00001164       ___scrt_current_native_startup_state 0040c164     MSVCRT:utility.obj
 0003:00001168       ___scrt_native_startup_lock 0040c168     MSVCRT:utility.obj
 0003:00001190       ?__type_info_root_node@@3U__type_info_node@@A 0040c190     MSVCRT:tncleanup.obj
 0003:000011a0       ?_OptionsStorage@?1??__local_stdio_printf_options@@9@4_KA 0040c1a0     MSVCRT:default_local_stdio_options.obj
 0003:000011b0       ?_OptionsStorage@?1??__local_stdio_scanf_options@@9@4_KA 0040c1b0     MSVCRT:default_local_stdio_options.obj
 0003:000011bc       ___scrt_debugger_hook_flag 0040c1bc     MSVCRT:utility_desktop.obj
 0003:000011c0       ___castguard_check_failure_user_handled_fptr 0040c1c0     MSVCRT:guard_support.obj
 0003:000011c4       ___avx10_version           0040c1c4     MSVCRT:cpu_disp.obj
 0003:000011c8       ___isa_available           0040c1c8     MSVCRT:cpu_disp.obj
 0003:000011cc       ___favor                   0040c1cc     MSVCRT:cpu_disp.obj
 0003:000015a0       ?_OptionsStorage@?1??__local_stdio_printf_options@@9@9 0040c5a0     <common>
 0003:000015b4       _hInput                    0040c5b4     <common>
 0003:000015b8       _prev_mode                 0040c5b8     <common>
 0003:000015bc       _ghMutex                   0040c5bc     <common>
 0003:000015c0       ___dyn_tls_dtor_callback   0040c5c0     <common>
 0003:000015cc       ___dyn_tls_init_callback   0040c5cc     <common>
 0004:00000000       __imp__EssentialFunc1      0040d000     libessfunc:Essfun.dll
 0004:00000004       \177Essfun_NULL_THUNK_DATA 0040d004     libessfunc:Essfun.dll
 0004:00000030       __imp__GetStdHandle@4      0040d030     kernel32:KERNEL32.dll
 0004:00000034       __imp__CloseHandle@4       0040d034     kernel32:KERNEL32.dll
 0004:00000038       __imp__GetLastError@0      0040d038     kernel32:KERNEL32.dll
 0004:0000003c       __imp__HeapCreate@12       0040d03c     kernel32:KERNEL32.dll
 0004:00000040       __imp__HeapAlloc@12        0040d040     kernel32:KERNEL32.dll
 0004:00000044       __imp__HeapFree@12         0040d044     kernel32:KERNEL32.dll
 0004:00000048       __imp__ReleaseMutex@4      0040d048     kernel32:KERNEL32.dll
 0004:0000004c       __imp__WaitForSingleObject@8 0040d04c     kernel32:KERNEL32.dll
 0004:00000050       __imp__CreateMutexW@12     0040d050     kernel32:KERNEL32.dll
 0004:00000054       __imp__Sleep@4             0040d054     kernel32:KERNEL32.dll
 0004:00000058       __imp__CreateThread@24     0040d058     kernel32:KERNEL32.dll
 0004:0000005c       __imp__GetConsoleMode@8    0040d05c     kernel32:KERNEL32.dll
 0004:00000060       __imp__SetConsoleMode@8    0040d060     kernel32:KERNEL32.dll
 0004:00000064       __imp__SetConsoleCtrlHandler@8 0040d064     kernel32:KERNEL32.dll
 0004:00000068       __imp__GetCurrentProcess@0 0040d068     kernel32:KERNEL32.dll
 0004:0000006c       __imp__GetProcAddress@8    0040d06c     kernel32:KERNEL32.dll
 0004:00000070       __imp__FreeLibrary@4       0040d070     kernel32:KERNEL32.dll
 0004:00000074       __imp__VirtualQuery@12     0040d074     kernel32:KERNEL32.dll
 0004:00000078       __imp__GetProcessHeap@0    0040d078     kernel32:KERNEL32.dll
 0004:0000007c       __imp__WideCharToMultiByte@32 0040d07c     kernel32:KERNEL32.dll
 0004:00000080       __imp__MultiByteToWideChar@24 0040d080     kernel32:KERNEL32.dll
 0004:00000084       __imp__RaiseException@16   0040d084     kernel32:KERNEL32.dll
 0004:00000088       __imp__GetModuleHandleW@4  0040d088     kernel32:KERNEL32.dll
 0004:0000008c       __imp__IsProcessorFeaturePresent@4 0040d08c     kernel32:KERNEL32.dll
 0004:00000090       __imp__GetStartupInfoW@4   0040d090     kernel32:KERNEL32.dll
 0004:00000094       __imp__SetUnhandledExceptionFilter@4 0040d094     kernel32:KERNEL32.dll
 0004:00000098       __imp__UnhandledExceptionFilter@4 0040d098     kernel32:KERNEL32.dll
 0004:0000009c       __imp__IsDebuggerPresent@0 0040d09c     kernel32:KERNEL32.dll
 0004:000000a0       __imp__InitializeSListHead@4 0040d0a0     kernel32:KERNEL32.dll
 0004:000000a4       __imp__GetSystemTimeAsFileTime@4 0040d0a4     kernel32:KERNEL32.dll
 0004:000000a8       __imp__GetCurrentThreadId@0 0040d0a8     kernel32:KERNEL32.dll
 0004:000000ac       __imp__GetCurrentProcessId@0 0040d0ac     kernel32:KERNEL32.dll
 0004:000000b0       __imp__QueryPerformanceCounter@4 0040d0b0     kernel32:KERNEL32.dll
 0004:000000b4       __imp__TerminateProcess@8  0040d0b4     kernel32:KERNEL32.dll
 0004:000000b8       \177KERNEL32_NULL_THUNK_DATA 0040d0b8     kernel32:KERNEL32.dll
 0004:000000fc       __imp__SysStringByteLen@4  0040d0fc     oleaut32:OLEAUT32.dll
 0004:00000100       __imp__SysAllocString@4    0040d100     oleaut32:OLEAUT32.dll
 0004:00000104       \177OLEAUT32_NULL_THUNK_DATA 0040d104     oleaut32:OLEAUT32.dll
 0004:00000130       __imp____current_exception 0040d130     vcruntime:VCRUNTIME140.dll
 0004:00000134       __imp____vcrt_LoadLibraryExW 0040d134     vcruntime:VCRUNTIME140.dll
 0004:00000138       __imp___except_handler4_common 0040d138     vcruntime:VCRUNTIME140.dll
 0004:0000013c       __imp____std_type_info_destroy_list 0040d13c     vcruntime:VCRUNTIME140.dll
 0004:00000140       __imp____vcrt_GetModuleFileNameW 0040d140     vcruntime:VCRUNTIME140.dll
 0004:00000144       __imp____current_exception_context 0040d144     vcruntime:VCRUNTIME140.dll
 0004:00000148       __imp__memset              0040d148     vcruntime:VCRUNTIME140.dll
 0004:0000014c       __imp__memcpy              0040d14c     vcruntime:VCRUNTIME140.dll
 0004:00000150       \177VCRUNTIME140_NULL_THUNK_DATA 0040d150     vcruntime:VCRUNTIME140.dll
 0004:00000180       __imp__WSACleanup@0        0040d180     WS2_32:WS2_32.dll
 0004:00000184       __imp__WSAStartup@8        0040d184     WS2_32:WS2_32.dll
 0004:00000188       __imp__getaddrinfo@16      0040d188     WS2_32:WS2_32.dll
 0004:0000018c       __imp__bind@12             0040d18c     WS2_32:WS2_32.dll
 0004:00000190       __imp__closesocket@4       0040d190     WS2_32:WS2_32.dll
 0004:00000194       __imp__htons@4             0040d194     WS2_32:WS2_32.dll
 0004:00000198       __imp__accept@12           0040d198     WS2_32:WS2_32.dll
 0004:0000019c       __imp__freeaddrinfo@4      0040d19c     WS2_32:WS2_32.dll
 0004:000001a0       __imp__socket@12           0040d1a0     WS2_32:WS2_32.dll
 0004:000001a4       __imp__send@16             0040d1a4     WS2_32:WS2_32.dll
 0004:000001a8       __imp__recv@16             0040d1a8     WS2_32:WS2_32.dll
 0004:000001ac       __imp__listen@8            0040d1ac     WS2_32:WS2_32.dll
 0004:000001b0       __imp__inet_ntoa@4         0040d1b0     WS2_32:WS2_32.dll
 0004:000001b4       __imp__WSAGetLastError@0   0040d1b4     WS2_32:WS2_32.dll
 0004:000001b8       \177WS2_32_NULL_THUNK_DATA 0040d1b8     WS2_32:WS2_32.dll
 0004:000001ec       __imp__atoi                0040d1ec     ucrt:api-ms-win-crt-convert-l1-1-0.dll
 0004:000001f0       __imp__strtoul             0040d1f0     ucrt:api-ms-win-crt-convert-l1-1-0.dll
 0004:000001f4       \177api-ms-win-crt-convert-l1-1-0_NULL_THUNK_DATA 0040d1f4     ucrt:api-ms-win-crt-convert-l1-1-0.dll
 0004:00000220       __imp__malloc              0040d220     ucrt:api-ms-win-crt-heap-l1-1-0.dll
 0004:00000224       __imp__free                0040d224     ucrt:api-ms-win-crt-heap-l1-1-0.dll
 0004:00000228       __imp___set_new_mode       0040d228     ucrt:api-ms-win-crt-heap-l1-1-0.dll
 0004:0000022c       \177api-ms-win-crt-heap-l1-1-0_NULL_THUNK_DATA 0040d22c     ucrt:api-ms-win-crt-heap-l1-1-0.dll
 0004:00000258       __imp___configthreadlocale 0040d258     ucrt:api-ms-win-crt-locale-l1-1-0.dll
 0004:0000025c       \177api-ms-win-crt-locale-l1-1-0_NULL_THUNK_DATA 0040d25c     ucrt:api-ms-win-crt-locale-l1-1-0.dll
 0004:00000288       __imp____setusermatherr    0040d288     ucrt:api-ms-win-crt-math-l1-1-0.dll
 0004:0000028c       \177api-ms-win-crt-math-l1-1-0_NULL_THUNK_DATA 0040d28c     ucrt:api-ms-win-crt-math-l1-1-0.dll
 0004:000002b8       __imp___seh_filter_dll     0040d2b8     ucrt:api-ms-win-crt-runtime-l1-1-0.dll
 0004:000002bc       __imp___initialize_onexit_table 0040d2bc     ucrt:api-ms-win-crt-runtime-l1-1-0.dll
 0004:000002c0       __imp___register_onexit_function 0040d2c0     ucrt:api-ms-win-crt-runtime-l1-1-0.dll
 0004:000002c4       __imp___execute_onexit_table 0040d2c4     ucrt:api-ms-win-crt-runtime-l1-1-0.dll
 0004:000002c8       __imp____p___argv          0040d2c8     ucrt:api-ms-win-crt-runtime-l1-1-0.dll
 0004:000002cc       __imp___crt_at_quick_exit  0040d2cc     ucrt:api-ms-win-crt-runtime-l1-1-0.dll
 0004:000002d0       __imp___seh_filter_exe     0040d2d0     ucrt:api-ms-win-crt-runtime-l1-1-0.dll
 0004:000002d4       __imp__terminate           0040d2d4     ucrt:api-ms-win-crt-runtime-l1-1-0.dll
 0004:000002d8       __imp___initialize_narrow_environment 0040d2d8     ucrt:api-ms-win-crt-runtime-l1-1-0.dll
 0004:000002dc       __imp___configure_narrow_argv 0040d2dc     ucrt:api-ms-win-crt-runtime-l1-1-0.dll
 0004:000002e0       __imp___cexit              0040d2e0     ucrt:api-ms-win-crt-runtime-l1-1-0.dll
 0004:000002e4       __imp___set_app_type       0040d2e4     ucrt:api-ms-win-crt-runtime-l1-1-0.dll
 0004:000002e8       __imp___register_thread_local_exe_atexit_callback 0040d2e8     ucrt:api-ms-win-crt-runtime-l1-1-0.dll
 0004:000002ec       __imp____p___argc          0040d2ec     ucrt:api-ms-win-crt-runtime-l1-1-0.dll
 0004:000002f0       __imp___get_initial_narrow_environment 0040d2f0     ucrt:api-ms-win-crt-runtime-l1-1-0.dll
 0004:000002f4       __imp___exit               0040d2f4     ucrt:api-ms-win-crt-runtime-l1-1-0.dll
 0004:000002f8       __imp___controlfp_s        0040d2f8     ucrt:api-ms-win-crt-runtime-l1-1-0.dll
 0004:000002fc       __imp___c_exit             0040d2fc     ucrt:api-ms-win-crt-runtime-l1-1-0.dll
 0004:00000300       __imp__exit                0040d300     ucrt:api-ms-win-crt-runtime-l1-1-0.dll
 0004:00000304       __imp___initterm_e         0040d304     ucrt:api-ms-win-crt-runtime-l1-1-0.dll
 0004:00000308       __imp___crt_atexit         0040d308     ucrt:api-ms-win-crt-runtime-l1-1-0.dll
 0004:0000030c       __imp___initterm           0040d30c     ucrt:api-ms-win-crt-runtime-l1-1-0.dll
 0004:00000310       \177api-ms-win-crt-runtime-l1-1-0_NULL_THUNK_DATA 0040d310     ucrt:api-ms-win-crt-runtime-l1-1-0.dll
 0004:0000034c       __imp____acrt_iob_func     0040d34c     ucrt:api-ms-win-crt-stdio-l1-1-0.dll
 0004:00000350       __imp__fflush              0040d350     ucrt:api-ms-win-crt-stdio-l1-1-0.dll
 0004:00000354       __imp____stdio_common_vsprintf_s 0040d354     ucrt:api-ms-win-crt-stdio-l1-1-0.dll
 0004:00000358       __imp____stdio_common_vfprintf 0040d358     ucrt:api-ms-win-crt-stdio-l1-1-0.dll
 0004:0000035c       __imp____stdio_common_vsprintf 0040d35c     ucrt:api-ms-win-crt-stdio-l1-1-0.dll
 0004:00000360       __imp___set_fmode          0040d360     ucrt:api-ms-win-crt-stdio-l1-1-0.dll
 0004:00000364       __imp____p__commode        0040d364     ucrt:api-ms-win-crt-stdio-l1-1-0.dll
 0004:00000368       \177api-ms-win-crt-stdio-l1-1-0_NULL_THUNK_DATA 0040d368     ucrt:api-ms-win-crt-stdio-l1-1-0.dll
 0004:00000398       __imp__strcpy              0040d398     ucrt:api-ms-win-crt-string-l1-1-0.dll
 0004:0000039c       __imp__strcat_s            0040d39c     ucrt:api-ms-win-crt-string-l1-1-0.dll
 0004:000003a0       __imp__strncpy             0040d3a0     ucrt:api-ms-win-crt-string-l1-1-0.dll
 0004:000003a4       __imp__strncmp             0040d3a4     ucrt:api-ms-win-crt-string-l1-1-0.dll
 0004:000003a8       __imp__strlen              0040d3a8     ucrt:api-ms-win-crt-string-l1-1-0.dll
 0004:000003ac       __imp__strcpy_s            0040d3ac     ucrt:api-ms-win-crt-string-l1-1-0.dll
 0004:000003b0       \177api-ms-win-crt-string-l1-1-0_NULL_THUNK_DATA 0040d3b0     ucrt:api-ms-win-crt-string-l1-1-0.dll
 0004:000003e0       __IMPORT_DESCRIPTOR_Essfun 0040d3e0     libessfunc:Essfun.dll
 0004:000003f4       __IMPORT_DESCRIPTOR_KERNEL32 0040d3f4     kernel32:KERNEL32.dll
 0004:00000408       __IMPORT_DESCRIPTOR_OLEAUT32 0040d408     oleaut32:OLEAUT32.dll
 0004:0000041c       __IMPORT_DESCRIPTOR_WS2_32 0040d41c     WS2_32:WS2_32.dll
 0004:00000430       __IMPORT_DESCRIPTOR_VCRUNTIME140 0040d430     vcruntime:VCRUNTIME140.dll
 0004:00000444       __IMPORT_DESCRIPTOR_api-ms-win-crt-string-l1-1-0 0040d444     ucrt:api-ms-win-crt-string-l1-1-0.dll
 0004:00000458       __IMPORT_DESCRIPTOR_api-ms-win-crt-heap-l1-1-0 0040d458     ucrt:api-ms-win-crt-heap-l1-1-0.dll
 0004:0000046c       __IMPORT_DESCRIPTOR_api-ms-win-crt-convert-l1-1-0 0040d46c     ucrt:api-ms-win-crt-convert-l1-1-0.dll
 0004:00000480       __IMPORT_DESCRIPTOR_api-ms-win-crt-stdio-l1-1-0 0040d480     ucrt:api-ms-win-crt-stdio-l1-1-0.dll
 0004:00000494       __IMPORT_DESCRIPTOR_api-ms-win-crt-runtime-l1-1-0 0040d494     ucrt:api-ms-win-crt-runtime-l1-1-0.dll
 0004:000004a8       __IMPORT_DESCRIPTOR_api-ms-win-crt-math-l1-1-0 0040d4a8     ucrt:api-ms-win-crt-math-l1-1-0.dll
 0004:000004bc       __IMPORT_DESCRIPTOR_api-ms-win-crt-locale-l1-1-0 0040d4bc     ucrt:api-ms-win-crt-locale-l1-1-0.dll
 0004:000004d0       __NULL_IMPORT_DESCRIPTOR   0040d4d0     libessfunc:Essfun.dll
 0005:00000000       ___guard_check_icall_fptr  0040f000     MSVCRT:guard_support.obj
 0005:00000004       ___guard_xfg_check_icall_fptr 0040f004     MSVCRT:guard_support.obj
 0005:00000008       ___castguard_check_failure_os_handled_fptr 0040f008     MSVCRT:guard_support.obj

 entry point at        0001:00000014

 Static symbols

 0000:fffef000       .debug$S                   00400000     ucrt:api-ms-win-crt-convert-l1-1-0.dll
 0000:fffef000       .debug$S                   00400000     ucrt:api-ms-win-crt-convert-l1-1-0.dll
 0000:fffef000       .debug$S                   00400000     ucrt:api-ms-win-crt-heap-l1-1-0.dll
 0000:fffef000       .debug$S                   00400000     ucrt:api-ms-win-crt-heap-l1-1-0.dll
 0000:fffef000       .debug$S                   00400000     ucrt:api-ms-win-crt-heap-l1-1-0.dll
 0000:fffef000       .debug$S                   00400000     ucrt:api-ms-win-crt-locale-l1-1-0.dll
 0000:fffef000       .debug$S                   00400000     ucrt:api-ms-win-crt-math-l1-1-0.dll
 0000:fffef000       .debug$S                   00400000     ucrt:api-ms-win-crt-runtime-l1-1-0.dll
 0000:fffef000       .debug$S                   00400000     ucrt:api-ms-win-crt-runtime-l1-1-0.dll
 0000:fffef000       .debug$S                   00400000     ucrt:api-ms-win-crt-runtime-l1-1-0.dll
 0000:fffef000       .debug$S                   00400000     ucrt:api-ms-win-crt-runtime-l1-1-0.dll
 0000:fffef000       .debug$S                   00400000     ucrt:api-ms-win-crt-runtime-l1-1-0.dll
 0000:fffef000       .debug$S                   00400000     ucrt:api-ms-win-crt-runtime-l1-1-0.dll
 0000:fffef000       .debug$S                   00400000     ucrt:api-ms-win-crt-runtime-l1-1-0.dll
 0000:fffef000       .debug$S                   00400000     ucrt:api-ms-win-crt-runtime-l1-1-0.dll
 0000:fffef000       .debug$S                   00400000     ucrt:api-ms-win-crt-runtime-l1-1-0.dll
 0000:fffef000       .debug$S                   00400000     ucrt:api-ms-win-crt-runtime-l1-1-0.dll
 0000:fffef000       .debug$S                   00400000     ucrt:api-ms-win-crt-runtime-l1-1-0.dll
 0000:fffef000       .debug$S                   00400000     ucrt:api-ms-win-crt-runtime-l1-1-0.dll
 0000:fffef000       .debug$S                   00400000     ucrt:api-ms-win-crt-runtime-l1-1-0.dll
 0000:fffef000       .debug$S                   00400000     ucrt:api-ms-win-crt-runtime-l1-1-0.dll
 0000:fffef000       .debug$S                   00400000     ucrt:api-ms-win-crt-runtime-l1-1-0.dll
 0000:fffef000       .debug$S                   00400000     ucrt:api-ms-win-crt-runtime-l1-1-0.dll
 0000:fffef000       .debug$S                   00400000     ucrt:api-ms-win-crt-runtime-l1-1-0.dll
 0000:fffef000       .debug$S                   00400000     ucrt:api-ms-win-crt-runtime-l1-1-0.dll
 0000:fffef000       .debug$S                   00400000     ucrt:api-ms-win-crt-runtime-l1-1-0.dll
 0000:fffef000       .debug$S                   00400000     ucrt:api-ms-win-crt-runtime-l1-1-0.dll
 0000:fffef000       .debug$S                   00400000     ucrt:api-ms-win-crt-runtime-l1-1-0.dll
 0000:fffef000       .debug$S                   00400000     ucrt:api-ms-win-crt-runtime-l1-1-0.dll
 0000:fffef000       .debug$S                   00400000     ucrt:api-ms-win-crt-stdio-l1-1-0.dll
 0000:fffef000       .debug$S                   00400000     ucrt:api-ms-win-crt-stdio-l1-1-0.dll
 0000:fffef000       .debug$S                   00400000     ucrt:api-ms-win-crt-stdio-l1-1-0.dll
 0000:fffef000       .debug$S                   00400000     ucrt:api-ms-win-crt-stdio-l1-1-0.dll
 0000:fffef000       .debug$S                   00400000     ucrt:api-ms-win-crt-stdio-l1-1-0.dll
 0000:fffef000       .debug$S                   00400000     ucrt:api-ms-win-crt-stdio-l1-1-0.dll
 0000:fffef000       .debug$S                   00400000     ucrt:api-ms-win-crt-stdio-l1-1-0.dll
 0000:fffef000       .debug$S                   00400000     ucrt:api-ms-win-crt-string-l1-1-0.dll
 0000:fffef000       .debug$S                   00400000     ucrt:api-ms-win-crt-string-l1-1-0.dll
 0000:fffef000       .debug$S                   00400000     ucrt:api-ms-win-crt-string-l1-1-0.dll
 0000:fffef000       .debug$S                   00400000     ucrt:api-ms-win-crt-string-l1-1-0.dll
 0000:fffef000       .debug$S                   00400000     ucrt:api-ms-win-crt-string-l1-1-0.dll
 0000:fffef000       .debug$S                   00400000     ucrt:api-ms-win-crt-string-l1-1-0.dll
 0000:fffef000       .debug$S                   00400000     WS2_32:WS2_32.dll
 0000:fffef000       .debug$S                   00400000     WS2_32:WS2_32.dll
 0000:fffef000       .debug$S                   00400000     WS2_32:WS2_32.dll
 0000:fffef000       .debug$S                   00400000     WS2_32:WS2_32.dll
 0000:fffef000       .debug$S                   00400000     WS2_32:WS2_32.dll
 0000:fffef000       .debug$S                   00400000     WS2_32:WS2_32.dll
 0000:fffef000       .debug$S                   00400000     WS2_32:WS2_32.dll
 0000:fffef000       .debug$S                   00400000     WS2_32:WS2_32.dll
 0000:fffef000       .debug$S                   00400000     WS2_32:WS2_32.dll
 0000:fffef000       .debug$S                   00400000     WS2_32:WS2_32.dll
 0000:fffef000       .debug$S                   00400000     WS2_32:WS2_32.dll
 0000:fffef000       .debug$S                   00400000     WS2_32:WS2_32.dll
 0000:fffef000       .debug$S                   00400000     WS2_32:WS2_32.dll
 0000:fffef000       .debug$S                   00400000     WS2_32:WS2_32.dll
 0000:fffef000       .debug$S                   00400000     kernel32:KERNEL32.dll
 0000:fffef000       .debug$S                   00400000     kernel32:KERNEL32.dll
 0000:fffef000       .debug$S                   00400000     kernel32:KERNEL32.dll
 0000:fffef000       .debug$S                   00400000     kernel32:KERNEL32.dll
 0000:fffef000       .debug$S                   00400000     kernel32:KERNEL32.dll
 0000:fffef000       .debug$S                   00400000     kernel32:KERNEL32.dll
 0000:fffef000       .debug$S                   00400000     kernel32:KERNEL32.dll
 0000:fffef000       .debug$S                   00400000     kernel32:KERNEL32.dll
 0000:fffef000       .debug$S                   00400000     kernel32:KERNEL32.dll
 0000:fffef000       .debug$S                   00400000     kernel32:KERNEL32.dll
 0000:fffef000       .debug$S                   00400000     kernel32:KERNEL32.dll
 0000:fffef000       .debug$S                   00400000     kernel32:KERNEL32.dll
 0000:fffef000       .debug$S                   00400000     kernel32:KERNEL32.dll
 0000:fffef000       .debug$S                   00400000     kernel32:KERNEL32.dll
 0000:fffef000       .debug$S                   00400000     kernel32:KERNEL32.dll
 0000:fffef000       .debug$S                   00400000     kernel32:KERNEL32.dll
 0000:fffef000       .debug$S                   00400000     kernel32:KERNEL32.dll
 0000:fffef000       .debug$S                   00400000     kernel32:KERNEL32.dll
 0000:fffef000       .debug$S                   00400000     kernel32:KERNEL32.dll
 0000:fffef000       .debug$S                   00400000     kernel32:KERNEL32.dll
 0000:fffef000       .debug$S                   00400000     kernel32:KERNEL32.dll
 0000:fffef000       .debug$S                   00400000     kernel32:KERNEL32.dll
 0000:fffef000       .debug$S                   00400000     kernel32:KERNEL32.dll
 0000:fffef000       .debug$S                   00400000     kernel32:KERNEL32.dll
 0000:fffef000       .debug$S                   00400000     kernel32:KERNEL32.dll
 0000:fffef000       .debug$S                   00400000     kernel32:KERNEL32.dll
 0000:fffef000       .debug$S                   00400000     kernel32:KERNEL32.dll
 0000:fffef000       .debug$S                   00400000     kernel32:KERNEL32.dll
 0000:fffef000       .debug$S                   00400000     kernel32:KERNEL32.dll
 0000:fffef000       .debug$S                   00400000     kernel32:KERNEL32.dll
 0000:fffef000       .debug$S                   00400000     kernel32:KERNEL32.dll
 0000:fffef000       .debug$S                   00400000     kernel32:KERNEL32.dll
 0000:fffef000       .debug$S                   00400000     kernel32:KERNEL32.dll
 0000:fffef000       .debug$S                   00400000     kernel32:KERNEL32.dll
 0000:fffef000       .debug$S                   00400000     oleaut32:OLEAUT32.dll
 0000:fffef000       .debug$S                   00400000     oleaut32:OLEAUT32.dll
 0000:ffff1000       __guard_fids___except_handler4 00400000     MSVCRT:chandler4gs.obj
 0000:00000000       _volmd                     00400000     MSVCRT:cpu_disp.obj
 0000:ffff1000       __guard_fids_?pre_c_initialization@@YAHXZ 00400000     MSVCRT:exe_main.obj
 0000:ffff1000       __guard_fids__             00400000     MSVCRT:exe_main.obj
 0000:00000000       _volmd                     00400000     MSVCRT:gs_report.obj
 0000:ffff1000       __guard_fids__             00400000     MSVCRT:guard_support.obj
 0000:ffff1000       __guard_fids__             00400000     MSVCRT:guard_support.obj
 0000:ffff1000       __guard_fids___guard_icall_checks_enforced 00400000     MSVCRT:guard_support.obj
 0000:00000000       _volmd                     00400000     MSVCRT:guard_support.obj
 0000:00000000       _volmd                     00400000     MSVCRT:guard_support.obj
 0000:00000000       _volmd                     00400000     MSVCRT:guard_support.obj
 0000:00000000       _volmd                     00400000     MSVCRT:guard_support.obj
 0000:00000000       _volmd                     00400000     MSVCRT:guard_support.obj
 0000:00000000       _volmd                     00400000     MSVCRT:guard_support.obj
 0000:00000000       _volmd                     00400000     MSVCRT:guard_support.obj
 0000:00000000       _volmd                     00400000     MSVCRT:guard_support.obj
 0000:00000000       _volmd                     00400000     MSVCRT:guard_support.obj
 0000:ffff1000       __guard_fids____scrt_set_unhandled_exception_filter 00400000     MSVCRT:utility_desktop.obj
 0000:fffef000       .debug$S                   00400000     vcruntime:VCRUNTIME140.dll
 0000:fffef000       .debug$S                   00400000     vcruntime:VCRUNTIME140.dll
 0000:fffef000       .debug$S                   00400000     vcruntime:VCRUNTIME140.dll
 0000:fffef000       .debug$S                   00400000     vcruntime:VCRUNTIME140.dll
 0000:fffef000       .debug$S                   00400000     vcruntime:VCRUNTIME140.dll
 0000:fffef000       .debug$S                   00400000     vcruntime:VCRUNTIME140.dll
 0000:fffef000       .debug$S                   00400000     vcruntime:VCRUNTIME140.dll
 0000:fffef000       .debug$S                   00400000     vcruntime:VCRUNTIME140.dll
 0000:fffef000       .debug$S                   00400000     libessfunc:Essfun.dll
 0000:ffff1004       __guard_fids__             00400004     MSVCRT:exe_main.obj
 0000:ffff1008       __guard_fids__             00400008     MSVCRT:exe_main.obj
 0001:000033f1       ?pre_c_initialization@@YAHXZ 004043f1 f   MSVCRT:exe_main.obj
 0001:000034c6       ?post_pgo_initialization@@YAHXZ 004044c6 f   MSVCRT:exe_main.obj
 0001:000034d0       ?pre_cpp_initialization@@YAXXZ 004044d0 f   MSVCRT:exe_main.obj
 0001:000034e6       ?__scrt_common_main@@YAHXZ 004044e6 f   MSVCRT:exe_main.obj
 0001:000034f2       ?__scrt_common_main_seh@@YAHXZ 004044f2 f   MSVCRT:exe_main.obj
 0001:000036e9       ?invoke_main@@YAHXZ        004046e9 f   MSVCRT:exe_main.obj
 0001:000037eb       ?find_pe_section@@YAPAU_IMAGE_SECTION_HEADER@@QAEI@Z 004047eb f   MSVCRT:utility.obj
 0001:00003840       ?is_potentially_valid_image_base@@YA_NQAX@Z 00404840 f   MSVCRT:utility.obj
 0001:00003c37       ___get_entropy             00404c37 f   MSVCRT:gs_support.obj
 0001:00004090       $$000000                   00405090     MSVCRT:sehprolg4.obj
 0001:000040f0       $$000000                   004050f0     MSVCRT:sehprolg4.obj
 0001:000041e7       ___castguard_check_failure_os_handled_wrapper 004051e7 f   MSVCRT:guard_support.obj
 0001:0000423d       ___castguard_check_failure_user_handled_wrapper 0040523d f   MSVCRT:guard_support.obj
 0001:00004263       ___castguard_compat_check  00405263 f   MSVCRT:guard_support.obj
 0001:000043b1       ___castguard_slow_path_compat_check 004053b1 f   MSVCRT:guard_support.obj
 0001:000043e7       ?DebuggerProbe@@YA_NK@Z    004053e7 f   MSVCRT:error.obj
 0001:00004423       ?DebuggerRuntime@@YA_NKHPAXPB_W@Z 00405423 f   MSVCRT:error.obj
 0001:0000469e       ?_getMemBlockDataString@@YAXPAD0PBDI@Z 0040569e f   MSVCRT:error.obj
 0001:0000471d       ?_strlen_priv@@YAIPBD@Z    0040571d f   MSVCRT:error.obj
 0001:00004734       ?failwithmessage@@YAXPAXHHPBD@Z 00405734 f   MSVCRT:error.obj
 0001:00004a34       ?notify_debugger@@YAXABUtagEXCEPTION_VISUALCPP_DEBUG_INFO@@@Z 00405a34 f   MSVCRT:error.obj
 0001:00004fd2       ?GetPdbDll@@YAPAUHINSTANCE__@@XZ 00405fd2 f   MSVCRT:pdblkup.obj
 0001:00004ff0       ?GetPdbDllFromInstallPath@@YAPAUHINSTANCE__@@XZ 00405ff0 f   MSVCRT:pdblkup.obj
 0002:00000104       ?pre_cpp_initializer@@3P6AXXZA 00408104     MSVCRT:exe_main.obj
 0002:00000410       ?pre_c_initializer@@3P6AHXZA 00408410     MSVCRT:exe_main.obj
 0002:00000514       ?post_pgo_initializer@@3P6AHXZA 00408514     MSVCRT:exe_main.obj
 0002:00000b30       ?_RTC_errlist@@3QBQBDB     00408b30     MSVCRT:userapi.obj
 0002:00000c14       ?_RTC_ErrorMessages@@3QBQBDB 00408c14     MSVCRT:error.obj
 0002:00000c2c       ?_RTC_NoFalsePositives@@3QBHB 00408c2c     MSVCRT:error.obj
 0002:00000c44       ?stack_premsg@@3QBDB       00408c44     MSVCRT:error.obj
 0002:00000c60       ?stack_postmsg@@3QBDB      00408c60     MSVCRT:error.obj
 0002:00000c74       ?uninit_premsg@@3QBDB      00408c74     MSVCRT:error.obj
 0002:00000c84       ?uninit_postmsg@@3QBDB     00408c84     MSVCRT:error.obj
 0002:000012d0       ?mspdbName@@3QB_WB         004092d0     MSVCRT:pdblkup.obj
 0002:00001468       _GS_ExceptionPointers      00409468     MSVCRT:gs_report.obj
 0002:00001c6c       __RTC_InitBase.rtc$IMZ     00409c6c     vchat.obj
 0002:00001f78       __RTC_Shutdown.rtc$TMZ     00409f78     vchat.obj
 0002:00002180       __sehtable$?__scrt_common_main_seh@@YAHXZ 0040a180     MSVCRT:exe_main.obj
 0002:000021a0       __sehtable$___scrt_is_nonwritable_in_current_image 0040a1a0     MSVCRT:utility.obj
 0002:000021c0       __sehtable$?notify_debugger@@YAXABUtagEXCEPTION_VISUALCPP_DEBUG_INFO@@@Z 0040a1c0     MSVCRT:error.obj
 0003:00000008       $SG67745                   0040b008     vchat.obj
 0003:00000020       $SG67746                   0040b020     vchat.obj
 0003:00000038       $SG67751                   0040b038     vchat.obj
 0003:00000050       $SG67774                   0040b050     vchat.obj
 0003:00000084       $SG67777                   0040b084     vchat.obj
 0003:000000a4       $SG67779                   0040b0a4     vchat.obj
 0003:000000c0       $SG67793                   0040b0c0     vchat.obj
 0003:000000f4       $SG67797                   0040b0f4     vchat.obj
 0003:00000118       $SG67799                   0040b118     vchat.obj
 0003:00000138       $SG67818                   0040b138     vchat.obj
 0003:00000158       $SG67820                   0040b158     vchat.obj
 0003:00000174       $SG67833                   0040b174     vchat.obj
 0003:00000198       $SG67835                   0040b198     vchat.obj
 0003:000001b8       $SG67869                   0040b1b8     vchat.obj
 0003:000001dc       $SG67871                   0040b1dc     vchat.obj
 0003:00000200       $SG67873                   0040b200     vchat.obj
 0003:00000220       $SG67875                   0040b220     vchat.obj
 0003:00000240       $SG67877                   0040b240     vchat.obj
 0003:00000260       $SG67878                   0040b260     vchat.obj
 0003:00000284       $SG67881                   0040b284     vchat.obj
 0003:000002a4       $SG67882                   0040b2a4     vchat.obj
 0003:000002d0       $SG67884                   0040b2d0     vchat.obj
 0003:000002ec       $SG67885                   0040b2ec     vchat.obj
 0003:000002f8       $SG67886                   0040b2f8     vchat.obj
 0003:000002fc       $SG67887                   0040b2fc     vchat.obj
 0003:00000300       $SG67895                   0040b300     vchat.obj
 0003:00000330       $SG67983                   0040b330     vchat.obj
 0003:00000370       $SG67984                   0040b370     vchat.obj
 0003:00000380       $SG67985                   0040b380     vchat.obj
 0003:00000390       $SG67986                   0040b390     vchat.obj
 0003:00000394       $SG68222                   0040b394     vchat.obj
 0003:00000398       $SG68014                   0040b398     vchat.obj
 0003:00000470       $SG68016                   0040b470     vchat.obj
 0003:00000474       $SG68019                   0040b474     vchat.obj
 0003:0000047c       $SG68020                   0040b47c     vchat.obj
 0003:00000498       $SG68023                   0040b498     vchat.obj
 0003:000004a4       $SG68027                   0040b4a4     vchat.obj
 0003:000004ac       $SG68029                   0040b4ac     vchat.obj
 0003:000004d4       $SG68031                   0040b4d4     vchat.obj
 0003:000004e0       $SG68032                   0040b4e0     vchat.obj
 0003:00000518       $SG68034                   0040b518     vchat.obj
 0003:00000520       $SG68037                   0040b520     vchat.obj
 0003:0000053c       $SG68039                   0040b53c     vchat.obj
 0003:00000548       $SG68040                   0040b548     vchat.obj
 0003:00000558       $SG68041                   0040b558     vchat.obj
 0003:00000564       $SG68043                   0040b564     vchat.obj
 0003:00000570       $SG68113                   0040b570     vchat.obj
 0003:000005a4       $SG68114                   0040b5a4     vchat.obj
 0003:000005b8       $SG68116                   0040b5b8     vchat.obj
 0003:000005d8       $SG68121                   0040b5d8     vchat.obj
 0003:000005e0       $SG68122                   0040b5e0     vchat.obj
 0003:00000610       $SG68125                   0040b610     vchat.obj
 0003:00000618       $SG68126                   0040b618     vchat.obj
 0003:0000073c       $SG68129                   0040b73c     vchat.obj
 0003:00000744       $SG68130                   0040b744     vchat.obj
 0003:00000758       $SG68133                   0040b758     vchat.obj
 0003:00000760       $SG68134                   0040b760     vchat.obj
 0003:0000077c       $SG68137                   0040b77c     vchat.obj
 0003:00000784       $SG68138                   0040b784     vchat.obj
 0003:000007a0       $SG68141                   0040b7a0     vchat.obj
 0003:000007a8       $SG68142                   0040b7a8     vchat.obj
 0003:000007b8       $SG68145                   0040b7b8     vchat.obj
 0003:000007c0       $SG68147                   0040b7c0     vchat.obj
 0003:000007d0       $SG68150                   0040b7d0     vchat.obj
 0003:000007d8       $SG68151                   0040b7d8     vchat.obj
 0003:000007f0       $SG68153                   0040b7f0     vchat.obj
 0003:000007f4       $SG68155                   0040b7f4     vchat.obj
 0003:00000800       $SG68156                   0040b800     vchat.obj
 0003:00000808       $SG68157                   0040b808     vchat.obj
 0003:00000818       $SG68160                   0040b818     vchat.obj
 0003:00000820       $SG68165                   0040b820     vchat.obj
 0003:00000828       $SG68168                   0040b828     vchat.obj
 0003:00000830       $SG68169                   0040b830     vchat.obj
 0003:00000840       $SG68172                   0040b840     vchat.obj
 0003:00000848       $SG68173                   0040b848     vchat.obj
 0003:00000858       $SG68176                   0040b858     vchat.obj
 0003:00000860       $SG68177                   0040b860     vchat.obj
 0003:00000870       $SG68180                   0040b870     vchat.obj
 0003:00000878       $SG68181                   0040b878     vchat.obj
 0003:00000888       $SG68184                   0040b888     vchat.obj
 0003:00000890       $SG68185                   0040b890     vchat.obj
 0003:000008a0       $SG68190                   0040b8a0     vchat.obj
 0003:000008a8       $SG68191                   0040b8a8     vchat.obj
 0003:000008b8       $SG68194                   0040b8b8     vchat.obj
 0003:000008c0       $SG68195                   0040b8c0     vchat.obj
 0003:000008d4       $SG68198                   0040b8d4     vchat.obj
 0003:000008dc       $SG68199                   0040b8dc     vchat.obj
 0003:000008ec       $SG68202                   0040b8ec     vchat.obj
 0003:000008f4       $SG68203                   0040b8f4     vchat.obj
 0003:00000908       $SG68206                   0040b908     vchat.obj
 0003:00000910       $SG68210                   0040b910     vchat.obj
 0003:00000920       $SG68213                   0040b920     vchat.obj
 0003:00000928       $SG68214                   0040b928     vchat.obj
 0003:00000938       $SG68217                   0040b938     vchat.obj
 0003:00000940       $SG68218                   0040b940     vchat.obj
 0003:0000094c       $SG68219                   0040b94c     vchat.obj
 0003:00000964       $SG68223                   0040b964     vchat.obj
 0003:00000978       $SG68225                   0040b978     vchat.obj
 0003:00000998       $SG68228                   0040b998     vchat.obj
 0003:000009b0       $SG68230                   0040b9b0     vchat.obj
 0003:000009d0       $SG68244                   0040b9d0     vchat.obj
 0003:00000a40       $SG68247                   0040ba40     vchat.obj
 0003:00000a48       $SG68252                   0040ba48     vchat.obj
 0003:00000a50       $SG68253                   0040ba50     vchat.obj
 0003:00000a58       $SG68254                   0040ba58     vchat.obj
 0003:00000a60       $SG68255                   0040ba60     vchat.obj
 0003:00000a88       $SG68256                   0040ba88     vchat.obj
 0003:00000b2c       $SG68258                   0040bb2c     vchat.obj
 0003:00000b4c       $SG68260                   0040bb4c     vchat.obj
 0003:00000f70       _clients                   0040bf70     vchat.obj
 0003:00001100       _end_flag                  0040c100     vchat.obj
 0003:00001156       ?init@?1??_RTC_InitBase@@9@4_NA 0040c156     MSVCRT:init.obj
 0003:00001158       ?_RTC_ErrorReportFunc@@3P6AHHPBDH00ZZA 0040c158     MSVCRT:userapi.obj
 0003:0000115c       ?_RTC_ErrorReportFuncW@@3P6AHHPB_WH00ZZA 0040c15c     MSVCRT:userapi.obj
 0003:0000116c       ?is_initialized_as_dll@@3_NA 0040c16c     MSVCRT:utility.obj
 0003:0000116d       ?module_local_atexit_table_initialized@@3_NA 0040c16d     MSVCRT:utility.obj
 0003:00001170       ?module_local_atexit_table@@3U_onexit_table_t@@A 0040c170     MSVCRT:utility.obj
 0003:0000117c       ?module_local_at_quick_exit_table@@3U_onexit_table_t@@A 0040c17c     MSVCRT:utility.obj
 0003:000011d4       ?mspdb@@3PAUHINSTANCE__@@A 0040c1d4     MSVCRT:pdblkup.obj
 0003:000011d8       ?alreadyTried@?1??GetPdbDll@@YAPAUHINSTANCE__@@XZ@4_NA 0040c1d8     MSVCRT:pdblkup.obj
 0003:000011d9       ?PDBOK@?1??_RTC_GetSrcLine@@YAHPAEPA_WKPAH1K@Z@4_NA 0040c1d9     MSVCRT:pdblkup.obj
 0003:000011e0       _GS_ExceptionRecord        0040c1e0     MSVCRT:gs_report.obj
 0003:00001230       _GS_ContextRecord          0040c230     MSVCRT:gs_report.obj
 0004:000008d6       .idata$6                   0040d8d6     libessfunc:Essfun.dll
 0004:000009c0       .idata$6                   0040d9c0     kernel32:KERNEL32.dll
 0004:000009ce       .idata$6                   0040d9ce     oleaut32:OLEAUT32.dll
 0004:000009fa       .idata$6                   0040d9fa     WS2_32:WS2_32.dll
 0004:00000abc       .idata$6                   0040dabc     vcruntime:VCRUNTIME140.dll
 0004:00000da0       .idata$6                   0040dda0     ucrt:api-ms-win-crt-string-l1-1-0.dll
 0004:00000dc2       .idata$6                   0040ddc2     ucrt:api-ms-win-crt-heap-l1-1-0.dll
 0004:00000de2       .idata$6                   0040dde2     ucrt:api-ms-win-crt-convert-l1-1-0.dll
 0004:00000e04       .idata$6                   0040de04     ucrt:api-ms-win-crt-stdio-l1-1-0.dll
 0004:00000e24       .idata$6                   0040de24     ucrt:api-ms-win-crt-runtime-l1-1-0.dll
 0004:00000e46       .idata$6                   0040de46     ucrt:api-ms-win-crt-math-l1-1-0.dll
 0004:00000e66       .idata$6                   0040de66     ucrt:api-ms-win-crt-locale-l1-1-0.dll
 0006:00000170       $R000000                   00410170     * linker generated manifest res *

 Exports

  ordinal    name

