 Essfun

 Timestamp is 661c02cc (Sun Apr 14 12:22:36 2024)

 Preferred load address is 62500000

 Start         Length     Name                   Class
 0001:00000000 000022f8H .text$mn                CODE
 0002:00000000 000000d8H .idata$5                DATA
 0002:000000d8 0000000cH .00cfg                  DATA
 0002:000000e4 00000004H .CRT$XCA                DATA
 0002:000000e8 00000004H .CRT$XCZ                DATA
 0002:000000ec 00000004H .CRT$XIA                DATA
 0002:000000f0 00000004H .CRT$XIZ                DATA
 0002:000000f4 00000004H .CRT$XPA                DATA
 0002:000000f8 00000004H .CRT$XPZ                DATA
 0002:000000fc 00000004H .CRT$XTA                DATA
 0002:00000100 00000008H .CRT$XTZ                DATA
 0002:00000104 00000000H .gfids$y                DATA
 0002:00000108 00000938H .rdata                  DATA
 0002:00000a40 00000040H .rdata$CastGuardVftablesA DATA
 0002:00000a80 00000040H .rdata$CastGuardVftablesC DATA
 0002:00000ac0 00000080H .rdata$voltmd           DATA
 0002:00000b40 0000031cH .rdata$zzzdbg           DATA
 0002:00000e5c 00000004H .rtc$IAA                DATA
 0002:00000e60 00000004H .rtc$IMZ                DATA
 0002:00000e64 00000004H .rtc$IZZ                DATA
 0002:00000e68 00000004H .rtc$TAA                DATA
 0002:00000e6c 00000004H .rtc$TMZ                DATA
 0002:00000e70 00000008H .rtc$TZZ                DATA
 0002:00000e78 000000a8H .xdata$x                DATA
 0002:00000f20 00000198H .edata                  DATA
 0002:000010b8 00000064H .idata$2                DATA
 0002:0000111c 00000014H .idata$3                DATA
 0002:00001130 000000d8H .idata$4                DATA
 0002:00001208 0000047eH .idata$6                DATA
 0003:00000000 00000090H .data                   DATA
 0003:00000090 00000394H .bss                    DATA
 0004:00000000 00000060H .rsrc$01                DATA
 0004:00000060 00000098H .rsrc$02                DATA

  Address         Publics by Value              Rva+Base       Lib:Object

 0000:00000000       ___AbsoluteZero            00000000     <absolute>
 0000:00000000       ___arm64x_extra_rfe_table  00000000     <absolute>
 0000:00000000       ___arm64x_extra_rfe_table_size 00000000     <absolute>
 0000:00000000       ___arm64x_native_entrypoint 00000000     <absolute>
 0000:00000000       ___arm64x_redirection_metadata 00000000     <absolute>
 0000:00000000       ___arm64x_redirection_metadata_count 00000000     <absolute>
 0000:00000000       ___dynamic_value_reloc_table 00000000     <absolute>
 0000:00000000       ___enclave_config          00000000     <absolute>
 0000:00000000       ___guard_check_icall_a64n_fptr 00000000     <absolute>
 0000:00000000       ___guard_eh_cont_count     00000000     <absolute>
 0000:00000000       ___guard_eh_cont_table     00000000     <absolute>
 0000:00000000       ___guard_fids_count        00000000     <absolute>
 0000:00000000       ___guard_fids_table        00000000     <absolute>
 0000:00000000       ___guard_iat_count         00000000     <absolute>
 0000:00000000       ___guard_iat_table         00000000     <absolute>
 0000:00000000       ___guard_longjmp_count     00000000     <absolute>
 0000:00000000       ___guard_longjmp_table     00000000     <absolute>
 0000:00000000       ___hybrid_auxiliary_delayload_iat 00000000     <absolute>
 0000:00000000       ___hybrid_auxiliary_delayload_iat_copy 00000000     <absolute>
 0000:00000000       ___hybrid_auxiliary_iat    00000000     <absolute>
 0000:00000000       ___hybrid_auxiliary_iat_copy 00000000     <absolute>
 0000:00000000       ___hybrid_code_map         00000000     <absolute>
 0000:00000000       ___hybrid_code_map_count   00000000     <absolute>
 0000:00000000       ___hybrid_image_info_bitfield 00000000     <absolute>
 0000:00000000       ___safe_se_handler_count   00000000     <absolute>
 0000:00000000       ___safe_se_handler_table   00000000     <absolute>
 0000:00000000       ___x64_code_ranges_to_entry_points 00000000     <absolute>
 0000:00000000       ___x64_code_ranges_to_entry_points_count 00000000     <absolute>
 0000:00000100       ___guard_flags             00000100     <absolute>
 0000:00000000       ___ImageBase               62500000     <linker-defined>
 0001:00000000       _EssentialFunc1            62501000 f   essfunc.obj
 0001:00000030       _EssentialFunc10           62501030 f   essfunc.obj
 0001:00000060       _EssentialFunc11           62501060 f   essfunc.obj
 0001:00000080       _EssentialFunc12           62501080 f   essfunc.obj
 0001:000000c0       _EssentialFunc13           625010c0 f   essfunc.obj
 0001:000000f0       _EssentialFunc14           625010f0 f   essfunc.obj
 0001:00000120       _EssentialFunc2            62501120 f   essfunc.obj
 0001:00000140       _EssentialFunc3            62501140 f   essfunc.obj
 0001:00000160       _EssentialFunc4            62501160 f   essfunc.obj
 0001:00000180       _EssentialFunc5            62501180 f   essfunc.obj
 0001:000001a0       _EssentialFunc6            625011a0 f   essfunc.obj
 0001:000001c0       _EssentialFunc7            625011c0 f   essfunc.obj
 0001:000001e0       _EssentialFunc8            625011e0 f   essfunc.obj
 0001:00000200       _EssentialFunc9            62501200 f   essfunc.obj
 0001:00000220       ___local_stdio_printf_options 62501220 f i essfunc.obj
 0001:00000240       __vfprintf_l               62501240 f i essfunc.obj
 0001:00000280       _printf                    62501280 f i essfunc.obj
 0001:000002c1       __CRT_RTC_INIT             625012c1 f   MSVCRT:init.obj
 0001:000002c4       __CRT_RTC_INITW            625012c4 f   MSVCRT:init.obj
 0001:000002c7       __RTC_InitBase             625012c7 f   MSVCRT:init.obj
 0001:000002e0       __RTC_Shutdown             625012e0 f   MSVCRT:init.obj
 0001:00000623       __CRT_INIT@12              62501623 f   MSVCRT:dll_dllmain.obj
 0001:0000062c       __DllMainCRTStartup@12     6250162c f   MSVCRT:dll_dllmain.obj
 0001:0000064f       ?_RTC_GetErrorFunc@@YAP6AHHPBDH00ZZPBX@Z 6250164f f   MSVCRT:userapi.obj
 0001:00000655       ?_RTC_GetErrorFuncW@@YAP6AHHPB_WH00ZZPBX@Z 62501655 f   MSVCRT:userapi.obj
 0001:0000065b       __RTC_GetErrDesc           6250165b f   MSVCRT:userapi.obj
 0001:00000673       __RTC_NumErrors            62501673 f   MSVCRT:userapi.obj
 0001:00000677       __RTC_SetErrorFunc         62501677 f   MSVCRT:userapi.obj
 0001:00000691       __RTC_SetErrorFuncW        62501691 f   MSVCRT:userapi.obj
 0001:000006ab       __RTC_SetErrorType         625016ab f   MSVCRT:userapi.obj
 0001:0000071b       ___security_init_cookie    6250171b f   MSVCRT:gs_support.obj
 0001:00000766       _DllMain@12                62501766 f   MSVCRT:dll_dllmain_stub.obj
 0001:00000788       ?__scrt_initialize_type_info@@YAXXZ 62501788 f   MSVCRT:tncleanup.obj
 0001:00000794       ?__scrt_uninitialize_type_info@@YAXXZ 62501794 f   MSVCRT:tncleanup.obj
 0001:000007a0       ___local_stdio_scanf_options 625017a0 f i MSVCRT:default_local_stdio_options.obj
 0001:000007a6       ___scrt_initialize_default_local_stdio_options 625017a6 f   MSVCRT:default_local_stdio_options.obj
 0001:000007c3       ?configure_argv@__scrt_narrow_argv_policy@@SAHXZ 625017c3 f i MSVCRT:utility.obj
 0001:00000814       ?initialize_environment@__scrt_narrow_environment_policy@@SAHXZ 62501814 f i MSVCRT:utility.obj
 0001:0000084c       _NtCurrentTeb              6250184c f i MSVCRT:utility.obj
 0001:00000853       ___scrt_acquire_startup_lock 62501853 f   MSVCRT:utility.obj
 0001:00000885       ___scrt_dllmain_after_initialize_c 62501885 f   MSVCRT:utility.obj
 0001:000008b0       ___scrt_dllmain_before_initialize_c 625018b0 f   MSVCRT:utility.obj
 0001:000008be       ___scrt_dllmain_crt_thread_attach 625018be f   MSVCRT:utility.obj
 0001:000008dd       ___scrt_dllmain_crt_thread_detach 625018dd f   MSVCRT:utility.obj
 0001:000008ea       ___scrt_dllmain_exception_filter 625018ea f   MSVCRT:utility.obj
 0001:0000091e       ___scrt_dllmain_uninitialize_c 6250191e f   MSVCRT:utility.obj
 0001:00000941       ___scrt_dllmain_uninitialize_critical 62501941 f   MSVCRT:utility.obj
 0001:0000094e       ___scrt_initialize_crt     6250194e f   MSVCRT:utility.obj
 0001:00000987       ___scrt_initialize_onexit_tables 62501987 f   MSVCRT:utility.obj
 0001:00000a0e       ___scrt_is_nonwritable_in_current_image 62501a0e f   MSVCRT:utility.obj
 0001:00000aa2       ___scrt_release_startup_lock 62501aa2 f   MSVCRT:utility.obj
 0001:00000abf       ___scrt_uninitialize_crt   62501abf f   MSVCRT:utility.obj
 0001:00000ae7       __onexit                   62501ae7 f   MSVCRT:utility.obj
 0001:00000b14       _at_quick_exit             62501b14 f   MSVCRT:utility.obj
 0001:00000b37       _atexit                    62501b37 f   MSVCRT:utility.obj
 0001:00000b4c       ___scrt_get_dyn_tls_init_callback 62501b4c f   MSVCRT:dyn_tls_init.obj
 0001:00000b52       ___scrt_fastfail           62501b52 f   MSVCRT:utility_desktop.obj
 0001:00000c67       ___scrt_get_show_window_mode 62501c67 f   MSVCRT:utility_desktop.obj
 0001:00000c98       ___scrt_initialize_mta     62501c98 f   MSVCRT:utility_desktop.obj
 0001:00000c9d       ___scrt_initialize_winrt   62501c9d f   MSVCRT:utility_desktop.obj
 0001:00000ca0       ___scrt_is_managed_app     62501ca0 f   MSVCRT:utility_desktop.obj
 0001:00000ce2       ___scrt_set_unhandled_exception_filter 62501ce2 f   MSVCRT:utility_desktop.obj
 0001:00000cee       ___scrt_exe_initialize_mta 62501cee f   MSVCRT:utility_desktop.obj
 0001:00000cee       ___scrt_stub_for_initialize_mta 62501cee f   MSVCRT:utility_desktop.obj
 0001:00000cf1       ___scrt_unhandled_exception_filter@4 62501cf1 f   MSVCRT:utility_desktop.obj
 0001:00000d47       __crt_debugger_hook        62501d47 f   MSVCRT:utility_desktop.obj
 0001:00000d4f       __RTC_Initialize           62501d4f f   MSVCRT:initsect.obj
 0001:00000d7b       __RTC_Terminate            62501d7b f   MSVCRT:initsect.obj
 0001:00000db0       __SEH_prolog4              62501db0 f   MSVCRT:sehprolg4.obj
 0001:00000e00       __SEH_epilog4              62501e00 f   MSVCRT:sehprolg4.obj
 0001:00000e14       __except_handler4          62501e14 f   MSVCRT:chandler4gs.obj
 0001:00000e43       @_guard_check_icall_nop@4  62501e43 f i MSVCRT:guard_support.obj
 0001:00000e46       _ReadNoFence               62501e46 f i MSVCRT:guard_support.obj
 0001:00000e50       _ReadPointerNoFence        62501e50 f i MSVCRT:guard_support.obj
 0001:00000e5a       __InlineInterlockedExchangePointer 62501e5a f i MSVCRT:guard_support.obj
 0001:00000e67       ___castguard_check_failure_debugbreak 62501e67 f i MSVCRT:guard_support.obj
 0001:00000e82       ___castguard_check_failure_fastfail 62501e82 f i MSVCRT:guard_support.obj
 0001:00000ea1       ___castguard_check_failure_nop 62501ea1 f i MSVCRT:guard_support.obj
 0001:00000ea4       ___castguard_check_failure_os_handled 62501ea4 f i MSVCRT:guard_support.obj
 0001:00000edb       ___castguard_check_failure_user_handled 62501edb f i MSVCRT:guard_support.obj
 0001:00000f49       ___castguard_set_user_handler 62501f49 f i MSVCRT:guard_support.obj
 0001:00000f58       ___castguard_slow_path_check_debugbreak 62501f58 f i MSVCRT:guard_support.obj
 0001:00000f85       ___castguard_slow_path_check_fastfail 62501f85 f i MSVCRT:guard_support.obj
 0001:00000fb6       ___castguard_slow_path_check_nop 62501fb6 f i MSVCRT:guard_support.obj
 0001:00000fb9       ___castguard_slow_path_check_os_handled 62501fb9 f i MSVCRT:guard_support.obj
 0001:00000ff5       ___castguard_slow_path_check_user_handled 62501ff5 f i MSVCRT:guard_support.obj
 0001:00001056       __guard_icall_checks_enforced 62502056 f i MSVCRT:guard_support.obj
 0001:000010da       ?_RTC_AllocaFailure@@YAXPAXPAU_RTC_ALLOCA_NODE@@H@Z 625020da f   MSVCRT:error.obj
 0001:000011b3       ?_RTC_Failure@@YAXPAXH@Z   625021b3 f   MSVCRT:error.obj
 0001:000011ef       ?_RTC_StackFailure@@YAXPAXPBD@Z 625021ef f   MSVCRT:error.obj
 0001:000015c6       __RTC_UninitUse            625025c6 f   MSVCRT:error.obj
 0001:00001665       __vsprintf_s_l             62502665 f i MSVCRT:error.obj
 0001:00001692       _sprintf_s                 62502692 f i MSVCRT:error.obj
 0001:000016ae       ___isa_available_init      625026ae f   MSVCRT:cpu_disp.obj
 0001:00001882       __get_startup_argv_mode    62502882 f   MSVCRT:argv_mode.obj
 0001:00001886       ___scrt_is_ucrt_dll_in_use 62502886 f   MSVCRT:ucrt_detection.obj
 0001:00001892       @__security_check_cookie@4 62502892 f   MSVCRT:secchk.obj
 0001:00001aa4       ?_RTC_GetSrcLine@@YAHPAEPA_WKPAH1K@Z 62502aa4 f   MSVCRT:pdblkup.obj
 0001:00001df0       __except_handler4_noexcept 62502df0 f   MSVCRT:chandler4_noexcept.obj
 0001:00001e36       ___raise_securityfailure   62502e36 f   MSVCRT:gs_report.obj
 0001:00001e5e       ___report_gsfailure        62502e5e f   MSVCRT:gs_report.obj
 0001:00001f58       ___report_rangecheckfailure 62502f58 f   MSVCRT:gs_report.obj
 0001:00001f64       ___report_securityfailure  62502f64 f   MSVCRT:gs_report.obj
 0001:00002033       ___report_securityfailureEx 62503033 f   MSVCRT:gs_report.obj
 0001:00002148       ___std_type_info_destroy_list 62503148 f   vcruntime:VCRUNTIME140.dll
 0001:0000214e       ___current_exception       6250314e f   vcruntime:VCRUNTIME140.dll
 0001:00002154       ___current_exception_context 62503154 f   vcruntime:VCRUNTIME140.dll
 0001:0000215a       _memset                    6250315a f   vcruntime:VCRUNTIME140.dll
 0001:00002160       __except_handler4_common   62503160 f   vcruntime:VCRUNTIME140.dll
 0001:00002166       ___vcrt_GetModuleFileNameW 62503166 f   vcruntime:VCRUNTIME140.dll
 0001:0000216c       ___vcrt_LoadLibraryExW     6250316c f   vcruntime:VCRUNTIME140.dll
 0001:00002172       ___acrt_iob_func           62503172 f   ucrt:api-ms-win-crt-stdio-l1-1-0.dll
 0001:00002178       ___stdio_common_vfprintf   62503178 f   ucrt:api-ms-win-crt-stdio-l1-1-0.dll
 0001:0000217e       _strcpy                    6250317e f   ucrt:api-ms-win-crt-string-l1-1-0.dll
 0001:00002184       __initterm                 62503184 f   ucrt:api-ms-win-crt-runtime-l1-1-0.dll
 0001:0000218a       __initterm_e               6250318a f   ucrt:api-ms-win-crt-runtime-l1-1-0.dll
 0001:00002190       __seh_filter_dll           62503190 f   ucrt:api-ms-win-crt-runtime-l1-1-0.dll
 0001:00002196       __configure_narrow_argv    62503196 f   ucrt:api-ms-win-crt-runtime-l1-1-0.dll
 0001:0000219c       __initialize_narrow_environment 6250319c f   ucrt:api-ms-win-crt-runtime-l1-1-0.dll
 0001:000021a2       __initialize_onexit_table  625031a2 f   ucrt:api-ms-win-crt-runtime-l1-1-0.dll
 0001:000021a8       __register_onexit_function 625031a8 f   ucrt:api-ms-win-crt-runtime-l1-1-0.dll
 0001:000021ae       __execute_onexit_table     625031ae f   ucrt:api-ms-win-crt-runtime-l1-1-0.dll
 0001:000021b4       __crt_atexit               625031b4 f   ucrt:api-ms-win-crt-runtime-l1-1-0.dll
 0001:000021ba       __crt_at_quick_exit        625031ba f   ucrt:api-ms-win-crt-runtime-l1-1-0.dll
 0001:000021c0       __cexit                    625031c0 f   ucrt:api-ms-win-crt-runtime-l1-1-0.dll
 0001:000021c6       _terminate                 625031c6 f   ucrt:api-ms-win-crt-runtime-l1-1-0.dll
 0001:000021cc       _strcpy_s                  625031cc f   ucrt:api-ms-win-crt-string-l1-1-0.dll
 0001:000021d2       _strcat_s                  625031d2 f   ucrt:api-ms-win-crt-string-l1-1-0.dll
 0001:000021d8       ___stdio_common_vsprintf_s 625031d8 f   ucrt:api-ms-win-crt-stdio-l1-1-0.dll
 0001:000021de       _QueryPerformanceCounter@4 625031de f   kernel32:KERNEL32.dll
 0001:000021e4       _GetCurrentProcessId@0     625031e4 f   kernel32:KERNEL32.dll
 0001:000021ea       _GetCurrentThreadId@0      625031ea f   kernel32:KERNEL32.dll
 0001:000021f0       _GetSystemTimeAsFileTime@4 625031f0 f   kernel32:KERNEL32.dll
 0001:000021f6       _DisableThreadLibraryCalls@4 625031f6 f   kernel32:KERNEL32.dll
 0001:000021fc       _InitializeSListHead@4     625031fc f   kernel32:KERNEL32.dll
 0001:00002202       _IsDebuggerPresent@0       62503202 f   kernel32:KERNEL32.dll
 0001:00002208       _UnhandledExceptionFilter@4 62503208 f   kernel32:KERNEL32.dll
 0001:0000220e       _SetUnhandledExceptionFilter@4 6250320e f   kernel32:KERNEL32.dll
 0001:00002214       _GetStartupInfoW@4         62503214 f   kernel32:KERNEL32.dll
 0001:0000221a       _IsProcessorFeaturePresent@4 6250321a f   kernel32:KERNEL32.dll
 0001:00002220       _GetModuleHandleW@4        62503220 f   kernel32:KERNEL32.dll
 0001:00002226       _RaiseException@16         62503226 f   kernel32:KERNEL32.dll
 0001:0000222c       _MultiByteToWideChar@24    6250322c f   kernel32:KERNEL32.dll
 0001:00002232       _WideCharToMultiByte@32    62503232 f   kernel32:KERNEL32.dll
 0001:00002238       _GetLastError@0            62503238 f   kernel32:KERNEL32.dll
 0001:0000223e       _HeapAlloc@12              6250323e f   kernel32:KERNEL32.dll
 0001:00002244       _HeapFree@12               62503244 f   kernel32:KERNEL32.dll
 0001:0000224a       _GetProcessHeap@0          6250324a f   kernel32:KERNEL32.dll
 0001:00002250       _VirtualQuery@12           62503250 f   kernel32:KERNEL32.dll
 0001:00002256       _FreeLibrary@4             62503256 f   kernel32:KERNEL32.dll
 0001:0000225c       _GetProcAddress@8          6250325c f   kernel32:KERNEL32.dll
 0001:00002262       _GetCurrentProcess@0       62503262 f   kernel32:KERNEL32.dll
 0001:00002268       _TerminateProcess@8        62503268 f   kernel32:KERNEL32.dll
 0001:0000226e       ___acrt_initialize         6250326e f   MSVCRT:ucrt_stubs.obj
 0001:0000226e       ___scrt_stub_for_acrt_initialize 6250326e f   MSVCRT:ucrt_stubs.obj
 0001:0000226e       ___vcrt_initialize         6250326e f   MSVCRT:ucrt_stubs.obj
 0001:00002271       ___acrt_thread_attach      62503271 f   MSVCRT:ucrt_stubs.obj
 0001:00002271       ___scrt_stub_for_acrt_thread_attach 62503271 f   MSVCRT:ucrt_stubs.obj
 0001:00002271       ___vcrt_thread_attach      62503271 f   MSVCRT:ucrt_stubs.obj
 0001:00002274       ___acrt_thread_detach      62503274 f   MSVCRT:ucrt_stubs.obj
 0001:00002274       ___scrt_stub_for_acrt_thread_detach 62503274 f   MSVCRT:ucrt_stubs.obj
 0001:00002274       ___vcrt_thread_detach      62503274 f   MSVCRT:ucrt_stubs.obj
 0001:00002277       ___acrt_uninitialize       62503277 f   MSVCRT:ucrt_stubs.obj
 0001:00002277       ___scrt_stub_for_acrt_uninitialize 62503277 f   MSVCRT:ucrt_stubs.obj
 0001:00002277       ___vcrt_uninitialize       62503277 f   MSVCRT:ucrt_stubs.obj
 0001:0000227a       ___acrt_uninitialize_critical 6250327a f   MSVCRT:ucrt_stubs.obj
 0001:0000227a       ___scrt_stub_for_acrt_uninitialize_critical 6250327a f   MSVCRT:ucrt_stubs.obj
 0001:0000227a       ___vcrt_uninitialize_critical 6250327a f   MSVCRT:ucrt_stubs.obj
 0001:0000227d       ___scrt_stub_for_is_c_termination_complete 6250327d f   MSVCRT:ucrt_stubs.obj
 0001:0000227d       __is_c_termination_complete 6250327d f   MSVCRT:ucrt_stubs.obj
 0001:00002280       __filter_x86_sse2_floating_point_exception 62503280 f   MSVCRT:x86_exception_filter.obj
 0001:00002280       __filter_x86_sse2_floating_point_exception_default 62503280 f   MSVCRT:x86_exception_filter.obj
 0002:00000000       __imp__WideCharToMultiByte@32 62504000     kernel32:KERNEL32.dll
 0002:00000004       __imp__GetCurrentProcessId@0 62504004     kernel32:KERNEL32.dll
 0002:00000008       __imp__QueryPerformanceCounter@4 62504008     kernel32:KERNEL32.dll
 0002:0000000c       __imp__GetSystemTimeAsFileTime@4 6250400c     kernel32:KERNEL32.dll
 0002:00000010       __imp__DisableThreadLibraryCalls@4 62504010     kernel32:KERNEL32.dll
 0002:00000014       __imp__InitializeSListHead@4 62504014     kernel32:KERNEL32.dll
 0002:00000018       __imp__IsDebuggerPresent@0 62504018     kernel32:KERNEL32.dll
 0002:0000001c       __imp__TerminateProcess@8  6250401c     kernel32:KERNEL32.dll
 0002:00000020       __imp__GetCurrentProcess@0 62504020     kernel32:KERNEL32.dll
 0002:00000024       __imp__GetProcAddress@8    62504024     kernel32:KERNEL32.dll
 0002:00000028       __imp__FreeLibrary@4       62504028     kernel32:KERNEL32.dll
 0002:0000002c       __imp__VirtualQuery@12     6250402c     kernel32:KERNEL32.dll
 0002:00000030       __imp__GetProcessHeap@0    62504030     kernel32:KERNEL32.dll
 0002:00000034       __imp__HeapFree@12         62504034     kernel32:KERNEL32.dll
 0002:00000038       __imp__HeapAlloc@12        62504038     kernel32:KERNEL32.dll
 0002:0000003c       __imp__GetLastError@0      6250403c     kernel32:KERNEL32.dll
 0002:00000040       __imp__GetCurrentThreadId@0 62504040     kernel32:KERNEL32.dll
 0002:00000044       __imp__MultiByteToWideChar@24 62504044     kernel32:KERNEL32.dll
 0002:00000048       __imp__RaiseException@16   62504048     kernel32:KERNEL32.dll
 0002:0000004c       __imp__GetModuleHandleW@4  6250404c     kernel32:KERNEL32.dll
 0002:00000050       __imp__IsProcessorFeaturePresent@4 62504050     kernel32:KERNEL32.dll
 0002:00000054       __imp__GetStartupInfoW@4   62504054     kernel32:KERNEL32.dll
 0002:00000058       __imp__SetUnhandledExceptionFilter@4 62504058     kernel32:KERNEL32.dll
 0002:0000005c       __imp__UnhandledExceptionFilter@4 6250405c     kernel32:KERNEL32.dll
 0002:00000060       \177KERNEL32_NULL_THUNK_DATA 62504060     kernel32:KERNEL32.dll
 0002:00000064       __imp___except_handler4_common 62504064     vcruntime:VCRUNTIME140.dll
 0002:00000068       __imp____std_type_info_destroy_list 62504068     vcruntime:VCRUNTIME140.dll
 0002:0000006c       __imp__memset              6250406c     vcruntime:VCRUNTIME140.dll
 0002:00000070       __imp____current_exception_context 62504070     vcruntime:VCRUNTIME140.dll
 0002:00000074       __imp____current_exception 62504074     vcruntime:VCRUNTIME140.dll
 0002:00000078       __imp____vcrt_GetModuleFileNameW 62504078     vcruntime:VCRUNTIME140.dll
 0002:0000007c       __imp____vcrt_LoadLibraryExW 6250407c     vcruntime:VCRUNTIME140.dll
 0002:00000080       \177VCRUNTIME140_NULL_THUNK_DATA 62504080     vcruntime:VCRUNTIME140.dll
 0002:00000084       __imp___initialize_onexit_table 62504084     ucrt:api-ms-win-crt-runtime-l1-1-0.dll
 0002:00000088       __imp___initterm           62504088     ucrt:api-ms-win-crt-runtime-l1-1-0.dll
 0002:0000008c       __imp___initterm_e         6250408c     ucrt:api-ms-win-crt-runtime-l1-1-0.dll
 0002:00000090       __imp___seh_filter_dll     62504090     ucrt:api-ms-win-crt-runtime-l1-1-0.dll
 0002:00000094       __imp__terminate           62504094     ucrt:api-ms-win-crt-runtime-l1-1-0.dll
 0002:00000098       __imp___cexit              62504098     ucrt:api-ms-win-crt-runtime-l1-1-0.dll
 0002:0000009c       __imp___crt_at_quick_exit  6250409c     ucrt:api-ms-win-crt-runtime-l1-1-0.dll
 0002:000000a0       __imp___crt_atexit         625040a0     ucrt:api-ms-win-crt-runtime-l1-1-0.dll
 0002:000000a4       __imp___execute_onexit_table 625040a4     ucrt:api-ms-win-crt-runtime-l1-1-0.dll
 0002:000000a8       __imp___register_onexit_function 625040a8     ucrt:api-ms-win-crt-runtime-l1-1-0.dll
 0002:000000ac       __imp___initialize_narrow_environment 625040ac     ucrt:api-ms-win-crt-runtime-l1-1-0.dll
 0002:000000b0       __imp___configure_narrow_argv 625040b0     ucrt:api-ms-win-crt-runtime-l1-1-0.dll
 0002:000000b4       \177api-ms-win-crt-runtime-l1-1-0_NULL_THUNK_DATA 625040b4     ucrt:api-ms-win-crt-runtime-l1-1-0.dll
 0002:000000b8       __imp____acrt_iob_func     625040b8     ucrt:api-ms-win-crt-stdio-l1-1-0.dll
 0002:000000bc       __imp____stdio_common_vsprintf_s 625040bc     ucrt:api-ms-win-crt-stdio-l1-1-0.dll
 0002:000000c0       __imp____stdio_common_vfprintf 625040c0     ucrt:api-ms-win-crt-stdio-l1-1-0.dll
 0002:000000c4       \177api-ms-win-crt-stdio-l1-1-0_NULL_THUNK_DATA 625040c4     ucrt:api-ms-win-crt-stdio-l1-1-0.dll
 0002:000000c8       __imp__strcpy              625040c8     ucrt:api-ms-win-crt-string-l1-1-0.dll
 0002:000000cc       __imp__strcat_s            625040cc     ucrt:api-ms-win-crt-string-l1-1-0.dll
 0002:000000d0       __imp__strcpy_s            625040d0     ucrt:api-ms-win-crt-string-l1-1-0.dll
 0002:000000d4       \177api-ms-win-crt-string-l1-1-0_NULL_THUNK_DATA 625040d4     ucrt:api-ms-win-crt-string-l1-1-0.dll
 0002:000000d8       ___guard_check_icall_fptr  625040d8     MSVCRT:guard_support.obj
 0002:000000dc       ___guard_xfg_check_icall_fptr 625040dc     MSVCRT:guard_support.obj
 0002:000000e0       ___castguard_check_failure_os_handled_fptr 625040e0     MSVCRT:guard_support.obj
 0002:000000e4       ___xc_a                    625040e4     MSVCRT:initializers.obj
 0002:000000e8       ___xc_z                    625040e8     MSVCRT:initializers.obj
 0002:000000ec       ___xi_a                    625040ec     MSVCRT:initializers.obj
 0002:000000f0       ___xi_z                    625040f0     MSVCRT:initializers.obj
 0002:000000f4       ___xp_a                    625040f4     MSVCRT:initializers.obj
 0002:000000f8       ___xp_z                    625040f8     MSVCRT:initializers.obj
 0002:000000fc       ___xt_a                    625040fc     MSVCRT:initializers.obj
 0002:00000100       ___xt_z                    62504100     MSVCRT:initializers.obj
 0002:00000108       ??_C@_03GJAMENNA@2?40@     62504108     essfunc.obj
 0002:0000010c       ??_C@_0CK@JFELGELJ@Called?5essential?5function?5dll?5v@ 6250410c     essfunc.obj
 0002:00000138       ??_C@_02DKCKIIND@?$CFs@    62504138     essfunc.obj
 0002:0000013c       __pDefaultRawDllMain       6250413c     MSVCRT:dll_dllmain.obj
 0002:0000013c       __pRawDllMain              6250413c     MSVCRT:dll_dllmain.obj
 0002:00000154       ??_C@_0BJ@HEGAHDFO@Stack?5pointer?5corruption@ 62504154     MSVCRT:userapi.obj
 0002:00000170       ??_C@_0CK@FEGOIOPB@Cast?5to?5smaller?5type?5causing?5lo@ 62504170     MSVCRT:userapi.obj
 0002:0000019c       ??_C@_0BI@CIGMDCBH@Stack?5memory?5corruption@ 6250419c     MSVCRT:userapi.obj
 0002:000001b4       ??_C@_0CK@CNLNOEPB@Local?5variable?5used?5before?5init@ 625041b4     MSVCRT:userapi.obj
 0002:000001e0       ??_C@_0BP@OGBCLIBO@Stack?5around?5_alloca?5corrupted@ 625041e0     MSVCRT:userapi.obj
 0002:000002a0       ??_C@_0NN@JMPELKLB@The?5value?5of?5ESP?5was?5not?5proper@ 625042a0     MSVCRT:error.obj
 0002:00000380       ??_C@_0BBN@ELNNILBE@A?5cast?5to?5a?5smaller?5data?5type?5h@ 62504380     MSVCRT:error.obj
 0002:000004a0       ??_C@_0BN@BPOGFMJL@Stack?5memory?5was?5corrupted?$AN?6@ 625044a0     MSVCRT:error.obj
 0002:000004c0       ??_C@_0DG@DAJCDLPN@A?5local?5variable?5was?5used?5befor@ 625044c0     MSVCRT:error.obj
 0002:000004f8       ??_C@_0CM@JMIDGKLA@Stack?5memory?5around?5_alloca?5was@ 625044f8     MSVCRT:error.obj
 0002:00000524       ??_C@_0BO@CHIONIOI@Unknown?5Runtime?5Check?5Error?$AN?6@ 62504524     MSVCRT:error.obj
 0002:00000548       ??_C@_1GM@CNOOJIHC@?$AAR?$AAu?$AAn?$AAt?$AAi?$AAm?$AAe?$AA?5?$AAC?$AAh?$AAe?$AAc?$AAk?$AA?5?$AAE@ 62504548     MSVCRT:error.obj
 0002:000005b8       ??_C@_1EA@NFKNIFJP@?$AAR?$AAu?$AAn?$AA?9?$AAT?$AAi?$AAm?$AAe?$AA?5?$AAC?$AAh?$AAe?$AAc?$AAk?$AA?5@ 625045b8     MSVCRT:error.obj
 0002:000005f8       ??_C@_0BB@PFFGGCJP@Unknown?5Filename@ 625045f8     MSVCRT:error.obj
 0002:0000060c       ??_C@_0BE@GNBOBNCK@Unknown?5Module?5Name@ 6250460c     MSVCRT:error.obj
 0002:00000620       ??_C@_0CA@IODNCDPG@Run?9Time?5Check?5Failure?5?$CD?$CFd?5?9?5?$CFs@ 62504620     MSVCRT:error.obj
 0002:00000640       ??_C@_0CG@IAFNJNEE@Stack?5corrupted?5near?5unknown?5va@ 62504640     MSVCRT:error.obj
 0002:00000668       ??_C@_05MKKEDADM@?$CF?42X?5@ 62504668     MSVCRT:error.obj
 0002:00000670       ??_C@_0EJ@LJKNEOLN@Stack?5area?5around?5_alloca?5memor@ 62504670     MSVCRT:error.obj
 0002:000006bc       ??_C@_01EEMJAFIK@?6@       625046bc     MSVCRT:error.obj
 0002:000006c0       ??_C@_02LLMPMKNF@?$DO?5@   625046c0     MSVCRT:error.obj
 0002:000006c4       ??_C@_08OMAHNMHJ@?6Data?3?5?$DM@ 625046c4     MSVCRT:error.obj
 0002:000006d0       ??_C@_0CK@DKGBICFE@?6Allocation?5number?5within?5this?5@ 625046d0     MSVCRT:error.obj
 0002:000006fc       ??_C@_07DFDJCKFN@?6Size?3?5@ 625046fc     MSVCRT:error.obj
 0002:00000704       ??_C@_0N@MHFFIMFG@?6Address?3?50x@ 62504704     MSVCRT:error.obj
 0002:00000718       ??_C@_0EI@CLEPFNGI@Stack?5area?5around?5_alloca?5memor@ 62504718     MSVCRT:error.obj
 0002:00000760       ??_C@_0BK@ODNDAGKB@?$CFs?$CFs?$CFp?$CFs?$CFzd?$CFs?$CFd?$CFs?$CFs?$CFs?$CFs?$CFs@ 62504760     MSVCRT:error.obj
 0002:0000077c       ??_C@_0DE@OHJBPMBP@A?5variable?5is?5being?5used?5withou@ 6250477c     MSVCRT:error.obj
 0002:000007d8       ??_C@_1EI@MLPKHBGE@?$AAa?$AAp?$AAi?$AA?9?$AAm?$AAs?$AA?9?$AAw?$AAi?$AAn?$AA?9?$AAc?$AAo?$AAr?$AAe@ 625047d8     MSVCRT:pdblkup.obj
 0002:00000820       ??_C@_1BK@JHLNAEJL@?$AAa?$AAd?$AAv?$AAa?$AAp?$AAi?$AA3?$AA2?$AA?4?$AAd?$AAl?$AAl@ 62504820     MSVCRT:pdblkup.obj
 0002:0000083c       ??_C@_0O@COHOBMLB@RegOpenKeyExW@ 6250483c     MSVCRT:pdblkup.obj
 0002:0000084c       ??_C@_0BB@GLNAEDBD@RegQueryValueExW@ 6250484c     MSVCRT:pdblkup.obj
 0002:00000860       ??_C@_0M@HLOHPNFA@RegCloseKey@ 62504860     MSVCRT:pdblkup.obj
 0002:00000870       ??_C@_1HE@EBEAGLFB@?$AAS?$AAO?$AAF?$AAT?$AAW?$AAA?$AAR?$AAE?$AA?2?$AAW?$AAo?$AAw?$AA6?$AA4?$AA3@ 62504870     MSVCRT:pdblkup.obj
 0002:000008e4       ??_C@_1BG@EABPBLLF@?$AAP?$AAr?$AAo?$AAd?$AAu?$AAc?$AAt?$AAD?$AAi?$AAr@ 625048e4     MSVCRT:pdblkup.obj
 0002:000008fc       ??_C@_0BB@KCIACLNC@PDBOpenValidate5@ 625048fc     MSVCRT:pdblkup.obj
 0002:00000910       ??_C@_01KDCPPGHE@r@        62504910     MSVCRT:pdblkup.obj
 0002:00000920       __load_config_used         62504920     MSVCRT:loadcfg.obj
 0002:00000a40       ___CastGuardVftablesStart  62504a40     MSVCRT:guard_support.obj
 0002:00000a80       ___CastGuardVftablesEnd    62504a80     MSVCRT:guard_support.obj
 0002:00000ac0       ___volatile_metadata       62504ac0     <linker-defined>
 0002:00000e5c       ___rtc_iaa                 62504e5c     MSVCRT:initsect.obj
 0002:00000e64       ___rtc_izz                 62504e64     MSVCRT:initsect.obj
 0002:00000e68       ___rtc_taa                 62504e68     MSVCRT:initsect.obj
 0002:00000e70       ___rtc_tzz                 62504e70     MSVCRT:initsect.obj
 0002:000010b8       __IMPORT_DESCRIPTOR_VCRUNTIME140 625050b8     vcruntime:VCRUNTIME140.dll
 0002:000010cc       __IMPORT_DESCRIPTOR_api-ms-win-crt-stdio-l1-1-0 625050cc     ucrt:api-ms-win-crt-stdio-l1-1-0.dll
 0002:000010e0       __IMPORT_DESCRIPTOR_api-ms-win-crt-string-l1-1-0 625050e0     ucrt:api-ms-win-crt-string-l1-1-0.dll
 0002:000010f4       __IMPORT_DESCRIPTOR_api-ms-win-crt-runtime-l1-1-0 625050f4     ucrt:api-ms-win-crt-runtime-l1-1-0.dll
 0002:00001108       __IMPORT_DESCRIPTOR_KERNEL32 62505108     kernel32:KERNEL32.dll
 0002:0000111c       __NULL_IMPORT_DESCRIPTOR   6250511c     vcruntime:VCRUNTIME140.dll
 0003:00000000       ___scrt_native_dllmain_reason 62506000     MSVCRT:utility.obj
 0003:00000010       ?_RTC_ErrorLevels@@3PAHA   62506010     MSVCRT:error.obj
 0003:00000040       ___security_cookie         62506040     MSVCRT:gs_cookie.obj
 0003:00000080       ___security_cookie_complement 62506080     MSVCRT:gs_cookie.obj
 0003:00000084       ___isa_enabled             62506084     MSVCRT:cpu_disp.obj
 0003:00000088       ___scrt_ucrt_dll_is_in_use 62506088     MSVCRT:ucrt_stubs.obj
 0003:000000a0       ?__type_info_root_node@@3U__type_info_node@@A 625060a0     MSVCRT:tncleanup.obj
 0003:000000a8       ?_OptionsStorage@?1??__local_stdio_printf_options@@9@4_KA 625060a8     MSVCRT:default_local_stdio_options.obj
 0003:000000b0       ?_OptionsStorage@?1??__local_stdio_scanf_options@@9@4_KA 625060b0     MSVCRT:default_local_stdio_options.obj
 0003:000000b8       ___scrt_current_native_startup_state 625060b8     MSVCRT:utility.obj
 0003:000000bc       ___scrt_native_startup_lock 625060bc     MSVCRT:utility.obj
 0003:000000dc       ___scrt_debugger_hook_flag 625060dc     MSVCRT:utility_desktop.obj
 0003:000000e0       ___castguard_check_failure_user_handled_fptr 625060e0     MSVCRT:guard_support.obj
 0003:000000e4       ___isa_available           625060e4     MSVCRT:cpu_disp.obj
 0003:000000e8       ___favor                   625060e8     MSVCRT:cpu_disp.obj
 0003:00000418       ?_OptionsStorage@?1??__local_stdio_printf_options@@9@9 62506418     <common>
 0003:00000420       ___dyn_tls_init_callback   62506420     <common>

 entry point at        0001:0000062c

 Static symbols

 0000:ffff7000       .debug$S                   62500000     libessfunc.exp
 0000:ffff7000       .debug$S                   62500000     ucrt:api-ms-win-crt-runtime-l1-1-0.dll
 0000:ffff7000       .debug$S                   62500000     ucrt:api-ms-win-crt-runtime-l1-1-0.dll
 0000:ffff7000       .debug$S                   62500000     ucrt:api-ms-win-crt-runtime-l1-1-0.dll
 0000:ffff7000       .debug$S                   62500000     ucrt:api-ms-win-crt-runtime-l1-1-0.dll
 0000:ffff7000       .debug$S                   62500000     ucrt:api-ms-win-crt-runtime-l1-1-0.dll
 0000:ffff7000       .debug$S                   62500000     ucrt:api-ms-win-crt-runtime-l1-1-0.dll
 0000:ffff7000       .debug$S                   62500000     ucrt:api-ms-win-crt-runtime-l1-1-0.dll
 0000:ffff7000       .debug$S                   62500000     ucrt:api-ms-win-crt-runtime-l1-1-0.dll
 0000:ffff7000       .debug$S                   62500000     ucrt:api-ms-win-crt-runtime-l1-1-0.dll
 0000:ffff7000       .debug$S                   62500000     ucrt:api-ms-win-crt-runtime-l1-1-0.dll
 0000:ffff7000       .debug$S                   62500000     ucrt:api-ms-win-crt-runtime-l1-1-0.dll
 0000:ffff7000       .debug$S                   62500000     ucrt:api-ms-win-crt-runtime-l1-1-0.dll
 0000:ffff7000       .debug$S                   62500000     ucrt:api-ms-win-crt-stdio-l1-1-0.dll
 0000:ffff7000       .debug$S                   62500000     ucrt:api-ms-win-crt-stdio-l1-1-0.dll
 0000:ffff7000       .debug$S                   62500000     ucrt:api-ms-win-crt-stdio-l1-1-0.dll
 0000:ffff7000       .debug$S                   62500000     ucrt:api-ms-win-crt-string-l1-1-0.dll
 0000:ffff7000       .debug$S                   62500000     ucrt:api-ms-win-crt-string-l1-1-0.dll
 0000:ffff7000       .debug$S                   62500000     ucrt:api-ms-win-crt-string-l1-1-0.dll
 0000:ffff7000       .debug$S                   62500000     kernel32:KERNEL32.dll
 0000:ffff7000       .debug$S                   62500000     kernel32:KERNEL32.dll
 0000:ffff7000       .debug$S                   62500000     kernel32:KERNEL32.dll
 0000:ffff7000       .debug$S                   62500000     kernel32:KERNEL32.dll
 0000:ffff7000       .debug$S                   62500000     kernel32:KERNEL32.dll
 0000:ffff7000       .debug$S                   62500000     kernel32:KERNEL32.dll
 0000:ffff7000       .debug$S                   62500000     kernel32:KERNEL32.dll
 0000:ffff7000       .debug$S                   62500000     kernel32:KERNEL32.dll
 0000:ffff7000       .debug$S                   62500000     kernel32:KERNEL32.dll
 0000:ffff7000       .debug$S                   62500000     kernel32:KERNEL32.dll
 0000:ffff7000       .debug$S                   62500000     kernel32:KERNEL32.dll
 0000:ffff7000       .debug$S                   62500000     kernel32:KERNEL32.dll
 0000:ffff7000       .debug$S                   62500000     kernel32:KERNEL32.dll
 0000:ffff7000       .debug$S                   62500000     kernel32:KERNEL32.dll
 0000:ffff7000       .debug$S                   62500000     kernel32:KERNEL32.dll
 0000:ffff7000       .debug$S                   62500000     kernel32:KERNEL32.dll
 0000:ffff7000       .debug$S                   62500000     kernel32:KERNEL32.dll
 0000:ffff7000       .debug$S                   62500000     kernel32:KERNEL32.dll
 0000:ffff7000       .debug$S                   62500000     kernel32:KERNEL32.dll
 0000:ffff7000       .debug$S                   62500000     kernel32:KERNEL32.dll
 0000:ffff7000       .debug$S                   62500000     kernel32:KERNEL32.dll
 0000:ffff7000       .debug$S                   62500000     kernel32:KERNEL32.dll
 0000:ffff7000       .debug$S                   62500000     kernel32:KERNEL32.dll
 0000:ffff7000       .debug$S                   62500000     kernel32:KERNEL32.dll
 0002:ffffc000       __guard_fids___except_handler4 62500000     MSVCRT:chandler4gs.obj
 0000:00000000       _volmd                     62500000     MSVCRT:cpu_disp.obj
 0002:ffffc000       __guard_fids_?dllmain_dispatch@@YAHQAUHINSTANCE__@@KQAX@Z 62500000     MSVCRT:dll_dllmain.obj
 0000:00000000       _volmd                     62500000     MSVCRT:gs_report.obj
 0002:ffffc000       __guard_fids__             62500000     MSVCRT:guard_support.obj
 0002:ffffc000       __guard_fids__             62500000     MSVCRT:guard_support.obj
 0002:ffffc000       __guard_fids___guard_icall_checks_enforced 62500000     MSVCRT:guard_support.obj
 0000:00000000       _volmd                     62500000     MSVCRT:guard_support.obj
 0000:00000000       _volmd                     62500000     MSVCRT:guard_support.obj
 0000:00000000       _volmd                     62500000     MSVCRT:guard_support.obj
 0000:00000000       _volmd                     62500000     MSVCRT:guard_support.obj
 0000:00000000       _volmd                     62500000     MSVCRT:guard_support.obj
 0000:00000000       _volmd                     62500000     MSVCRT:guard_support.obj
 0000:00000000       _volmd                     62500000     MSVCRT:guard_support.obj
 0000:00000000       _volmd                     62500000     MSVCRT:guard_support.obj
 0000:00000000       _volmd                     62500000     MSVCRT:guard_support.obj
 0002:ffffc000       __guard_fids____scrt_set_unhandled_exception_filter 62500000     MSVCRT:utility_desktop.obj
 0000:ffff7000       .debug$S                   62500000     vcruntime:VCRUNTIME140.dll
 0000:ffff7000       .debug$S                   62500000     vcruntime:VCRUNTIME140.dll
 0000:ffff7000       .debug$S                   62500000     vcruntime:VCRUNTIME140.dll
 0000:ffff7000       .debug$S                   62500000     vcruntime:VCRUNTIME140.dll
 0000:ffff7000       .debug$S                   62500000     vcruntime:VCRUNTIME140.dll
 0000:ffff7000       .debug$S                   62500000     vcruntime:VCRUNTIME140.dll
 0000:ffff7000       .debug$S                   62500000     vcruntime:VCRUNTIME140.dll
 0001:000002e3       ?dllmain_crt_dispatch@@YGHQAUHINSTANCE__@@KQAX@Z 625012e3 f   MSVCRT:dll_dllmain.obj
 0001:00000336       ?dllmain_crt_process_attach@@YAHQAUHINSTANCE__@@QAX@Z 62501336 f   MSVCRT:dll_dllmain.obj
 0001:0000043d       ?dllmain_crt_process_detach@@YAH_N@Z 6250143d f   MSVCRT:dll_dllmain.obj
 0001:000004ed       ?dllmain_dispatch@@YAHQAUHINSTANCE__@@KQAX@Z 625014ed f   MSVCRT:dll_dllmain.obj
 0001:000005f8       ?dllmain_raw@@YGHQAUHINSTANCE__@@KQAX@Z 625015f8 f   MSVCRT:dll_dllmain.obj
 0001:000006ce       ___get_entropy             625016ce f   MSVCRT:gs_support.obj
 0001:000007d0       ?find_pe_section@@YAPAU_IMAGE_SECTION_HEADER@@QAEI@Z 625017d0 f   MSVCRT:utility.obj
 0001:00000819       ?is_potentially_valid_image_base@@YA_NQAX@Z 62501819 f   MSVCRT:utility.obj
 0001:00000db0       $$000000                   62501db0     MSVCRT:sehprolg4.obj
 0001:00000e00       $$000000                   62501e00     MSVCRT:sehprolg4.obj
 0001:00000eca       ___castguard_check_failure_os_handled_wrapper 62501eca f   MSVCRT:guard_support.obj
 0001:00000f0f       ___castguard_check_failure_user_handled_wrapper 62501f0f f   MSVCRT:guard_support.obj
 0001:00000f2e       ___castguard_compat_check  62501f2e f   MSVCRT:guard_support.obj
 0001:0000103c       ___castguard_slow_path_compat_check 6250203c f   MSVCRT:guard_support.obj
 0001:00001068       ?DebuggerProbe@@YA_NK@Z    62502068 f   MSVCRT:error.obj
 0001:00001098       ?DebuggerRuntime@@YA_NKHPAXPB_W@Z 62502098 f   MSVCRT:error.obj
 0001:00001295       ?_getMemBlockDataString@@YAXPAD0PBDI@Z 62502295 f   MSVCRT:error.obj
 0001:000012fb       ?_strlen_priv@@YAIPBD@Z    625022fb f   MSVCRT:error.obj
 0001:0000130e       ?failwithmessage@@YAXPAXHHPBD@Z 6250230e f   MSVCRT:error.obj
 0001:00001575       ?notify_debugger@@YAXABUtagEXCEPTION_VISUALCPP_DEBUG_INFO@@@Z 62502575 f   MSVCRT:error.obj
 0001:000018a0       ?GetPdbDll@@YAPAUHINSTANCE__@@XZ 625028a0 f   MSVCRT:pdblkup.obj
 0001:000018b8       ?GetPdbDllFromInstallPath@@YAPAUHINSTANCE__@@XZ 625028b8 f   MSVCRT:pdblkup.obj
 0002:00000140       ?_RTC_errlist@@3QBQBDB     62504140     MSVCRT:userapi.obj
 0002:00000200       ?_RTC_ErrorMessages@@3QBQBDB 62504200     MSVCRT:error.obj
 0002:00000218       ?_RTC_NoFalsePositives@@3QBHB 62504218     MSVCRT:error.obj
 0002:00000230       ?stack_premsg@@3QBDB       62504230     MSVCRT:error.obj
 0002:0000024c       ?stack_postmsg@@3QBDB      6250424c     MSVCRT:error.obj
 0002:00000260       ?uninit_premsg@@3QBDB      62504260     MSVCRT:error.obj
 0002:00000270       ?uninit_postmsg@@3QBDB     62504270     MSVCRT:error.obj
 0002:000007b0       ?mspdbName@@3QB_WB         625047b0     MSVCRT:pdblkup.obj
 0002:00000914       _GS_ExceptionPointers      62504914     MSVCRT:gs_report.obj
 0002:00000e60       __RTC_InitBase.rtc$IMZ     62504e60     essfunc.obj
 0002:00000e6c       __RTC_Shutdown.rtc$TMZ     62504e6c     essfunc.obj
 0002:00000e78       __sehtable$?dllmain_crt_process_attach@@YAHQAUHINSTANCE__@@QAX@Z 62504e78     MSVCRT:dll_dllmain.obj
 0002:00000e98       __sehtable$?dllmain_crt_process_detach@@YAH_N@Z 62504e98     MSVCRT:dll_dllmain.obj
 0002:00000ec0       __sehtable$?dllmain_dispatch@@YAHQAUHINSTANCE__@@KQAX@Z 62504ec0     MSVCRT:dll_dllmain.obj
 0002:00000ee0       __sehtable$___scrt_is_nonwritable_in_current_image 62504ee0     MSVCRT:utility.obj
 0002:00000f00       __sehtable$?notify_debugger@@YAXABUtagEXCEPTION_VISUALCPP_DEBUG_INFO@@@Z 62504f00     MSVCRT:error.obj
 0002:00000f20       .edata                     62504f20     libessfunc.exp
 0002:00000f48       rgpv                       62504f48     libessfunc.exp
 0002:00000f80       rgszName                   62504f80     libessfunc.exp
 0002:00000fb8       rgwOrd                     62504fb8     libessfunc.exp
 0002:00000fd4       szName                     62504fd4     libessfunc.exp
 0002:00000fdf       $N00001                    62504fdf     libessfunc.exp
 0002:00000fee       $N00002                    62504fee     libessfunc.exp
 0002:00000ffe       $N00003                    62504ffe     libessfunc.exp
 0002:0000100e       $N00004                    6250500e     libessfunc.exp
 0002:0000101e       $N00005                    6250501e     libessfunc.exp
 0002:0000102e       $N00006                    6250502e     libessfunc.exp
 0002:0000103e       $N00007                    6250503e     libessfunc.exp
 0002:0000104d       $N00008                    6250504d     libessfunc.exp
 0002:0000105c       $N00009                    6250505c     libessfunc.exp
 0002:0000106b       $N00010                    6250506b     libessfunc.exp
 0002:0000107a       $N00011                    6250507a     libessfunc.exp
 0002:00001089       $N00012                    62505089     libessfunc.exp
 0002:00001098       $N00013                    62505098     libessfunc.exp
 0002:000010a7       $N00014                    625050a7     libessfunc.exp
 0002:000012b4       .idata$6                   625052b4     vcruntime:VCRUNTIME140.dll
 0002:00001422       .idata$6                   62505422     ucrt:api-ms-win-crt-stdio-l1-1-0.dll
 0002:00001442       .idata$6                   62505442     ucrt:api-ms-win-crt-string-l1-1-0.dll
 0002:00001464       .idata$6                   62505464     ucrt:api-ms-win-crt-runtime-l1-1-0.dll
 0002:00001678       .idata$6                   62505678     kernel32:KERNEL32.dll
 0003:00000090       ?init@?1??_RTC_InitBase@@9@4_NA 62506090     MSVCRT:init.obj
 0003:00000094       ?__proc_attached@@3HA      62506094     MSVCRT:dll_dllmain.obj
 0003:00000098       ?_RTC_ErrorReportFunc@@3P6AHHPBDH00ZZA 62506098     MSVCRT:userapi.obj
 0003:0000009c       ?_RTC_ErrorReportFuncW@@3P6AHHPB_WH00ZZA 6250609c     MSVCRT:userapi.obj
 0003:000000c0       ?is_initialized_as_dll@@3_NA 625060c0     MSVCRT:utility.obj
 0003:000000c1       ?module_local_atexit_table_initialized@@3_NA 625060c1     MSVCRT:utility.obj
 0003:000000c4       ?module_local_atexit_table@@3U_onexit_table_t@@A 625060c4     MSVCRT:utility.obj
 0003:000000d0       ?module_local_at_quick_exit_table@@3U_onexit_table_t@@A 625060d0     MSVCRT:utility.obj
 0003:000000ec       ?mspdb@@3PAUHINSTANCE__@@A 625060ec     MSVCRT:pdblkup.obj
 0003:000000f0       ?alreadyTried@?1??GetPdbDll@@YAPAUHINSTANCE__@@XZ@4_NA 625060f0     MSVCRT:pdblkup.obj
 0003:000000f1       ?PDBOK@?1??_RTC_GetSrcLine@@YAHPAEPA_WKPAH1K@Z@4_NA 625060f1     MSVCRT:pdblkup.obj
 0003:000000f8       _GS_ExceptionRecord        625060f8     MSVCRT:gs_report.obj
 0003:00000148       _GS_ContextRecord          62506148     MSVCRT:gs_report.obj
 0004:00000060       $R000000                   62507060     * linker generated manifest res *

 Exports

  ordinal    name

        1    _EssentialFunc1
               exported name: EssentialFunc1
        2    _EssentialFunc10
               exported name: EssentialFunc10
        3    _EssentialFunc11
               exported name: EssentialFunc11
        4    _EssentialFunc12
               exported name: EssentialFunc12
        5    _EssentialFunc13
               exported name: EssentialFunc13
        6    _EssentialFunc14
               exported name: EssentialFunc14
        7    _EssentialFunc2
               exported name: EssentialFunc2
        8    _EssentialFunc3
               exported name: EssentialFunc3
        9    _EssentialFunc4
               exported name: EssentialFunc4
       10    _EssentialFunc5
               exported name: EssentialFunc5
       11    _EssentialFunc6
               exported name: EssentialFunc6
       12    _EssentialFunc7
               exported name: EssentialFunc7
       13    _EssentialFunc8
               exported name: EssentialFunc8
       14    _EssentialFunc9
               exported name: EssentialFunc9
