 Essfun

 Timestamp is 67a7f3f8 (Sat Feb  8 19:16:56 2025)

 Preferred load address is 62500000

 Start         Length     Name                   Class
 0001:00000000 0000237dH .text$mn                CODE
 0002:00000000 000000d8H .idata$5                DATA
 0002:000000d8 0000000cH .00cfg                  DATA
 0002:000000e4 00000004H .CRT$XCA                DATA
 0002:000000e8 00000004H .CRT$XCZ                DATA
 0002:000000ec 00000004H .CRT$XIA                DATA
 0002:000000f0 00000004H .CRT$XIZ                DATA
 0002:000000f4 00000004H .CRT$XPA                DATA
 0002:000000f8 00000004H .CRT$XPZ                DATA
 0002:000000fc 00000004H .CRT$XTA                DATA
 0002:00000100 00000008H .CRT$XTZ                DATA
 0002:00000104 00000000H .gfids$y                DATA
 0002:00000108 000008f8H .rdata                  DATA
 0002:00000a00 00000040H .rdata$CastGuardVftablesA DATA
 0002:00000a40 00000040H .rdata$CastGuardVftablesC DATA
 0002:00000a80 00000090H .rdata$voltmd           DATA
 0002:00000b10 00000370H .rdata$zzzdbg           DATA
 0002:00000e80 00000004H .rtc$IAA                DATA
 0002:00000e84 00000004H .rtc$IMZ                DATA
 0002:00000e88 00000004H .rtc$IZZ                DATA
 0002:00000e8c 00000004H .rtc$TAA                DATA
 0002:00000e90 00000004H .rtc$TMZ                DATA
 0002:00000e94 00000004H .rtc$TZZ                DATA
 0002:00000e98 000000a8H .xdata$x                DATA
 0002:00000f40 00000198H .edata                  DATA
 0002:000010d8 00000064H .idata$2                DATA
 0002:0000113c 00000014H .idata$3                DATA
 0002:00001150 000000d8H .idata$4                DATA
 0002:00001228 0000047eH .idata$6                DATA
 0003:00000000 000000d8H .data                   DATA
 0003:000000d8 00000394H .bss                    DATA
 0004:00000000 00000060H .rsrc$01                DATA
 0004:00000060 00000098H .rsrc$02                DATA

  Address         Publics by Value              Rva+Base       Lib:Object

 0000:00000000       ___AbsoluteZero            00000000     <absolute>
 0000:00000000       ___arm64x_extra_rfe_table  00000000     <absolute>
 0000:00000000       ___arm64x_extra_rfe_table_size 00000000     <absolute>
 0000:00000000       ___arm64x_native_entrypoint 00000000     <absolute>
 0000:00000000       ___arm64x_redirection_metadata 00000000     <absolute>
 0000:00000000       ___arm64x_redirection_metadata_count 00000000     <absolute>
 0000:00000000       ___dynamic_value_reloc_table 00000000     <absolute>
 0000:00000000       ___enclave_config          00000000     <absolute>
 0000:00000000       ___guard_check_icall_a64n_fptr 00000000     <absolute>
 0000:00000000       ___guard_eh_cont_count     00000000     <absolute>
 0000:00000000       ___guard_eh_cont_table     00000000     <absolute>
 0000:00000000       ___guard_fids_count        00000000     <absolute>
 0000:00000000       ___guard_fids_table        00000000     <absolute>
 0000:00000000       ___guard_iat_count         00000000     <absolute>
 0000:00000000       ___guard_iat_table         00000000     <absolute>
 0000:00000000       ___guard_longjmp_count     00000000     <absolute>
 0000:00000000       ___guard_longjmp_table     00000000     <absolute>
 0000:00000000       ___hybrid_auxiliary_delayload_iat 00000000     <absolute>
 0000:00000000       ___hybrid_auxiliary_delayload_iat_copy 00000000     <absolute>
 0000:00000000       ___hybrid_auxiliary_iat    00000000     <absolute>
 0000:00000000       ___hybrid_auxiliary_iat_copy 00000000     <absolute>
 0000:00000000       ___hybrid_code_map         00000000     <absolute>
 0000:00000000       ___hybrid_code_map_count   00000000     <absolute>
 0000:00000000       ___hybrid_image_info_bitfield 00000000     <absolute>
 0000:00000000       ___safe_se_handler_count   00000000     <absolute>
 0000:00000000       ___safe_se_handler_table   00000000     <absolute>
 0000:00000000       ___x64_code_ranges_to_entry_points 00000000     <absolute>
 0000:00000000       ___x64_code_ranges_to_entry_points_count 00000000     <absolute>
 0000:00000100       ___guard_flags             00000100     <absolute>
 0000:00000000       ___ImageBase               62500000     <linker-defined>
 0001:00000000       _EssentialFunc1            62501000 f   essfunc.obj
 0001:00000020       _EssentialFunc2            62501020 f   essfunc.obj
 0001:00000030       _EssentialFunc3            62501030 f   essfunc.obj
 0001:00000040       _EssentialFunc4            62501040 f   essfunc.obj
 0001:00000050       _EssentialFunc5            62501050 f   essfunc.obj
 0001:00000060       _EssentialFunc6            62501060 f   essfunc.obj
 0001:00000070       _EssentialFunc7            62501070 f   essfunc.obj
 0001:00000080       _EssentialFunc8            62501080 f   essfunc.obj
 0001:00000090       _EssentialFunc9            62501090 f   essfunc.obj
 0001:000000a0       _EssentialFunc10           625010a0 f   essfunc.obj
 0001:000000c0       _EssentialFunc11           625010c0 f   essfunc.obj
 0001:000000e0       _EssentialFunc12           625010e0 f   essfunc.obj
 0001:00000120       _EssentialFunc13           62501120 f   essfunc.obj
 0001:00000140       _EssentialFunc14           62501140 f   essfunc.obj
 0001:00000160       ___local_stdio_printf_options 62501160 f i essfunc.obj
 0001:00000170       __vfprintf_l               62501170 f i essfunc.obj
 0001:000001a0       _printf                    625011a0 f i essfunc.obj
 0001:000001db       __CRT_RTC_INIT             625011db f   MSVCRT:init.obj
 0001:000001de       __CRT_RTC_INITW            625011de f   MSVCRT:init.obj
 0001:000001e1       __RTC_InitBase             625011e1 f   MSVCRT:init.obj
 0001:000001fa       __RTC_Shutdown             625011fa f   MSVCRT:init.obj
 0001:0000053b       __CRT_INIT@12              6250153b f   MSVCRT:dll_dllmain.obj
 0001:00000544       __DllMainCRTStartup@12     62501544 f   MSVCRT:dll_dllmain.obj
 0001:00000567       ?_RTC_GetErrorFunc@@YAP6AHHPBDH00ZZPBX@Z 62501567 f   MSVCRT:userapi.obj
 0001:0000056d       ?_RTC_GetErrorFuncW@@YAP6AHHPB_WH00ZZPBX@Z 6250156d f   MSVCRT:userapi.obj
 0001:00000573       __RTC_GetErrDesc           62501573 f   MSVCRT:userapi.obj
 0001:0000058b       __RTC_NumErrors            6250158b f   MSVCRT:userapi.obj
 0001:0000058f       __RTC_SetErrorFunc         6250158f f   MSVCRT:userapi.obj
 0001:000005a9       __RTC_SetErrorFuncW        625015a9 f   MSVCRT:userapi.obj
 0001:000005c3       __RTC_SetErrorType         625015c3 f   MSVCRT:userapi.obj
 0001:00000633       ___security_init_cookie    62501633 f   MSVCRT:gs_support.obj
 0001:0000067e       _DllMain@12                6250167e f   MSVCRT:dll_dllmain_stub.obj
 0001:000006a0       ?__scrt_initialize_type_info@@YAXXZ 625016a0 f   MSVCRT:tncleanup.obj
 0001:000006ac       ?__scrt_uninitialize_type_info@@YAXXZ 625016ac f   MSVCRT:tncleanup.obj
 0001:000006b8       ___local_stdio_scanf_options 625016b8 f i MSVCRT:default_local_stdio_options.obj
 0001:000006be       ___scrt_initialize_default_local_stdio_options 625016be f   MSVCRT:default_local_stdio_options.obj
 0001:000006db       ?configure_argv@__scrt_narrow_argv_policy@@SAHXZ 625016db f i MSVCRT:utility.obj
 0001:0000072a       ?initialize_environment@__scrt_narrow_environment_policy@@SAHXZ 6250172a f i MSVCRT:utility.obj
 0001:00000762       _NtCurrentTeb              62501762 f i MSVCRT:utility.obj
 0001:00000769       ___scrt_acquire_startup_lock 62501769 f   MSVCRT:utility.obj
 0001:0000079b       ___scrt_dllmain_after_initialize_c 6250179b f   MSVCRT:utility.obj
 0001:000007c6       ___scrt_dllmain_before_initialize_c 625017c6 f   MSVCRT:utility.obj
 0001:000007d4       ___scrt_dllmain_crt_thread_attach 625017d4 f   MSVCRT:utility.obj
 0001:000007f3       ___scrt_dllmain_crt_thread_detach 625017f3 f   MSVCRT:utility.obj
 0001:00000800       ___scrt_dllmain_exception_filter 62501800 f   MSVCRT:utility.obj
 0001:00000834       ___scrt_dllmain_uninitialize_c 62501834 f   MSVCRT:utility.obj
 0001:00000857       ___scrt_dllmain_uninitialize_critical 62501857 f   MSVCRT:utility.obj
 0001:00000864       ___scrt_initialize_crt     62501864 f   MSVCRT:utility.obj
 0001:0000089d       ___scrt_initialize_onexit_tables 6250189d f   MSVCRT:utility.obj
 0001:00000924       ___scrt_is_nonwritable_in_current_image 62501924 f   MSVCRT:utility.obj
 0001:000009b8       ___scrt_release_startup_lock 625019b8 f   MSVCRT:utility.obj
 0001:000009d5       ___scrt_uninitialize_crt   625019d5 f   MSVCRT:utility.obj
 0001:000009fd       __onexit                   625019fd f   MSVCRT:utility.obj
 0001:00000a2b       _at_quick_exit             62501a2b f   MSVCRT:utility.obj
 0001:00000a4e       _atexit                    62501a4e f   MSVCRT:utility.obj
 0001:00000a63       ___scrt_get_dyn_tls_init_callback 62501a63 f   MSVCRT:dyn_tls_init.obj
 0001:00000a69       ___scrt_fastfail           62501a69 f   MSVCRT:utility_desktop.obj
 0001:00000b7e       ___scrt_get_show_window_mode 62501b7e f   MSVCRT:utility_desktop.obj
 0001:00000bae       ___scrt_initialize_mta     62501bae f   MSVCRT:utility_desktop.obj
 0001:00000bb3       ___scrt_initialize_winrt   62501bb3 f   MSVCRT:utility_desktop.obj
 0001:00000bb6       ___scrt_is_managed_app     62501bb6 f   MSVCRT:utility_desktop.obj
 0001:00000bf8       ___scrt_set_unhandled_exception_filter 62501bf8 f   MSVCRT:utility_desktop.obj
 0001:00000c04       ___scrt_exe_initialize_mta 62501c04 f   MSVCRT:utility_desktop.obj
 0001:00000c04       ___scrt_stub_for_initialize_mta 62501c04 f   MSVCRT:utility_desktop.obj
 0001:00000c07       ___scrt_unhandled_exception_filter@4 62501c07 f   MSVCRT:utility_desktop.obj
 0001:00000c5d       __crt_debugger_hook        62501c5d f   MSVCRT:utility_desktop.obj
 0001:00000c65       __RTC_Initialize           62501c65 f   MSVCRT:initsect.obj
 0001:00000c91       __RTC_Terminate            62501c91 f   MSVCRT:initsect.obj
 0001:00000cc0       __SEH_prolog4              62501cc0 f   MSVCRT:sehprolg4.obj
 0001:00000d10       __SEH_epilog4              62501d10 f   MSVCRT:sehprolg4.obj
 0001:00000d24       __except_handler4          62501d24 f   MSVCRT:chandler4gs.obj
 0001:00000d53       @_guard_check_icall_nop@4  62501d53 f i MSVCRT:guard_support.obj
 0001:00000d56       _ReadNoFence               62501d56 f i MSVCRT:guard_support.obj
 0001:00000d60       _ReadPointerNoFence        62501d60 f i MSVCRT:guard_support.obj
 0001:00000d6a       __InlineInterlockedExchangePointer 62501d6a f i MSVCRT:guard_support.obj
 0001:00000d77       ___castguard_check_failure_debugbreak 62501d77 f i MSVCRT:guard_support.obj
 0001:00000d92       ___castguard_check_failure_fastfail 62501d92 f i MSVCRT:guard_support.obj
 0001:00000db1       ___castguard_check_failure_nop 62501db1 f i MSVCRT:guard_support.obj
 0001:00000db4       ___castguard_check_failure_os_handled 62501db4 f i MSVCRT:guard_support.obj
 0001:00000deb       ___castguard_check_failure_user_handled 62501deb f i MSVCRT:guard_support.obj
 0001:00000e59       ___castguard_set_user_handler 62501e59 f i MSVCRT:guard_support.obj
 0001:00000e68       ___castguard_slow_path_check_debugbreak 62501e68 f i MSVCRT:guard_support.obj
 0001:00000e95       ___castguard_slow_path_check_fastfail 62501e95 f i MSVCRT:guard_support.obj
 0001:00000ec6       ___castguard_slow_path_check_nop 62501ec6 f i MSVCRT:guard_support.obj
 0001:00000ec9       ___castguard_slow_path_check_os_handled 62501ec9 f i MSVCRT:guard_support.obj
 0001:00000f05       ___castguard_slow_path_check_user_handled 62501f05 f i MSVCRT:guard_support.obj
 0001:00000f66       __guard_icall_checks_enforced 62501f66 f i MSVCRT:guard_support.obj
 0001:00000fea       ?_RTC_AllocaFailure@@YAXPAXPAU_RTC_ALLOCA_NODE@@H@Z 62501fea f   MSVCRT:error.obj
 0001:000010c3       ?_RTC_Failure@@YAXPAXH@Z   625020c3 f   MSVCRT:error.obj
 0001:000010ff       ?_RTC_StackFailure@@YAXPAXPBD@Z 625020ff f   MSVCRT:error.obj
 0001:000014e5       __RTC_UninitUse            625024e5 f   MSVCRT:error.obj
 0001:00001584       __vsprintf_s_l             62502584 f i MSVCRT:error.obj
 0001:000015b2       _sprintf_s                 625025b2 f i MSVCRT:error.obj
 0001:000015ce       ___isa_available_init      625025ce f   MSVCRT:cpu_disp.obj
 0001:000018fb       __get_startup_argv_mode    625028fb f   MSVCRT:argv_mode.obj
 0001:000018ff       ___scrt_is_ucrt_dll_in_use 625028ff f   MSVCRT:ucrt_detection.obj
 0001:0000190b       @__security_check_cookie@4 6250290b f   MSVCRT:secchk.obj
 0001:00001b1d       ?_RTC_GetSrcLine@@YAHPAEPA_WKPAH1K@Z 62502b1d f   MSVCRT:pdblkup.obj
 0001:00001e72       __except_handler4_noexcept 62502e72 f   MSVCRT:chandler4_noexcept.obj
 0001:00001eb8       ___raise_securityfailure   62502eb8 f   MSVCRT:gs_report.obj
 0001:00001ee0       ___report_gsfailure        62502ee0 f   MSVCRT:gs_report.obj
 0001:00001fdb       ___report_rangecheckfailure 62502fdb f   MSVCRT:gs_report.obj
 0001:00001fe8       ___report_securityfailure  62502fe8 f   MSVCRT:gs_report.obj
 0001:000020b8       ___report_securityfailureEx 625030b8 f   MSVCRT:gs_report.obj
 0001:000021ce       ___std_type_info_destroy_list 625031ce f   vcruntime:VCRUNTIME140.dll
 0001:000021d4       ___current_exception       625031d4 f   vcruntime:VCRUNTIME140.dll
 0001:000021da       ___current_exception_context 625031da f   vcruntime:VCRUNTIME140.dll
 0001:000021e0       _memset                    625031e0 f   vcruntime:VCRUNTIME140.dll
 0001:000021e6       __except_handler4_common   625031e6 f   vcruntime:VCRUNTIME140.dll
 0001:000021ec       ___vcrt_GetModuleFileNameW 625031ec f   vcruntime:VCRUNTIME140.dll
 0001:000021f2       ___vcrt_LoadLibraryExW     625031f2 f   vcruntime:VCRUNTIME140.dll
 0001:000021f8       ___acrt_iob_func           625031f8 f   ucrt:api-ms-win-crt-stdio-l1-1-0.dll
 0001:000021fe       ___stdio_common_vfprintf   625031fe f   ucrt:api-ms-win-crt-stdio-l1-1-0.dll
 0001:00002204       _strcpy                    62503204 f   ucrt:api-ms-win-crt-string-l1-1-0.dll
 0001:0000220a       __initterm                 6250320a f   ucrt:api-ms-win-crt-runtime-l1-1-0.dll
 0001:00002210       __initterm_e               62503210 f   ucrt:api-ms-win-crt-runtime-l1-1-0.dll
 0001:00002216       __seh_filter_dll           62503216 f   ucrt:api-ms-win-crt-runtime-l1-1-0.dll
 0001:0000221c       __configure_narrow_argv    6250321c f   ucrt:api-ms-win-crt-runtime-l1-1-0.dll
 0001:00002222       __initialize_narrow_environment 62503222 f   ucrt:api-ms-win-crt-runtime-l1-1-0.dll
 0001:00002228       __initialize_onexit_table  62503228 f   ucrt:api-ms-win-crt-runtime-l1-1-0.dll
 0001:0000222e       __register_onexit_function 6250322e f   ucrt:api-ms-win-crt-runtime-l1-1-0.dll
 0001:00002234       __execute_onexit_table     62503234 f   ucrt:api-ms-win-crt-runtime-l1-1-0.dll
 0001:0000223a       __crt_atexit               6250323a f   ucrt:api-ms-win-crt-runtime-l1-1-0.dll
 0001:00002240       __crt_at_quick_exit        62503240 f   ucrt:api-ms-win-crt-runtime-l1-1-0.dll
 0001:00002246       __cexit                    62503246 f   ucrt:api-ms-win-crt-runtime-l1-1-0.dll
 0001:0000224c       _terminate                 6250324c f   ucrt:api-ms-win-crt-runtime-l1-1-0.dll
 0001:00002252       _strcpy_s                  62503252 f   ucrt:api-ms-win-crt-string-l1-1-0.dll
 0001:00002258       _strcat_s                  62503258 f   ucrt:api-ms-win-crt-string-l1-1-0.dll
 0001:0000225e       ___stdio_common_vsprintf_s 6250325e f   ucrt:api-ms-win-crt-stdio-l1-1-0.dll
 0001:00002264       _QueryPerformanceCounter@4 62503264 f   kernel32:KERNEL32.dll
 0001:0000226a       _GetCurrentProcessId@0     6250326a f   kernel32:KERNEL32.dll
 0001:00002270       _GetCurrentThreadId@0      62503270 f   kernel32:KERNEL32.dll
 0001:00002276       _GetSystemTimeAsFileTime@4 62503276 f   kernel32:KERNEL32.dll
 0001:0000227c       _DisableThreadLibraryCalls@4 6250327c f   kernel32:KERNEL32.dll
 0001:00002282       _InitializeSListHead@4     62503282 f   kernel32:KERNEL32.dll
 0001:00002288       _IsDebuggerPresent@0       62503288 f   kernel32:KERNEL32.dll
 0001:0000228e       _UnhandledExceptionFilter@4 6250328e f   kernel32:KERNEL32.dll
 0001:00002294       _SetUnhandledExceptionFilter@4 62503294 f   kernel32:KERNEL32.dll
 0001:0000229a       _GetStartupInfoW@4         6250329a f   kernel32:KERNEL32.dll
 0001:000022a0       _IsProcessorFeaturePresent@4 625032a0 f   kernel32:KERNEL32.dll
 0001:000022a6       _GetModuleHandleW@4        625032a6 f   kernel32:KERNEL32.dll
 0001:000022ac       _RaiseException@16         625032ac f   kernel32:KERNEL32.dll
 0001:000022b2       _MultiByteToWideChar@24    625032b2 f   kernel32:KERNEL32.dll
 0001:000022b8       _WideCharToMultiByte@32    625032b8 f   kernel32:KERNEL32.dll
 0001:000022be       _GetLastError@0            625032be f   kernel32:KERNEL32.dll
 0001:000022c4       _HeapAlloc@12              625032c4 f   kernel32:KERNEL32.dll
 0001:000022ca       _HeapFree@12               625032ca f   kernel32:KERNEL32.dll
 0001:000022d0       _GetProcessHeap@0          625032d0 f   kernel32:KERNEL32.dll
 0001:000022d6       _VirtualQuery@12           625032d6 f   kernel32:KERNEL32.dll
 0001:000022dc       _FreeLibrary@4             625032dc f   kernel32:KERNEL32.dll
 0001:000022e2       _GetProcAddress@8          625032e2 f   kernel32:KERNEL32.dll
 0001:000022e8       _GetCurrentProcess@0       625032e8 f   kernel32:KERNEL32.dll
 0001:000022ee       _TerminateProcess@8        625032ee f   kernel32:KERNEL32.dll
 0001:000022f4       ___acrt_initialize         625032f4 f   MSVCRT:ucrt_stubs.obj
 0001:000022f4       ___scrt_stub_for_acrt_initialize 625032f4 f   MSVCRT:ucrt_stubs.obj
 0001:000022f4       ___vcrt_initialize         625032f4 f   MSVCRT:ucrt_stubs.obj
 0001:000022f7       ___acrt_thread_attach      625032f7 f   MSVCRT:ucrt_stubs.obj
 0001:000022f7       ___scrt_stub_for_acrt_thread_attach 625032f7 f   MSVCRT:ucrt_stubs.obj
 0001:000022f7       ___vcrt_thread_attach      625032f7 f   MSVCRT:ucrt_stubs.obj
 0001:000022fa       ___acrt_thread_detach      625032fa f   MSVCRT:ucrt_stubs.obj
 0001:000022fa       ___scrt_stub_for_acrt_thread_detach 625032fa f   MSVCRT:ucrt_stubs.obj
 0001:000022fa       ___vcrt_thread_detach      625032fa f   MSVCRT:ucrt_stubs.obj
 0001:000022fd       ___acrt_uninitialize       625032fd f   MSVCRT:ucrt_stubs.obj
 0001:000022fd       ___scrt_stub_for_acrt_uninitialize 625032fd f   MSVCRT:ucrt_stubs.obj
 0001:000022fd       ___vcrt_uninitialize       625032fd f   MSVCRT:ucrt_stubs.obj
 0001:00002300       ___acrt_uninitialize_critical 62503300 f   MSVCRT:ucrt_stubs.obj
 0001:00002300       ___scrt_stub_for_acrt_uninitialize_critical 62503300 f   MSVCRT:ucrt_stubs.obj
 0001:00002300       ___vcrt_uninitialize_critical 62503300 f   MSVCRT:ucrt_stubs.obj
 0001:00002303       ___scrt_stub_for_is_c_termination_complete 62503303 f   MSVCRT:ucrt_stubs.obj
 0001:00002303       __is_c_termination_complete 62503303 f   MSVCRT:ucrt_stubs.obj
 0001:00002306       __filter_x86_sse2_floating_point_exception 62503306 f   MSVCRT:x86_exception_filter.obj
 0001:00002306       __filter_x86_sse2_floating_point_exception_default 62503306 f   MSVCRT:x86_exception_filter.obj
 0002:00000000       __imp__WideCharToMultiByte@32 62504000     kernel32:KERNEL32.dll
 0002:00000004       __imp__GetCurrentProcessId@0 62504004     kernel32:KERNEL32.dll
 0002:00000008       __imp__QueryPerformanceCounter@4 62504008     kernel32:KERNEL32.dll
 0002:0000000c       __imp__GetSystemTimeAsFileTime@4 6250400c     kernel32:KERNEL32.dll
 0002:00000010       __imp__DisableThreadLibraryCalls@4 62504010     kernel32:KERNEL32.dll
 0002:00000014       __imp__InitializeSListHead@4 62504014     kernel32:KERNEL32.dll
 0002:00000018       __imp__IsDebuggerPresent@0 62504018     kernel32:KERNEL32.dll
 0002:0000001c       __imp__TerminateProcess@8  6250401c     kernel32:KERNEL32.dll
 0002:00000020       __imp__GetCurrentProcess@0 62504020     kernel32:KERNEL32.dll
 0002:00000024       __imp__GetProcAddress@8    62504024     kernel32:KERNEL32.dll
 0002:00000028       __imp__FreeLibrary@4       62504028     kernel32:KERNEL32.dll
 0002:0000002c       __imp__VirtualQuery@12     6250402c     kernel32:KERNEL32.dll
 0002:00000030       __imp__GetProcessHeap@0    62504030     kernel32:KERNEL32.dll
 0002:00000034       __imp__HeapFree@12         62504034     kernel32:KERNEL32.dll
 0002:00000038       __imp__HeapAlloc@12        62504038     kernel32:KERNEL32.dll
 0002:0000003c       __imp__GetLastError@0      6250403c     kernel32:KERNEL32.dll
 0002:00000040       __imp__GetCurrentThreadId@0 62504040     kernel32:KERNEL32.dll
 0002:00000044       __imp__MultiByteToWideChar@24 62504044     kernel32:KERNEL32.dll
 0002:00000048       __imp__RaiseException@16   62504048     kernel32:KERNEL32.dll
 0002:0000004c       __imp__GetModuleHandleW@4  6250404c     kernel32:KERNEL32.dll
 0002:00000050       __imp__IsProcessorFeaturePresent@4 62504050     kernel32:KERNEL32.dll
 0002:00000054       __imp__GetStartupInfoW@4   62504054     kernel32:KERNEL32.dll
 0002:00000058       __imp__SetUnhandledExceptionFilter@4 62504058     kernel32:KERNEL32.dll
 0002:0000005c       __imp__UnhandledExceptionFilter@4 6250405c     kernel32:KERNEL32.dll
 0002:00000060       \177KERNEL32_NULL_THUNK_DATA 62504060     kernel32:KERNEL32.dll
 0002:00000064       __imp___except_handler4_common 62504064     vcruntime:VCRUNTIME140.dll
 0002:00000068       __imp____std_type_info_destroy_list 62504068     vcruntime:VCRUNTIME140.dll
 0002:0000006c       __imp__memset              6250406c     vcruntime:VCRUNTIME140.dll
 0002:00000070       __imp____current_exception_context 62504070     vcruntime:VCRUNTIME140.dll
 0002:00000074       __imp____current_exception 62504074     vcruntime:VCRUNTIME140.dll
 0002:00000078       __imp____vcrt_GetModuleFileNameW 62504078     vcruntime:VCRUNTIME140.dll
 0002:0000007c       __imp____vcrt_LoadLibraryExW 6250407c     vcruntime:VCRUNTIME140.dll
 0002:00000080       \177VCRUNTIME140_NULL_THUNK_DATA 62504080     vcruntime:VCRUNTIME140.dll
 0002:00000084       __imp___initialize_onexit_table 62504084     ucrt:api-ms-win-crt-runtime-l1-1-0.dll
 0002:00000088       __imp___initterm           62504088     ucrt:api-ms-win-crt-runtime-l1-1-0.dll
 0002:0000008c       __imp___initterm_e         6250408c     ucrt:api-ms-win-crt-runtime-l1-1-0.dll
 0002:00000090       __imp___seh_filter_dll     62504090     ucrt:api-ms-win-crt-runtime-l1-1-0.dll
 0002:00000094       __imp__terminate           62504094     ucrt:api-ms-win-crt-runtime-l1-1-0.dll
 0002:00000098       __imp___cexit              62504098     ucrt:api-ms-win-crt-runtime-l1-1-0.dll
 0002:0000009c       __imp___crt_at_quick_exit  6250409c     ucrt:api-ms-win-crt-runtime-l1-1-0.dll
 0002:000000a0       __imp___crt_atexit         625040a0     ucrt:api-ms-win-crt-runtime-l1-1-0.dll
 0002:000000a4       __imp___execute_onexit_table 625040a4     ucrt:api-ms-win-crt-runtime-l1-1-0.dll
 0002:000000a8       __imp___register_onexit_function 625040a8     ucrt:api-ms-win-crt-runtime-l1-1-0.dll
 0002:000000ac       __imp___initialize_narrow_environment 625040ac     ucrt:api-ms-win-crt-runtime-l1-1-0.dll
 0002:000000b0       __imp___configure_narrow_argv 625040b0     ucrt:api-ms-win-crt-runtime-l1-1-0.dll
 0002:000000b4       \177api-ms-win-crt-runtime-l1-1-0_NULL_THUNK_DATA 625040b4     ucrt:api-ms-win-crt-runtime-l1-1-0.dll
 0002:000000b8       __imp____acrt_iob_func     625040b8     ucrt:api-ms-win-crt-stdio-l1-1-0.dll
 0002:000000bc       __imp____stdio_common_vsprintf_s 625040bc     ucrt:api-ms-win-crt-stdio-l1-1-0.dll
 0002:000000c0       __imp____stdio_common_vfprintf 625040c0     ucrt:api-ms-win-crt-stdio-l1-1-0.dll
 0002:000000c4       \177api-ms-win-crt-stdio-l1-1-0_NULL_THUNK_DATA 625040c4     ucrt:api-ms-win-crt-stdio-l1-1-0.dll
 0002:000000c8       __imp__strcpy              625040c8     ucrt:api-ms-win-crt-string-l1-1-0.dll
 0002:000000cc       __imp__strcat_s            625040cc     ucrt:api-ms-win-crt-string-l1-1-0.dll
 0002:000000d0       __imp__strcpy_s            625040d0     ucrt:api-ms-win-crt-string-l1-1-0.dll
 0002:000000d4       \177api-ms-win-crt-string-l1-1-0_NULL_THUNK_DATA 625040d4     ucrt:api-ms-win-crt-string-l1-1-0.dll
 0002:000000d8       ___guard_check_icall_fptr  625040d8     MSVCRT:guard_support.obj
 0002:000000dc       ___guard_xfg_check_icall_fptr 625040dc     MSVCRT:guard_support.obj
 0002:000000e0       ___castguard_check_failure_os_handled_fptr 625040e0     MSVCRT:guard_support.obj
 0002:000000e4       ___xc_a                    625040e4     MSVCRT:initializers.obj
 0002:000000e8       ___xc_z                    625040e8     MSVCRT:initializers.obj
 0002:000000ec       ___xi_a                    625040ec     MSVCRT:initializers.obj
 0002:000000f0       ___xi_z                    625040f0     MSVCRT:initializers.obj
 0002:000000f4       ___xp_a                    625040f4     MSVCRT:initializers.obj
 0002:000000f8       ___xp_z                    625040f8     MSVCRT:initializers.obj
 0002:000000fc       ___xt_a                    625040fc     MSVCRT:initializers.obj
 0002:00000100       ___xt_z                    62504100     MSVCRT:initializers.obj
 0002:00000108       __pDefaultRawDllMain       62504108     MSVCRT:dll_dllmain.obj
 0002:00000108       __pRawDllMain              62504108     MSVCRT:dll_dllmain.obj
 0002:00000120       ??_C@_0BJ@HEGAHDFO@Stack?5pointer?5corruption@ 62504120     MSVCRT:userapi.obj
 0002:0000013c       ??_C@_0CK@FEGOIOPB@Cast?5to?5smaller?5type?5causing?5lo@ 6250413c     MSVCRT:userapi.obj
 0002:00000168       ??_C@_0BI@CIGMDCBH@Stack?5memory?5corruption@ 62504168     MSVCRT:userapi.obj
 0002:00000180       ??_C@_0CK@CNLNOEPB@Local?5variable?5used?5before?5init@ 62504180     MSVCRT:userapi.obj
 0002:000001ac       ??_C@_0BP@OGBCLIBO@Stack?5around?5_alloca?5corrupted@ 625041ac     MSVCRT:userapi.obj
 0002:00000268       ??_C@_0NN@JMPELKLB@The?5value?5of?5ESP?5was?5not?5proper@ 62504268     MSVCRT:error.obj
 0002:00000348       ??_C@_0BBN@ELNNILBE@A?5cast?5to?5a?5smaller?5data?5type?5h@ 62504348     MSVCRT:error.obj
 0002:00000468       ??_C@_0BN@BPOGFMJL@Stack?5memory?5was?5corrupted?$AN?6@ 62504468     MSVCRT:error.obj
 0002:00000488       ??_C@_0DG@DAJCDLPN@A?5local?5variable?5was?5used?5befor@ 62504488     MSVCRT:error.obj
 0002:000004c0       ??_C@_0CM@JMIDGKLA@Stack?5memory?5around?5_alloca?5was@ 625044c0     MSVCRT:error.obj
 0002:000004ec       ??_C@_0BO@CHIONIOI@Unknown?5Runtime?5Check?5Error?$AN?6@ 625044ec     MSVCRT:error.obj
 0002:00000510       ??_C@_1GM@CNOOJIHC@?$AAR?$AAu?$AAn?$AAt?$AAi?$AAm?$AAe?$AA?5?$AAC?$AAh?$AAe?$AAc?$AAk?$AA?5?$AAE@ 62504510     MSVCRT:error.obj
 0002:00000580       ??_C@_1EA@NFKNIFJP@?$AAR?$AAu?$AAn?$AA?9?$AAT?$AAi?$AAm?$AAe?$AA?5?$AAC?$AAh?$AAe?$AAc?$AAk?$AA?5@ 62504580     MSVCRT:error.obj
 0002:000005c0       ??_C@_0BB@PFFGGCJP@Unknown?5Filename@ 625045c0     MSVCRT:error.obj
 0002:000005d4       ??_C@_0BE@GNBOBNCK@Unknown?5Module?5Name@ 625045d4     MSVCRT:error.obj
 0002:000005e8       ??_C@_0CA@IODNCDPG@Run?9Time?5Check?5Failure?5?$CD?$CFd?5?9?5?$CFs@ 625045e8     MSVCRT:error.obj
 0002:00000608       ??_C@_0CG@IAFNJNEE@Stack?5corrupted?5near?5unknown?5va@ 62504608     MSVCRT:error.obj
 0002:00000630       ??_C@_05MKKEDADM@?$CF?42X?5@ 62504630     MSVCRT:error.obj
 0002:00000638       ??_C@_0EJ@LJKNEOLN@Stack?5area?5around?5_alloca?5memor@ 62504638     MSVCRT:error.obj
 0002:00000684       ??_C@_01EEMJAFIK@?6@       62504684     MSVCRT:error.obj
 0002:00000688       ??_C@_02LLMPMKNF@?$DO?5@   62504688     MSVCRT:error.obj
 0002:0000068c       ??_C@_08OMAHNMHJ@?6Data?3?5?$DM@ 6250468c     MSVCRT:error.obj
 0002:00000698       ??_C@_0CK@DKGBICFE@?6Allocation?5number?5within?5this?5@ 62504698     MSVCRT:error.obj
 0002:000006c4       ??_C@_07DFDJCKFN@?6Size?3?5@ 625046c4     MSVCRT:error.obj
 0002:000006cc       ??_C@_0N@MHFFIMFG@?6Address?3?50x@ 625046cc     MSVCRT:error.obj
 0002:000006e0       ??_C@_0EI@CLEPFNGI@Stack?5area?5around?5_alloca?5memor@ 625046e0     MSVCRT:error.obj
 0002:00000728       ??_C@_0BK@ODNDAGKB@?$CFs?$CFs?$CFp?$CFs?$CFzd?$CFs?$CFd?$CFs?$CFs?$CFs?$CFs?$CFs@ 62504728     MSVCRT:error.obj
 0002:00000744       ??_C@_0DE@OHJBPMBP@A?5variable?5is?5being?5used?5withou@ 62504744     MSVCRT:error.obj
 0002:000007a0       ??_C@_1EI@MLPKHBGE@?$AAa?$AAp?$AAi?$AA?9?$AAm?$AAs?$AA?9?$AAw?$AAi?$AAn?$AA?9?$AAc?$AAo?$AAr?$AAe@ 625047a0     MSVCRT:pdblkup.obj
 0002:000007e8       ??_C@_1BK@JHLNAEJL@?$AAa?$AAd?$AAv?$AAa?$AAp?$AAi?$AA3?$AA2?$AA?4?$AAd?$AAl?$AAl@ 625047e8     MSVCRT:pdblkup.obj
 0002:00000804       ??_C@_0O@COHOBMLB@RegOpenKeyExW@ 62504804     MSVCRT:pdblkup.obj
 0002:00000814       ??_C@_0BB@GLNAEDBD@RegQueryValueExW@ 62504814     MSVCRT:pdblkup.obj
 0002:00000828       ??_C@_0M@HLOHPNFA@RegCloseKey@ 62504828     MSVCRT:pdblkup.obj
 0002:00000838       ??_C@_1HE@EBEAGLFB@?$AAS?$AAO?$AAF?$AAT?$AAW?$AAA?$AAR?$AAE?$AA?2?$AAW?$AAo?$AAw?$AA6?$AA4?$AA3@ 62504838     MSVCRT:pdblkup.obj
 0002:000008ac       ??_C@_1BG@EABPBLLF@?$AAP?$AAr?$AAo?$AAd?$AAu?$AAc?$AAt?$AAD?$AAi?$AAr@ 625048ac     MSVCRT:pdblkup.obj
 0002:000008c4       ??_C@_0BB@KCIACLNC@PDBOpenValidate5@ 625048c4     MSVCRT:pdblkup.obj
 0002:000008d8       ??_C@_01KDCPPGHE@r@        625048d8     MSVCRT:pdblkup.obj
 0002:000008e8       __load_config_used         625048e8     MSVCRT:loadcfg.obj
 0002:00000a00       ___CastGuardVftablesStart  62504a00     MSVCRT:guard_support.obj
 0002:00000a40       ___CastGuardVftablesEnd    62504a40     MSVCRT:guard_support.obj
 0002:00000a80       ___volatile_metadata       62504a80     <linker-defined>
 0002:00000e80       ___rtc_iaa                 62504e80     MSVCRT:initsect.obj
 0002:00000e88       ___rtc_izz                 62504e88     MSVCRT:initsect.obj
 0002:00000e8c       ___rtc_taa                 62504e8c     MSVCRT:initsect.obj
 0002:00000e94       ___rtc_tzz                 62504e94     MSVCRT:initsect.obj
 0002:000010d8       __IMPORT_DESCRIPTOR_VCRUNTIME140 625050d8     vcruntime:VCRUNTIME140.dll
 0002:000010ec       __IMPORT_DESCRIPTOR_api-ms-win-crt-stdio-l1-1-0 625050ec     ucrt:api-ms-win-crt-stdio-l1-1-0.dll
 0002:00001100       __IMPORT_DESCRIPTOR_api-ms-win-crt-string-l1-1-0 62505100     ucrt:api-ms-win-crt-string-l1-1-0.dll
 0002:00001114       __IMPORT_DESCRIPTOR_api-ms-win-crt-runtime-l1-1-0 62505114     ucrt:api-ms-win-crt-runtime-l1-1-0.dll
 0002:00001128       __IMPORT_DESCRIPTOR_KERNEL32 62505128     kernel32:KERNEL32.dll
 0002:0000113c       __NULL_IMPORT_DESCRIPTOR   6250513c     vcruntime:VCRUNTIME140.dll
 0003:00000038       ___scrt_native_dllmain_reason 62506038     MSVCRT:utility.obj
 0003:00000040       ?_RTC_ErrorLevels@@3PAHA   62506040     MSVCRT:error.obj
 0003:00000080       ___security_cookie         62506080     MSVCRT:gs_cookie.obj
 0003:000000c0       ___security_cookie_complement 625060c0     MSVCRT:gs_cookie.obj
 0003:000000c8       ___isa_inverted            625060c8     MSVCRT:cpu_disp.obj
 0003:000000d0       ___isa_enabled             625060d0     MSVCRT:cpu_disp.obj
 0003:000000d4       ___scrt_ucrt_dll_is_in_use 625060d4     MSVCRT:ucrt_stubs.obj
 0003:000000e8       ?__type_info_root_node@@3U__type_info_node@@A 625060e8     MSVCRT:tncleanup.obj
 0003:000000f0       ?_OptionsStorage@?1??__local_stdio_printf_options@@9@4_KA 625060f0     MSVCRT:default_local_stdio_options.obj
 0003:000000f8       ?_OptionsStorage@?1??__local_stdio_scanf_options@@9@4_KA 625060f8     MSVCRT:default_local_stdio_options.obj
 0003:00000100       ___scrt_current_native_startup_state 62506100     MSVCRT:utility.obj
 0003:00000104       ___scrt_native_startup_lock 62506104     MSVCRT:utility.obj
 0003:00000124       ___scrt_debugger_hook_flag 62506124     MSVCRT:utility_desktop.obj
 0003:00000128       ___castguard_check_failure_user_handled_fptr 62506128     MSVCRT:guard_support.obj
 0003:0000012c       ___avx10_version           6250612c     MSVCRT:cpu_disp.obj
 0003:00000130       ___isa_available           62506130     MSVCRT:cpu_disp.obj
 0003:00000134       ___favor                   62506134     MSVCRT:cpu_disp.obj
 0003:00000460       ?_OptionsStorage@?1??__local_stdio_printf_options@@9@9 62506460     <common>
 0003:00000468       ___dyn_tls_init_callback   62506468     <common>

 entry point at        0001:00000544

 Static symbols

 0000:ffff7000       .debug$S                   62500000     libessfunc.exp
 0000:ffff7000       .debug$S                   62500000     ucrt:api-ms-win-crt-runtime-l1-1-0.dll
 0000:ffff7000       .debug$S                   62500000     ucrt:api-ms-win-crt-runtime-l1-1-0.dll
 0000:ffff7000       .debug$S                   62500000     ucrt:api-ms-win-crt-runtime-l1-1-0.dll
 0000:ffff7000       .debug$S                   62500000     ucrt:api-ms-win-crt-runtime-l1-1-0.dll
 0000:ffff7000       .debug$S                   62500000     ucrt:api-ms-win-crt-runtime-l1-1-0.dll
 0000:ffff7000       .debug$S                   62500000     ucrt:api-ms-win-crt-runtime-l1-1-0.dll
 0000:ffff7000       .debug$S                   62500000     ucrt:api-ms-win-crt-runtime-l1-1-0.dll
 0000:ffff7000       .debug$S                   62500000     ucrt:api-ms-win-crt-runtime-l1-1-0.dll
 0000:ffff7000       .debug$S                   62500000     ucrt:api-ms-win-crt-runtime-l1-1-0.dll
 0000:ffff7000       .debug$S                   62500000     ucrt:api-ms-win-crt-runtime-l1-1-0.dll
 0000:ffff7000       .debug$S                   62500000     ucrt:api-ms-win-crt-runtime-l1-1-0.dll
 0000:ffff7000       .debug$S                   62500000     ucrt:api-ms-win-crt-runtime-l1-1-0.dll
 0000:ffff7000       .debug$S                   62500000     ucrt:api-ms-win-crt-stdio-l1-1-0.dll
 0000:ffff7000       .debug$S                   62500000     ucrt:api-ms-win-crt-stdio-l1-1-0.dll
 0000:ffff7000       .debug$S                   62500000     ucrt:api-ms-win-crt-stdio-l1-1-0.dll
 0000:ffff7000       .debug$S                   62500000     ucrt:api-ms-win-crt-string-l1-1-0.dll
 0000:ffff7000       .debug$S                   62500000     ucrt:api-ms-win-crt-string-l1-1-0.dll
 0000:ffff7000       .debug$S                   62500000     ucrt:api-ms-win-crt-string-l1-1-0.dll
 0000:ffff7000       .debug$S                   62500000     kernel32:KERNEL32.dll
 0000:ffff7000       .debug$S                   62500000     kernel32:KERNEL32.dll
 0000:ffff7000       .debug$S                   62500000     kernel32:KERNEL32.dll
 0000:ffff7000       .debug$S                   62500000     kernel32:KERNEL32.dll
 0000:ffff7000       .debug$S                   62500000     kernel32:KERNEL32.dll
 0000:ffff7000       .debug$S                   62500000     kernel32:KERNEL32.dll
 0000:ffff7000       .debug$S                   62500000     kernel32:KERNEL32.dll
 0000:ffff7000       .debug$S                   62500000     kernel32:KERNEL32.dll
 0000:ffff7000       .debug$S                   62500000     kernel32:KERNEL32.dll
 0000:ffff7000       .debug$S                   62500000     kernel32:KERNEL32.dll
 0000:ffff7000       .debug$S                   62500000     kernel32:KERNEL32.dll
 0000:ffff7000       .debug$S                   62500000     kernel32:KERNEL32.dll
 0000:ffff7000       .debug$S                   62500000     kernel32:KERNEL32.dll
 0000:ffff7000       .debug$S                   62500000     kernel32:KERNEL32.dll
 0000:ffff7000       .debug$S                   62500000     kernel32:KERNEL32.dll
 0000:ffff7000       .debug$S                   62500000     kernel32:KERNEL32.dll
 0000:ffff7000       .debug$S                   62500000     kernel32:KERNEL32.dll
 0000:ffff7000       .debug$S                   62500000     kernel32:KERNEL32.dll
 0000:ffff7000       .debug$S                   62500000     kernel32:KERNEL32.dll
 0000:ffff7000       .debug$S                   62500000     kernel32:KERNEL32.dll
 0000:ffff7000       .debug$S                   62500000     kernel32:KERNEL32.dll
 0000:ffff7000       .debug$S                   62500000     kernel32:KERNEL32.dll
 0000:ffff7000       .debug$S                   62500000     kernel32:KERNEL32.dll
 0000:ffff7000       .debug$S                   62500000     kernel32:KERNEL32.dll
 0002:ffffc000       __guard_fids___except_handler4 62500000     MSVCRT:chandler4gs.obj
 0000:00000000       _volmd                     62500000     MSVCRT:cpu_disp.obj
 0002:ffffc000       __guard_fids_?dllmain_dispatch@@YAHQAUHINSTANCE__@@KQAX@Z 62500000     MSVCRT:dll_dllmain.obj
 0000:00000000       _volmd                     62500000     MSVCRT:gs_report.obj
 0002:ffffc000       __guard_fids__             62500000     MSVCRT:guard_support.obj
 0002:ffffc000       __guard_fids__             62500000     MSVCRT:guard_support.obj
 0002:ffffc000       __guard_fids___guard_icall_checks_enforced 62500000     MSVCRT:guard_support.obj
 0000:00000000       _volmd                     62500000     MSVCRT:guard_support.obj
 0000:00000000       _volmd                     62500000     MSVCRT:guard_support.obj
 0000:00000000       _volmd                     62500000     MSVCRT:guard_support.obj
 0000:00000000       _volmd                     62500000     MSVCRT:guard_support.obj
 0000:00000000       _volmd                     62500000     MSVCRT:guard_support.obj
 0000:00000000       _volmd                     62500000     MSVCRT:guard_support.obj
 0000:00000000       _volmd                     62500000     MSVCRT:guard_support.obj
 0000:00000000       _volmd                     62500000     MSVCRT:guard_support.obj
 0000:00000000       _volmd                     62500000     MSVCRT:guard_support.obj
 0002:ffffc000       __guard_fids____scrt_set_unhandled_exception_filter 62500000     MSVCRT:utility_desktop.obj
 0000:ffff7000       .debug$S                   62500000     vcruntime:VCRUNTIME140.dll
 0000:ffff7000       .debug$S                   62500000     vcruntime:VCRUNTIME140.dll
 0000:ffff7000       .debug$S                   62500000     vcruntime:VCRUNTIME140.dll
 0000:ffff7000       .debug$S                   62500000     vcruntime:VCRUNTIME140.dll
 0000:ffff7000       .debug$S                   62500000     vcruntime:VCRUNTIME140.dll
 0000:ffff7000       .debug$S                   62500000     vcruntime:VCRUNTIME140.dll
 0000:ffff7000       .debug$S                   62500000     vcruntime:VCRUNTIME140.dll
 0001:000001fd       ?dllmain_crt_dispatch@@YGHQAUHINSTANCE__@@KQAX@Z 625011fd f   MSVCRT:dll_dllmain.obj
 0001:00000250       ?dllmain_crt_process_attach@@YAHQAUHINSTANCE__@@QAX@Z 62501250 f   MSVCRT:dll_dllmain.obj
 0001:00000357       ?dllmain_crt_process_detach@@YAH_N@Z 62501357 f   MSVCRT:dll_dllmain.obj
 0001:00000405       ?dllmain_dispatch@@YAHQAUHINSTANCE__@@KQAX@Z 62501405 f   MSVCRT:dll_dllmain.obj
 0001:00000510       ?dllmain_raw@@YGHQAUHINSTANCE__@@KQAX@Z 62501510 f   MSVCRT:dll_dllmain.obj
 0001:000005e6       ___get_entropy             625015e6 f   MSVCRT:gs_support.obj
 0001:000006e8       ?find_pe_section@@YAPAU_IMAGE_SECTION_HEADER@@QAEI@Z 625016e8 f   MSVCRT:utility.obj
 0001:0000072f       ?is_potentially_valid_image_base@@YA_NQAX@Z 6250172f f   MSVCRT:utility.obj
 0001:00000cc0       $$000000                   62501cc0     MSVCRT:sehprolg4.obj
 0001:00000d10       $$000000                   62501d10     MSVCRT:sehprolg4.obj
 0001:00000dda       ___castguard_check_failure_os_handled_wrapper 62501dda f   MSVCRT:guard_support.obj
 0001:00000e1f       ___castguard_check_failure_user_handled_wrapper 62501e1f f   MSVCRT:guard_support.obj
 0001:00000e3e       ___castguard_compat_check  62501e3e f   MSVCRT:guard_support.obj
 0001:00000f4c       ___castguard_slow_path_compat_check 62501f4c f   MSVCRT:guard_support.obj
 0001:00000f78       ?DebuggerProbe@@YA_NK@Z    62501f78 f   MSVCRT:error.obj
 0001:00000fa8       ?DebuggerRuntime@@YA_NKHPAXPB_W@Z 62501fa8 f   MSVCRT:error.obj
 0001:000011a5       ?_getMemBlockDataString@@YAXPAD0PBDI@Z 625021a5 f   MSVCRT:error.obj
 0001:00001225       ?_strlen_priv@@YAIPBD@Z    62502225 f   MSVCRT:error.obj
 0001:00001238       ?failwithmessage@@YAXPAXHHPBD@Z 62502238 f   MSVCRT:error.obj
 0001:00001494       ?notify_debugger@@YAXABUtagEXCEPTION_VISUALCPP_DEBUG_INFO@@@Z 62502494 f   MSVCRT:error.obj
 0001:00001919       ?GetPdbDll@@YAPAUHINSTANCE__@@XZ 62502919 f   MSVCRT:pdblkup.obj
 0001:00001931       ?GetPdbDllFromInstallPath@@YAPAUHINSTANCE__@@XZ 62502931 f   MSVCRT:pdblkup.obj
 0002:0000010c       ?_RTC_errlist@@3QBQBDB     6250410c     MSVCRT:userapi.obj
 0002:000001cc       ?_RTC_ErrorMessages@@3QBQBDB 625041cc     MSVCRT:error.obj
 0002:000001e4       ?_RTC_NoFalsePositives@@3QBHB 625041e4     MSVCRT:error.obj
 0002:000001fc       ?stack_premsg@@3QBDB       625041fc     MSVCRT:error.obj
 0002:00000218       ?stack_postmsg@@3QBDB      62504218     MSVCRT:error.obj
 0002:0000022c       ?uninit_premsg@@3QBDB      6250422c     MSVCRT:error.obj
 0002:0000023c       ?uninit_postmsg@@3QBDB     6250423c     MSVCRT:error.obj
 0002:00000778       ?mspdbName@@3QB_WB         62504778     MSVCRT:pdblkup.obj
 0002:000008dc       _GS_ExceptionPointers      625048dc     MSVCRT:gs_report.obj
 0002:00000e84       __RTC_InitBase.rtc$IMZ     62504e84     essfunc.obj
 0002:00000e90       __RTC_Shutdown.rtc$TMZ     62504e90     essfunc.obj
 0002:00000e98       __sehtable$?dllmain_crt_process_attach@@YAHQAUHINSTANCE__@@QAX@Z 62504e98     MSVCRT:dll_dllmain.obj
 0002:00000eb8       __sehtable$?dllmain_crt_process_detach@@YAH_N@Z 62504eb8     MSVCRT:dll_dllmain.obj
 0002:00000ee0       __sehtable$?dllmain_dispatch@@YAHQAUHINSTANCE__@@KQAX@Z 62504ee0     MSVCRT:dll_dllmain.obj
 0002:00000f00       __sehtable$___scrt_is_nonwritable_in_current_image 62504f00     MSVCRT:utility.obj
 0002:00000f20       __sehtable$?notify_debugger@@YAXABUtagEXCEPTION_VISUALCPP_DEBUG_INFO@@@Z 62504f20     MSVCRT:error.obj
 0002:00000f40       .edata                     62504f40     libessfunc.exp
 0002:00000f68       rgpv                       62504f68     libessfunc.exp
 0002:00000fa0       rgszName                   62504fa0     libessfunc.exp
 0002:00000fd8       rgwOrd                     62504fd8     libessfunc.exp
 0002:00000ff4       szName                     62504ff4     libessfunc.exp
 0002:00000fff       $N00001                    62504fff     libessfunc.exp
 0002:0000100e       $N00002                    6250500e     libessfunc.exp
 0002:0000101e       $N00003                    6250501e     libessfunc.exp
 0002:0000102e       $N00004                    6250502e     libessfunc.exp
 0002:0000103e       $N00005                    6250503e     libessfunc.exp
 0002:0000104e       $N00006                    6250504e     libessfunc.exp
 0002:0000105e       $N00007                    6250505e     libessfunc.exp
 0002:0000106d       $N00008                    6250506d     libessfunc.exp
 0002:0000107c       $N00009                    6250507c     libessfunc.exp
 0002:0000108b       $N00010                    6250508b     libessfunc.exp
 0002:0000109a       $N00011                    6250509a     libessfunc.exp
 0002:000010a9       $N00012                    625050a9     libessfunc.exp
 0002:000010b8       $N00013                    625050b8     libessfunc.exp
 0002:000010c7       $N00014                    625050c7     libessfunc.exp
 0002:000012d4       .idata$6                   625052d4     vcruntime:VCRUNTIME140.dll
 0002:00001442       .idata$6                   62505442     ucrt:api-ms-win-crt-stdio-l1-1-0.dll
 0002:00001462       .idata$6                   62505462     ucrt:api-ms-win-crt-string-l1-1-0.dll
 0002:00001484       .idata$6                   62505484     ucrt:api-ms-win-crt-runtime-l1-1-0.dll
 0002:00001698       .idata$6                   62505698     kernel32:KERNEL32.dll
 0003:00000000       $SG10313                   62506000     essfunc.obj
 0003:00000008       $SG10314                   62506008     essfunc.obj
 0003:00000034       $SG10333                   62506034     essfunc.obj
 0003:000000d8       ?init@?1??_RTC_InitBase@@9@4_NA 625060d8     MSVCRT:init.obj
 0003:000000dc       ?__proc_attached@@3HA      625060dc     MSVCRT:dll_dllmain.obj
 0003:000000e0       ?_RTC_ErrorReportFunc@@3P6AHHPBDH00ZZA 625060e0     MSVCRT:userapi.obj
 0003:000000e4       ?_RTC_ErrorReportFuncW@@3P6AHHPB_WH00ZZA 625060e4     MSVCRT:userapi.obj
 0003:00000108       ?is_initialized_as_dll@@3_NA 62506108     MSVCRT:utility.obj
 0003:00000109       ?module_local_atexit_table_initialized@@3_NA 62506109     MSVCRT:utility.obj
 0003:0000010c       ?module_local_atexit_table@@3U_onexit_table_t@@A 6250610c     MSVCRT:utility.obj
 0003:00000118       ?module_local_at_quick_exit_table@@3U_onexit_table_t@@A 62506118     MSVCRT:utility.obj
 0003:00000138       ?mspdb@@3PAUHINSTANCE__@@A 62506138     MSVCRT:pdblkup.obj
 0003:0000013c       ?alreadyTried@?1??GetPdbDll@@YAPAUHINSTANCE__@@XZ@4_NA 6250613c     MSVCRT:pdblkup.obj
 0003:0000013d       ?PDBOK@?1??_RTC_GetSrcLine@@YAHPAEPA_WKPAH1K@Z@4_NA 6250613d     MSVCRT:pdblkup.obj
 0003:00000140       _GS_ExceptionRecord        62506140     MSVCRT:gs_report.obj
 0003:00000190       _GS_ContextRecord          62506190     MSVCRT:gs_report.obj
 0004:00000060       $R000000                   62507060     * linker generated manifest res *

 Exports

  ordinal    name

        1    _EssentialFunc1
               exported name: EssentialFunc1
        2    _EssentialFunc10
               exported name: EssentialFunc10
        3    _EssentialFunc11
               exported name: EssentialFunc11
        4    _EssentialFunc12
               exported name: EssentialFunc12
        5    _EssentialFunc13
               exported name: EssentialFunc13
        6    _EssentialFunc14
               exported name: EssentialFunc14
        7    _EssentialFunc2
               exported name: EssentialFunc2
        8    _EssentialFunc3
               exported name: EssentialFunc3
        9    _EssentialFunc4
               exported name: EssentialFunc4
       10    _EssentialFunc5
               exported name: EssentialFunc5
       11    _EssentialFunc6
               exported name: EssentialFunc6
       12    _EssentialFunc7
               exported name: EssentialFunc7
       13    _EssentialFunc8
               exported name: EssentialFunc8
       14    _EssentialFunc9
               exported name: EssentialFunc9
