 Essfun

 Timestamp is 66d3441d (Sat Aug 31 12:26:05 2024)

 Preferred load address is 62500000

 Start         Length     Name                   Class
 0001:00000000 00002375H .text$mn                CODE
 0002:00000000 000000d8H .idata$5                DATA
 0002:000000d8 0000000cH .00cfg                  DATA
 0002:000000e4 00000004H .CRT$XCA                DATA
 0002:000000e8 00000004H .CRT$XCZ                DATA
 0002:000000ec 00000004H .CRT$XIA                DATA
 0002:000000f0 00000004H .CRT$XIZ                DATA
 0002:000000f4 00000004H .CRT$XPA                DATA
 0002:000000f8 00000004H .CRT$XPZ                DATA
 0002:000000fc 00000004H .CRT$XTA                DATA
 0002:00000100 00000008H .CRT$XTZ                DATA
 0002:00000104 00000000H .gfids$y                DATA
 0002:00000108 000008f8H .rdata                  DATA
 0002:00000a00 00000040H .rdata$CastGuardVftablesA DATA
 0002:00000a40 00000040H .rdata$CastGuardVftablesC DATA
 0002:00000a80 00000090H .rdata$voltmd           DATA
 0002:00000b10 0000031cH .rdata$zzzdbg           DATA
 0002:00000e2c 00000004H .rtc$IAA                DATA
 0002:00000e30 00000004H .rtc$IMZ                DATA
 0002:00000e34 00000004H .rtc$IZZ                DATA
 0002:00000e38 00000004H .rtc$TAA                DATA
 0002:00000e3c 00000004H .rtc$TMZ                DATA
 0002:00000e40 00000008H .rtc$TZZ                DATA
 0002:00000e48 000000a8H .xdata$x                DATA
 0002:00000ef0 00000198H .edata                  DATA
 0002:00001088 00000064H .idata$2                DATA
 0002:000010ec 00000014H .idata$3                DATA
 0002:00001100 000000d8H .idata$4                DATA
 0002:000011d8 0000047eH .idata$6                DATA
 0003:00000000 000000d8H .data                   DATA
 0003:000000d8 00000394H .bss                    DATA
 0004:00000000 00000060H .rsrc$01                DATA
 0004:00000060 00000098H .rsrc$02                DATA

  Address         Publics by Value              Rva+Base       Lib:Object

 0000:00000000       ___AbsoluteZero            00000000     <absolute>
 0000:00000000       ___arm64x_extra_rfe_table  00000000     <absolute>
 0000:00000000       ___arm64x_extra_rfe_table_size 00000000     <absolute>
 0000:00000000       ___arm64x_native_entrypoint 00000000     <absolute>
 0000:00000000       ___arm64x_redirection_metadata 00000000     <absolute>
 0000:00000000       ___arm64x_redirection_metadata_count 00000000     <absolute>
 0000:00000000       ___dynamic_value_reloc_table 00000000     <absolute>
 0000:00000000       ___enclave_config          00000000     <absolute>
 0000:00000000       ___guard_check_icall_a64n_fptr 00000000     <absolute>
 0000:00000000       ___guard_eh_cont_count     00000000     <absolute>
 0000:00000000       ___guard_eh_cont_table     00000000     <absolute>
 0000:00000000       ___guard_fids_count        00000000     <absolute>
 0000:00000000       ___guard_fids_table        00000000     <absolute>
 0000:00000000       ___guard_iat_count         00000000     <absolute>
 0000:00000000       ___guard_iat_table         00000000     <absolute>
 0000:00000000       ___guard_longjmp_count     00000000     <absolute>
 0000:00000000       ___guard_longjmp_table     00000000     <absolute>
 0000:00000000       ___hybrid_auxiliary_delayload_iat 00000000     <absolute>
 0000:00000000       ___hybrid_auxiliary_delayload_iat_copy 00000000     <absolute>
 0000:00000000       ___hybrid_auxiliary_iat    00000000     <absolute>
 0000:00000000       ___hybrid_auxiliary_iat_copy 00000000     <absolute>
 0000:00000000       ___hybrid_code_map         00000000     <absolute>
 0000:00000000       ___hybrid_code_map_count   00000000     <absolute>
 0000:00000000       ___hybrid_image_info_bitfield 00000000     <absolute>
 0000:00000000       ___safe_se_handler_count   00000000     <absolute>
 0000:00000000       ___safe_se_handler_table   00000000     <absolute>
 0000:00000000       ___x64_code_ranges_to_entry_points 00000000     <absolute>
 0000:00000000       ___x64_code_ranges_to_entry_points_count 00000000     <absolute>
 0000:00000100       ___guard_flags             00000100     <absolute>
 0000:00000000       ___ImageBase               62500000     <linker-defined>
 0001:00000000       _EssentialFunc1            62501000 f   essfunc.obj
 0001:00000020       _EssentialFunc2            62501020 f   essfunc.obj
 0001:00000030       _EssentialFunc3            62501030 f   essfunc.obj
 0001:00000040       _EssentialFunc4            62501040 f   essfunc.obj
 0001:00000050       _EssentialFunc5            62501050 f   essfunc.obj
 0001:00000060       _EssentialFunc6            62501060 f   essfunc.obj
 0001:00000070       _EssentialFunc7            62501070 f   essfunc.obj
 0001:00000080       _EssentialFunc8            62501080 f   essfunc.obj
 0001:00000090       _EssentialFunc9            62501090 f   essfunc.obj
 0001:000000a0       _EssentialFunc10           625010a0 f   essfunc.obj
 0001:000000c0       _EssentialFunc11           625010c0 f   essfunc.obj
 0001:000000e0       _EssentialFunc12           625010e0 f   essfunc.obj
 0001:00000120       _EssentialFunc13           62501120 f   essfunc.obj
 0001:00000140       _EssentialFunc14           62501140 f   essfunc.obj
 0001:00000160       ___local_stdio_printf_options 62501160 f i essfunc.obj
 0001:00000170       __vfprintf_l               62501170 f i essfunc.obj
 0001:000001a0       _printf                    625011a0 f i essfunc.obj
 0001:000001db       __CRT_RTC_INIT             625011db f   MSVCRT:init.obj
 0001:000001de       __CRT_RTC_INITW            625011de f   MSVCRT:init.obj
 0001:000001e1       __RTC_InitBase             625011e1 f   MSVCRT:init.obj
 0001:000001fa       __RTC_Shutdown             625011fa f   MSVCRT:init.obj
 0001:0000053d       __CRT_INIT@12              6250153d f   MSVCRT:dll_dllmain.obj
 0001:00000546       __DllMainCRTStartup@12     62501546 f   MSVCRT:dll_dllmain.obj
 0001:00000569       ?_RTC_GetErrorFunc@@YAP6AHHPBDH00ZZPBX@Z 62501569 f   MSVCRT:userapi.obj
 0001:0000056f       ?_RTC_GetErrorFuncW@@YAP6AHHPB_WH00ZZPBX@Z 6250156f f   MSVCRT:userapi.obj
 0001:00000575       __RTC_GetErrDesc           62501575 f   MSVCRT:userapi.obj
 0001:0000058d       __RTC_NumErrors            6250158d f   MSVCRT:userapi.obj
 0001:00000591       __RTC_SetErrorFunc         62501591 f   MSVCRT:userapi.obj
 0001:000005ab       __RTC_SetErrorFuncW        625015ab f   MSVCRT:userapi.obj
 0001:000005c5       __RTC_SetErrorType         625015c5 f   MSVCRT:userapi.obj
 0001:00000635       ___security_init_cookie    62501635 f   MSVCRT:gs_support.obj
 0001:00000680       _DllMain@12                62501680 f   MSVCRT:dll_dllmain_stub.obj
 0001:000006a2       ?__scrt_initialize_type_info@@YAXXZ 625016a2 f   MSVCRT:tncleanup.obj
 0001:000006ae       ?__scrt_uninitialize_type_info@@YAXXZ 625016ae f   MSVCRT:tncleanup.obj
 0001:000006ba       ___local_stdio_scanf_options 625016ba f i MSVCRT:default_local_stdio_options.obj
 0001:000006c0       ___scrt_initialize_default_local_stdio_options 625016c0 f   MSVCRT:default_local_stdio_options.obj
 0001:000006dd       ?configure_argv@__scrt_narrow_argv_policy@@SAHXZ 625016dd f i MSVCRT:utility.obj
 0001:0000072e       ?initialize_environment@__scrt_narrow_environment_policy@@SAHXZ 6250172e f i MSVCRT:utility.obj
 0001:00000766       _NtCurrentTeb              62501766 f i MSVCRT:utility.obj
 0001:0000076d       ___scrt_acquire_startup_lock 6250176d f   MSVCRT:utility.obj
 0001:0000079f       ___scrt_dllmain_after_initialize_c 6250179f f   MSVCRT:utility.obj
 0001:000007ca       ___scrt_dllmain_before_initialize_c 625017ca f   MSVCRT:utility.obj
 0001:000007d8       ___scrt_dllmain_crt_thread_attach 625017d8 f   MSVCRT:utility.obj
 0001:000007f7       ___scrt_dllmain_crt_thread_detach 625017f7 f   MSVCRT:utility.obj
 0001:00000804       ___scrt_dllmain_exception_filter 62501804 f   MSVCRT:utility.obj
 0001:00000838       ___scrt_dllmain_uninitialize_c 62501838 f   MSVCRT:utility.obj
 0001:0000085b       ___scrt_dllmain_uninitialize_critical 6250185b f   MSVCRT:utility.obj
 0001:00000868       ___scrt_initialize_crt     62501868 f   MSVCRT:utility.obj
 0001:000008a1       ___scrt_initialize_onexit_tables 625018a1 f   MSVCRT:utility.obj
 0001:00000928       ___scrt_is_nonwritable_in_current_image 62501928 f   MSVCRT:utility.obj
 0001:000009bc       ___scrt_release_startup_lock 625019bc f   MSVCRT:utility.obj
 0001:000009d9       ___scrt_uninitialize_crt   625019d9 f   MSVCRT:utility.obj
 0001:00000a01       __onexit                   62501a01 f   MSVCRT:utility.obj
 0001:00000a2e       _at_quick_exit             62501a2e f   MSVCRT:utility.obj
 0001:00000a51       _atexit                    62501a51 f   MSVCRT:utility.obj
 0001:00000a66       ___scrt_get_dyn_tls_init_callback 62501a66 f   MSVCRT:dyn_tls_init.obj
 0001:00000a6c       ___scrt_fastfail           62501a6c f   MSVCRT:utility_desktop.obj
 0001:00000b81       ___scrt_get_show_window_mode 62501b81 f   MSVCRT:utility_desktop.obj
 0001:00000bb2       ___scrt_initialize_mta     62501bb2 f   MSVCRT:utility_desktop.obj
 0001:00000bb7       ___scrt_initialize_winrt   62501bb7 f   MSVCRT:utility_desktop.obj
 0001:00000bba       ___scrt_is_managed_app     62501bba f   MSVCRT:utility_desktop.obj
 0001:00000bfc       ___scrt_set_unhandled_exception_filter 62501bfc f   MSVCRT:utility_desktop.obj
 0001:00000c08       ___scrt_exe_initialize_mta 62501c08 f   MSVCRT:utility_desktop.obj
 0001:00000c08       ___scrt_stub_for_initialize_mta 62501c08 f   MSVCRT:utility_desktop.obj
 0001:00000c0b       ___scrt_unhandled_exception_filter@4 62501c0b f   MSVCRT:utility_desktop.obj
 0001:00000c61       __crt_debugger_hook        62501c61 f   MSVCRT:utility_desktop.obj
 0001:00000c69       __RTC_Initialize           62501c69 f   MSVCRT:initsect.obj
 0001:00000c95       __RTC_Terminate            62501c95 f   MSVCRT:initsect.obj
 0001:00000cd0       __SEH_prolog4              62501cd0 f   MSVCRT:sehprolg4.obj
 0001:00000d20       __SEH_epilog4              62501d20 f   MSVCRT:sehprolg4.obj
 0001:00000d34       __except_handler4          62501d34 f   MSVCRT:chandler4gs.obj
 0001:00000d63       @_guard_check_icall_nop@4  62501d63 f i MSVCRT:guard_support.obj
 0001:00000d66       _ReadNoFence               62501d66 f i MSVCRT:guard_support.obj
 0001:00000d70       _ReadPointerNoFence        62501d70 f i MSVCRT:guard_support.obj
 0001:00000d7a       __InlineInterlockedExchangePointer 62501d7a f i MSVCRT:guard_support.obj
 0001:00000d87       ___castguard_check_failure_debugbreak 62501d87 f i MSVCRT:guard_support.obj
 0001:00000da2       ___castguard_check_failure_fastfail 62501da2 f i MSVCRT:guard_support.obj
 0001:00000dc1       ___castguard_check_failure_nop 62501dc1 f i MSVCRT:guard_support.obj
 0001:00000dc4       ___castguard_check_failure_os_handled 62501dc4 f i MSVCRT:guard_support.obj
 0001:00000dfb       ___castguard_check_failure_user_handled 62501dfb f i MSVCRT:guard_support.obj
 0001:00000e69       ___castguard_set_user_handler 62501e69 f i MSVCRT:guard_support.obj
 0001:00000e78       ___castguard_slow_path_check_debugbreak 62501e78 f i MSVCRT:guard_support.obj
 0001:00000ea5       ___castguard_slow_path_check_fastfail 62501ea5 f i MSVCRT:guard_support.obj
 0001:00000ed6       ___castguard_slow_path_check_nop 62501ed6 f i MSVCRT:guard_support.obj
 0001:00000ed9       ___castguard_slow_path_check_os_handled 62501ed9 f i MSVCRT:guard_support.obj
 0001:00000f15       ___castguard_slow_path_check_user_handled 62501f15 f i MSVCRT:guard_support.obj
 0001:00000f76       __guard_icall_checks_enforced 62501f76 f i MSVCRT:guard_support.obj
 0001:00000ffa       ?_RTC_AllocaFailure@@YAXPAXPAU_RTC_ALLOCA_NODE@@H@Z 62501ffa f   MSVCRT:error.obj
 0001:000010d3       ?_RTC_Failure@@YAXPAXH@Z   625020d3 f   MSVCRT:error.obj
 0001:0000110f       ?_RTC_StackFailure@@YAXPAXPBD@Z 6250210f f   MSVCRT:error.obj
 0001:000014e6       __RTC_UninitUse            625024e6 f   MSVCRT:error.obj
 0001:00001585       __vsprintf_s_l             62502585 f i MSVCRT:error.obj
 0001:000015b2       _sprintf_s                 625025b2 f i MSVCRT:error.obj
 0001:000015ce       ___isa_available_init      625025ce f   MSVCRT:cpu_disp.obj
 0001:000018fb       __get_startup_argv_mode    625028fb f   MSVCRT:argv_mode.obj
 0001:000018ff       ___scrt_is_ucrt_dll_in_use 625028ff f   MSVCRT:ucrt_detection.obj
 0001:0000190b       @__security_check_cookie@4 6250290b f   MSVCRT:secchk.obj
 0001:00001b1d       ?_RTC_GetSrcLine@@YAHPAEPA_WKPAH1K@Z 62502b1d f   MSVCRT:pdblkup.obj
 0001:00001e69       __except_handler4_noexcept 62502e69 f   MSVCRT:chandler4_noexcept.obj
 0001:00001eaf       ___raise_securityfailure   62502eaf f   MSVCRT:gs_report.obj
 0001:00001ed7       ___report_gsfailure        62502ed7 f   MSVCRT:gs_report.obj
 0001:00001fd2       ___report_rangecheckfailure 62502fd2 f   MSVCRT:gs_report.obj
 0001:00001fdf       ___report_securityfailure  62502fdf f   MSVCRT:gs_report.obj
 0001:000020af       ___report_securityfailureEx 625030af f   MSVCRT:gs_report.obj
 0001:000021c5       ___std_type_info_destroy_list 625031c5 f   vcruntime:VCRUNTIME140.dll
 0001:000021cb       ___current_exception       625031cb f   vcruntime:VCRUNTIME140.dll
 0001:000021d1       ___current_exception_context 625031d1 f   vcruntime:VCRUNTIME140.dll
 0001:000021d7       _memset                    625031d7 f   vcruntime:VCRUNTIME140.dll
 0001:000021dd       __except_handler4_common   625031dd f   vcruntime:VCRUNTIME140.dll
 0001:000021e3       ___vcrt_GetModuleFileNameW 625031e3 f   vcruntime:VCRUNTIME140.dll
 0001:000021e9       ___vcrt_LoadLibraryExW     625031e9 f   vcruntime:VCRUNTIME140.dll
 0001:000021ef       ___acrt_iob_func           625031ef f   ucrt:api-ms-win-crt-stdio-l1-1-0.dll
 0001:000021f5       ___stdio_common_vfprintf   625031f5 f   ucrt:api-ms-win-crt-stdio-l1-1-0.dll
 0001:000021fb       _strcpy                    625031fb f   ucrt:api-ms-win-crt-string-l1-1-0.dll
 0001:00002201       __initterm                 62503201 f   ucrt:api-ms-win-crt-runtime-l1-1-0.dll
 0001:00002207       __initterm_e               62503207 f   ucrt:api-ms-win-crt-runtime-l1-1-0.dll
 0001:0000220d       __seh_filter_dll           6250320d f   ucrt:api-ms-win-crt-runtime-l1-1-0.dll
 0001:00002213       __configure_narrow_argv    62503213 f   ucrt:api-ms-win-crt-runtime-l1-1-0.dll
 0001:00002219       __initialize_narrow_environment 62503219 f   ucrt:api-ms-win-crt-runtime-l1-1-0.dll
 0001:0000221f       __initialize_onexit_table  6250321f f   ucrt:api-ms-win-crt-runtime-l1-1-0.dll
 0001:00002225       __register_onexit_function 62503225 f   ucrt:api-ms-win-crt-runtime-l1-1-0.dll
 0001:0000222b       __execute_onexit_table     6250322b f   ucrt:api-ms-win-crt-runtime-l1-1-0.dll
 0001:00002231       __crt_atexit               62503231 f   ucrt:api-ms-win-crt-runtime-l1-1-0.dll
 0001:00002237       __crt_at_quick_exit        62503237 f   ucrt:api-ms-win-crt-runtime-l1-1-0.dll
 0001:0000223d       __cexit                    6250323d f   ucrt:api-ms-win-crt-runtime-l1-1-0.dll
 0001:00002243       _terminate                 62503243 f   ucrt:api-ms-win-crt-runtime-l1-1-0.dll
 0001:00002249       _strcpy_s                  62503249 f   ucrt:api-ms-win-crt-string-l1-1-0.dll
 0001:0000224f       _strcat_s                  6250324f f   ucrt:api-ms-win-crt-string-l1-1-0.dll
 0001:00002255       ___stdio_common_vsprintf_s 62503255 f   ucrt:api-ms-win-crt-stdio-l1-1-0.dll
 0001:0000225b       _QueryPerformanceCounter@4 6250325b f   kernel32:KERNEL32.dll
 0001:00002261       _GetCurrentProcessId@0     62503261 f   kernel32:KERNEL32.dll
 0001:00002267       _GetCurrentThreadId@0      62503267 f   kernel32:KERNEL32.dll
 0001:0000226d       _GetSystemTimeAsFileTime@4 6250326d f   kernel32:KERNEL32.dll
 0001:00002273       _DisableThreadLibraryCalls@4 62503273 f   kernel32:KERNEL32.dll
 0001:00002279       _InitializeSListHead@4     62503279 f   kernel32:KERNEL32.dll
 0001:0000227f       _IsDebuggerPresent@0       6250327f f   kernel32:KERNEL32.dll
 0001:00002285       _UnhandledExceptionFilter@4 62503285 f   kernel32:KERNEL32.dll
 0001:0000228b       _SetUnhandledExceptionFilter@4 6250328b f   kernel32:KERNEL32.dll
 0001:00002291       _GetStartupInfoW@4         62503291 f   kernel32:KERNEL32.dll
 0001:00002297       _IsProcessorFeaturePresent@4 62503297 f   kernel32:KERNEL32.dll
 0001:0000229d       _GetModuleHandleW@4        6250329d f   kernel32:KERNEL32.dll
 0001:000022a3       _RaiseException@16         625032a3 f   kernel32:KERNEL32.dll
 0001:000022a9       _MultiByteToWideChar@24    625032a9 f   kernel32:KERNEL32.dll
 0001:000022af       _WideCharToMultiByte@32    625032af f   kernel32:KERNEL32.dll
 0001:000022b5       _GetLastError@0            625032b5 f   kernel32:KERNEL32.dll
 0001:000022bb       _HeapAlloc@12              625032bb f   kernel32:KERNEL32.dll
 0001:000022c1       _HeapFree@12               625032c1 f   kernel32:KERNEL32.dll
 0001:000022c7       _GetProcessHeap@0          625032c7 f   kernel32:KERNEL32.dll
 0001:000022cd       _VirtualQuery@12           625032cd f   kernel32:KERNEL32.dll
 0001:000022d3       _FreeLibrary@4             625032d3 f   kernel32:KERNEL32.dll
 0001:000022d9       _GetProcAddress@8          625032d9 f   kernel32:KERNEL32.dll
 0001:000022df       _GetCurrentProcess@0       625032df f   kernel32:KERNEL32.dll
 0001:000022e5       _TerminateProcess@8        625032e5 f   kernel32:KERNEL32.dll
 0001:000022eb       ___acrt_initialize         625032eb f   MSVCRT:ucrt_stubs.obj
 0001:000022eb       ___scrt_stub_for_acrt_initialize 625032eb f   MSVCRT:ucrt_stubs.obj
 0001:000022eb       ___vcrt_initialize         625032eb f   MSVCRT:ucrt_stubs.obj
 0001:000022ee       ___acrt_thread_attach      625032ee f   MSVCRT:ucrt_stubs.obj
 0001:000022ee       ___scrt_stub_for_acrt_thread_attach 625032ee f   MSVCRT:ucrt_stubs.obj
 0001:000022ee       ___vcrt_thread_attach      625032ee f   MSVCRT:ucrt_stubs.obj
 0001:000022f1       ___acrt_thread_detach      625032f1 f   MSVCRT:ucrt_stubs.obj
 0001:000022f1       ___scrt_stub_for_acrt_thread_detach 625032f1 f   MSVCRT:ucrt_stubs.obj
 0001:000022f1       ___vcrt_thread_detach      625032f1 f   MSVCRT:ucrt_stubs.obj
 0001:000022f4       ___acrt_uninitialize       625032f4 f   MSVCRT:ucrt_stubs.obj
 0001:000022f4       ___scrt_stub_for_acrt_uninitialize 625032f4 f   MSVCRT:ucrt_stubs.obj
 0001:000022f4       ___vcrt_uninitialize       625032f4 f   MSVCRT:ucrt_stubs.obj
 0001:000022f7       ___acrt_uninitialize_critical 625032f7 f   MSVCRT:ucrt_stubs.obj
 0001:000022f7       ___scrt_stub_for_acrt_uninitialize_critical 625032f7 f   MSVCRT:ucrt_stubs.obj
 0001:000022f7       ___vcrt_uninitialize_critical 625032f7 f   MSVCRT:ucrt_stubs.obj
 0001:000022fa       ___scrt_stub_for_is_c_termination_complete 625032fa f   MSVCRT:ucrt_stubs.obj
 0001:000022fa       __is_c_termination_complete 625032fa f   MSVCRT:ucrt_stubs.obj
 0001:000022fd       __filter_x86_sse2_floating_point_exception 625032fd f   MSVCRT:x86_exception_filter.obj
 0001:000022fd       __filter_x86_sse2_floating_point_exception_default 625032fd f   MSVCRT:x86_exception_filter.obj
 0002:00000000       __imp__WideCharToMultiByte@32 62504000     kernel32:KERNEL32.dll
 0002:00000004       __imp__GetCurrentProcessId@0 62504004     kernel32:KERNEL32.dll
 0002:00000008       __imp__QueryPerformanceCounter@4 62504008     kernel32:KERNEL32.dll
 0002:0000000c       __imp__GetSystemTimeAsFileTime@4 6250400c     kernel32:KERNEL32.dll
 0002:00000010       __imp__DisableThreadLibraryCalls@4 62504010     kernel32:KERNEL32.dll
 0002:00000014       __imp__InitializeSListHead@4 62504014     kernel32:KERNEL32.dll
 0002:00000018       __imp__IsDebuggerPresent@0 62504018     kernel32:KERNEL32.dll
 0002:0000001c       __imp__TerminateProcess@8  6250401c     kernel32:KERNEL32.dll
 0002:00000020       __imp__GetCurrentProcess@0 62504020     kernel32:KERNEL32.dll
 0002:00000024       __imp__GetProcAddress@8    62504024     kernel32:KERNEL32.dll
 0002:00000028       __imp__FreeLibrary@4       62504028     kernel32:KERNEL32.dll
 0002:0000002c       __imp__VirtualQuery@12     6250402c     kernel32:KERNEL32.dll
 0002:00000030       __imp__GetProcessHeap@0    62504030     kernel32:KERNEL32.dll
 0002:00000034       __imp__HeapFree@12         62504034     kernel32:KERNEL32.dll
 0002:00000038       __imp__HeapAlloc@12        62504038     kernel32:KERNEL32.dll
 0002:0000003c       __imp__GetLastError@0      6250403c     kernel32:KERNEL32.dll
 0002:00000040       __imp__GetCurrentThreadId@0 62504040     kernel32:KERNEL32.dll
 0002:00000044       __imp__MultiByteToWideChar@24 62504044     kernel32:KERNEL32.dll
 0002:00000048       __imp__RaiseException@16   62504048     kernel32:KERNEL32.dll
 0002:0000004c       __imp__GetModuleHandleW@4  6250404c     kernel32:KERNEL32.dll
 0002:00000050       __imp__IsProcessorFeaturePresent@4 62504050     kernel32:KERNEL32.dll
 0002:00000054       __imp__GetStartupInfoW@4   62504054     kernel32:KERNEL32.dll
 0002:00000058       __imp__SetUnhandledExceptionFilter@4 62504058     kernel32:KERNEL32.dll
 0002:0000005c       __imp__UnhandledExceptionFilter@4 6250405c     kernel32:KERNEL32.dll
 0002:00000060       \177KERNEL32_NULL_THUNK_DATA 62504060     kernel32:KERNEL32.dll
 0002:00000064       __imp___except_handler4_common 62504064     vcruntime:VCRUNTIME140.dll
 0002:00000068       __imp____std_type_info_destroy_list 62504068     vcruntime:VCRUNTIME140.dll
 0002:0000006c       __imp__memset              6250406c     vcruntime:VCRUNTIME140.dll
 0002:00000070       __imp____current_exception_context 62504070     vcruntime:VCRUNTIME140.dll
 0002:00000074       __imp____current_exception 62504074     vcruntime:VCRUNTIME140.dll
 0002:00000078       __imp____vcrt_GetModuleFileNameW 62504078     vcruntime:VCRUNTIME140.dll
 0002:0000007c       __imp____vcrt_LoadLibraryExW 6250407c     vcruntime:VCRUNTIME140.dll
 0002:00000080       \177VCRUNTIME140_NULL_THUNK_DATA 62504080     vcruntime:VCRUNTIME140.dll
 0002:00000084       __imp___initialize_onexit_table 62504084     ucrt:api-ms-win-crt-runtime-l1-1-0.dll
 0002:00000088       __imp___initterm           62504088     ucrt:api-ms-win-crt-runtime-l1-1-0.dll
 0002:0000008c       __imp___initterm_e         6250408c     ucrt:api-ms-win-crt-runtime-l1-1-0.dll
 0002:00000090       __imp___seh_filter_dll     62504090     ucrt:api-ms-win-crt-runtime-l1-1-0.dll
 0002:00000094       __imp__terminate           62504094     ucrt:api-ms-win-crt-runtime-l1-1-0.dll
 0002:00000098       __imp___cexit              62504098     ucrt:api-ms-win-crt-runtime-l1-1-0.dll
 0002:0000009c       __imp___crt_at_quick_exit  6250409c     ucrt:api-ms-win-crt-runtime-l1-1-0.dll
 0002:000000a0       __imp___crt_atexit         625040a0     ucrt:api-ms-win-crt-runtime-l1-1-0.dll
 0002:000000a4       __imp___execute_onexit_table 625040a4     ucrt:api-ms-win-crt-runtime-l1-1-0.dll
 0002:000000a8       __imp___register_onexit_function 625040a8     ucrt:api-ms-win-crt-runtime-l1-1-0.dll
 0002:000000ac       __imp___initialize_narrow_environment 625040ac     ucrt:api-ms-win-crt-runtime-l1-1-0.dll
 0002:000000b0       __imp___configure_narrow_argv 625040b0     ucrt:api-ms-win-crt-runtime-l1-1-0.dll
 0002:000000b4       \177api-ms-win-crt-runtime-l1-1-0_NULL_THUNK_DATA 625040b4     ucrt:api-ms-win-crt-runtime-l1-1-0.dll
 0002:000000b8       __imp____acrt_iob_func     625040b8     ucrt:api-ms-win-crt-stdio-l1-1-0.dll
 0002:000000bc       __imp____stdio_common_vsprintf_s 625040bc     ucrt:api-ms-win-crt-stdio-l1-1-0.dll
 0002:000000c0       __imp____stdio_common_vfprintf 625040c0     ucrt:api-ms-win-crt-stdio-l1-1-0.dll
 0002:000000c4       \177api-ms-win-crt-stdio-l1-1-0_NULL_THUNK_DATA 625040c4     ucrt:api-ms-win-crt-stdio-l1-1-0.dll
 0002:000000c8       __imp__strcpy              625040c8     ucrt:api-ms-win-crt-string-l1-1-0.dll
 0002:000000cc       __imp__strcat_s            625040cc     ucrt:api-ms-win-crt-string-l1-1-0.dll
 0002:000000d0       __imp__strcpy_s            625040d0     ucrt:api-ms-win-crt-string-l1-1-0.dll
 0002:000000d4       \177api-ms-win-crt-string-l1-1-0_NULL_THUNK_DATA 625040d4     ucrt:api-ms-win-crt-string-l1-1-0.dll
 0002:000000d8       ___guard_check_icall_fptr  625040d8     MSVCRT:guard_support.obj
 0002:000000dc       ___guard_xfg_check_icall_fptr 625040dc     MSVCRT:guard_support.obj
 0002:000000e0       ___castguard_check_failure_os_handled_fptr 625040e0     MSVCRT:guard_support.obj
 0002:000000e4       ___xc_a                    625040e4     MSVCRT:initializers.obj
 0002:000000e8       ___xc_z                    625040e8     MSVCRT:initializers.obj
 0002:000000ec       ___xi_a                    625040ec     MSVCRT:initializers.obj
 0002:000000f0       ___xi_z                    625040f0     MSVCRT:initializers.obj
 0002:000000f4       ___xp_a                    625040f4     MSVCRT:initializers.obj
 0002:000000f8       ___xp_z                    625040f8     MSVCRT:initializers.obj
 0002:000000fc       ___xt_a                    625040fc     MSVCRT:initializers.obj
 0002:00000100       ___xt_z                    62504100     MSVCRT:initializers.obj
 0002:00000108       __pDefaultRawDllMain       62504108     MSVCRT:dll_dllmain.obj
 0002:00000108       __pRawDllMain              62504108     MSVCRT:dll_dllmain.obj
 0002:00000120       ??_C@_0BJ@HEGAHDFO@Stack?5pointer?5corruption@ 62504120     MSVCRT:userapi.obj
 0002:0000013c       ??_C@_0CK@FEGOIOPB@Cast?5to?5smaller?5type?5causing?5lo@ 6250413c     MSVCRT:userapi.obj
 0002:00000168       ??_C@_0BI@CIGMDCBH@Stack?5memory?5corruption@ 62504168     MSVCRT:userapi.obj
 0002:00000180       ??_C@_0CK@CNLNOEPB@Local?5variable?5used?5before?5init@ 62504180     MSVCRT:userapi.obj
 0002:000001ac       ??_C@_0BP@OGBCLIBO@Stack?5around?5_alloca?5corrupted@ 625041ac     MSVCRT:userapi.obj
 0002:00000268       ??_C@_0NN@JMPELKLB@The?5value?5of?5ESP?5was?5not?5proper@ 62504268     MSVCRT:error.obj
 0002:00000348       ??_C@_0BBN@ELNNILBE@A?5cast?5to?5a?5smaller?5data?5type?5h@ 62504348     MSVCRT:error.obj
 0002:00000468       ??_C@_0BN@BPOGFMJL@Stack?5memory?5was?5corrupted?$AN?6@ 62504468     MSVCRT:error.obj
 0002:00000488       ??_C@_0DG@DAJCDLPN@A?5local?5variable?5was?5used?5befor@ 62504488     MSVCRT:error.obj
 0002:000004c0       ??_C@_0CM@JMIDGKLA@Stack?5memory?5around?5_alloca?5was@ 625044c0     MSVCRT:error.obj
 0002:000004ec       ??_C@_0BO@CHIONIOI@Unknown?5Runtime?5Check?5Error?$AN?6@ 625044ec     MSVCRT:error.obj
 0002:00000510       ??_C@_1GM@CNOOJIHC@?$AAR?$AAu?$AAn?$AAt?$AAi?$AAm?$AAe?$AA?5?$AAC?$AAh?$AAe?$AAc?$AAk?$AA?5?$AAE@ 62504510     MSVCRT:error.obj
 0002:00000580       ??_C@_1EA@NFKNIFJP@?$AAR?$AAu?$AAn?$AA?9?$AAT?$AAi?$AAm?$AAe?$AA?5?$AAC?$AAh?$AAe?$AAc?$AAk?$AA?5@ 62504580     MSVCRT:error.obj
 0002:000005c0       ??_C@_0BB@PFFGGCJP@Unknown?5Filename@ 625045c0     MSVCRT:error.obj
 0002:000005d4       ??_C@_0BE@GNBOBNCK@Unknown?5Module?5Name@ 625045d4     MSVCRT:error.obj
 0002:000005e8       ??_C@_0CA@IODNCDPG@Run?9Time?5Check?5Failure?5?$CD?$CFd?5?9?5?$CFs@ 625045e8     MSVCRT:error.obj
 0002:00000608       ??_C@_0CG@IAFNJNEE@Stack?5corrupted?5near?5unknown?5va@ 62504608     MSVCRT:error.obj
 0002:00000630       ??_C@_05MKKEDADM@?$CF?42X?5@ 62504630     MSVCRT:error.obj
 0002:00000638       ??_C@_0EJ@LJKNEOLN@Stack?5area?5around?5_alloca?5memor@ 62504638     MSVCRT:error.obj
 0002:00000684       ??_C@_01EEMJAFIK@?6@       62504684     MSVCRT:error.obj
 0002:00000688       ??_C@_02LLMPMKNF@?$DO?5@   62504688     MSVCRT:error.obj
 0002:0000068c       ??_C@_08OMAHNMHJ@?6Data?3?5?$DM@ 6250468c     MSVCRT:error.obj
 0002:00000698       ??_C@_0CK@DKGBICFE@?6Allocation?5number?5within?5this?5@ 62504698     MSVCRT:error.obj
 0002:000006c4       ??_C@_07DFDJCKFN@?6Size?3?5@ 625046c4     MSVCRT:error.obj
 0002:000006cc       ??_C@_0N@MHFFIMFG@?6Address?3?50x@ 625046cc     MSVCRT:error.obj
 0002:000006e0       ??_C@_0EI@CLEPFNGI@Stack?5area?5around?5_alloca?5memor@ 625046e0     MSVCRT:error.obj
 0002:00000728       ??_C@_0BK@ODNDAGKB@?$CFs?$CFs?$CFp?$CFs?$CFzd?$CFs?$CFd?$CFs?$CFs?$CFs?$CFs?$CFs@ 62504728     MSVCRT:error.obj
 0002:00000744       ??_C@_0DE@OHJBPMBP@A?5variable?5is?5being?5used?5withou@ 62504744     MSVCRT:error.obj
 0002:000007a0       ??_C@_1EI@MLPKHBGE@?$AAa?$AAp?$AAi?$AA?9?$AAm?$AAs?$AA?9?$AAw?$AAi?$AAn?$AA?9?$AAc?$AAo?$AAr?$AAe@ 625047a0     MSVCRT:pdblkup.obj
 0002:000007e8       ??_C@_1BK@JHLNAEJL@?$AAa?$AAd?$AAv?$AAa?$AAp?$AAi?$AA3?$AA2?$AA?4?$AAd?$AAl?$AAl@ 625047e8     MSVCRT:pdblkup.obj
 0002:00000804       ??_C@_0O@COHOBMLB@RegOpenKeyExW@ 62504804     MSVCRT:pdblkup.obj
 0002:00000814       ??_C@_0BB@GLNAEDBD@RegQueryValueExW@ 62504814     MSVCRT:pdblkup.obj
 0002:00000828       ??_C@_0M@HLOHPNFA@RegCloseKey@ 62504828     MSVCRT:pdblkup.obj
 0002:00000838       ??_C@_1HE@EBEAGLFB@?$AAS?$AAO?$AAF?$AAT?$AAW?$AAA?$AAR?$AAE?$AA?2?$AAW?$AAo?$AAw?$AA6?$AA4?$AA3@ 62504838     MSVCRT:pdblkup.obj
 0002:000008ac       ??_C@_1BG@EABPBLLF@?$AAP?$AAr?$AAo?$AAd?$AAu?$AAc?$AAt?$AAD?$AAi?$AAr@ 625048ac     MSVCRT:pdblkup.obj
 0002:000008c4       ??_C@_0BB@KCIACLNC@PDBOpenValidate5@ 625048c4     MSVCRT:pdblkup.obj
 0002:000008d8       ??_C@_01KDCPPGHE@r@        625048d8     MSVCRT:pdblkup.obj
 0002:000008e8       __load_config_used         625048e8     MSVCRT:loadcfg.obj
 0002:00000a00       ___CastGuardVftablesStart  62504a00     MSVCRT:guard_support.obj
 0002:00000a40       ___CastGuardVftablesEnd    62504a40     MSVCRT:guard_support.obj
 0002:00000a80       ___volatile_metadata       62504a80     <linker-defined>
 0002:00000e2c       ___rtc_iaa                 62504e2c     MSVCRT:initsect.obj
 0002:00000e34       ___rtc_izz                 62504e34     MSVCRT:initsect.obj
 0002:00000e38       ___rtc_taa                 62504e38     MSVCRT:initsect.obj
 0002:00000e40       ___rtc_tzz                 62504e40     MSVCRT:initsect.obj
 0002:00001088       __IMPORT_DESCRIPTOR_VCRUNTIME140 62505088     vcruntime:VCRUNTIME140.dll
 0002:0000109c       __IMPORT_DESCRIPTOR_api-ms-win-crt-stdio-l1-1-0 6250509c     ucrt:api-ms-win-crt-stdio-l1-1-0.dll
 0002:000010b0       __IMPORT_DESCRIPTOR_api-ms-win-crt-string-l1-1-0 625050b0     ucrt:api-ms-win-crt-string-l1-1-0.dll
 0002:000010c4       __IMPORT_DESCRIPTOR_api-ms-win-crt-runtime-l1-1-0 625050c4     ucrt:api-ms-win-crt-runtime-l1-1-0.dll
 0002:000010d8       __IMPORT_DESCRIPTOR_KERNEL32 625050d8     kernel32:KERNEL32.dll
 0002:000010ec       __NULL_IMPORT_DESCRIPTOR   625050ec     vcruntime:VCRUNTIME140.dll
 0003:00000038       ___scrt_native_dllmain_reason 62506038     MSVCRT:utility.obj
 0003:00000040       ?_RTC_ErrorLevels@@3PAHA   62506040     MSVCRT:error.obj
 0003:00000080       ___security_cookie         62506080     MSVCRT:gs_cookie.obj
 0003:000000c0       ___security_cookie_complement 625060c0     MSVCRT:gs_cookie.obj
 0003:000000c8       ___isa_inverted            625060c8     MSVCRT:cpu_disp.obj
 0003:000000d0       ___isa_enabled             625060d0     MSVCRT:cpu_disp.obj
 0003:000000d4       ___scrt_ucrt_dll_is_in_use 625060d4     MSVCRT:ucrt_stubs.obj
 0003:000000e8       ?__type_info_root_node@@3U__type_info_node@@A 625060e8     MSVCRT:tncleanup.obj
 0003:000000f0       ?_OptionsStorage@?1??__local_stdio_printf_options@@9@4_KA 625060f0     MSVCRT:default_local_stdio_options.obj
 0003:000000f8       ?_OptionsStorage@?1??__local_stdio_scanf_options@@9@4_KA 625060f8     MSVCRT:default_local_stdio_options.obj
 0003:00000100       ___scrt_current_native_startup_state 62506100     MSVCRT:utility.obj
 0003:00000104       ___scrt_native_startup_lock 62506104     MSVCRT:utility.obj
 0003:00000124       ___scrt_debugger_hook_flag 62506124     MSVCRT:utility_desktop.obj
 0003:00000128       ___castguard_check_failure_user_handled_fptr 62506128     MSVCRT:guard_support.obj
 0003:0000012c       ___avx10_version           6250612c     MSVCRT:cpu_disp.obj
 0003:00000130       ___isa_available           62506130     MSVCRT:cpu_disp.obj
 0003:00000134       ___favor                   62506134     MSVCRT:cpu_disp.obj
 0003:00000460       ?_OptionsStorage@?1??__local_stdio_printf_options@@9@9 62506460     <common>
 0003:00000468       ___dyn_tls_init_callback   62506468     <common>

 entry point at        0001:00000546

 Static symbols

 0000:ffff7000       .debug$S                   62500000     libessfunc.exp
 0000:ffff7000       .debug$S                   62500000     ucrt:api-ms-win-crt-runtime-l1-1-0.dll
 0000:ffff7000       .debug$S                   62500000     ucrt:api-ms-win-crt-runtime-l1-1-0.dll
 0000:ffff7000       .debug$S                   62500000     ucrt:api-ms-win-crt-runtime-l1-1-0.dll
 0000:ffff7000       .debug$S                   62500000     ucrt:api-ms-win-crt-runtime-l1-1-0.dll
 0000:ffff7000       .debug$S                   62500000     ucrt:api-ms-win-crt-runtime-l1-1-0.dll
 0000:ffff7000       .debug$S                   62500000     ucrt:api-ms-win-crt-runtime-l1-1-0.dll
 0000:ffff7000       .debug$S                   62500000     ucrt:api-ms-win-crt-runtime-l1-1-0.dll
 0000:ffff7000       .debug$S                   62500000     ucrt:api-ms-win-crt-runtime-l1-1-0.dll
 0000:ffff7000       .debug$S                   62500000     ucrt:api-ms-win-crt-runtime-l1-1-0.dll
 0000:ffff7000       .debug$S                   62500000     ucrt:api-ms-win-crt-runtime-l1-1-0.dll
 0000:ffff7000       .debug$S                   62500000     ucrt:api-ms-win-crt-runtime-l1-1-0.dll
 0000:ffff7000       .debug$S                   62500000     ucrt:api-ms-win-crt-runtime-l1-1-0.dll
 0000:ffff7000       .debug$S                   62500000     ucrt:api-ms-win-crt-stdio-l1-1-0.dll
 0000:ffff7000       .debug$S                   62500000     ucrt:api-ms-win-crt-stdio-l1-1-0.dll
 0000:ffff7000       .debug$S                   62500000     ucrt:api-ms-win-crt-stdio-l1-1-0.dll
 0000:ffff7000       .debug$S                   62500000     ucrt:api-ms-win-crt-string-l1-1-0.dll
 0000:ffff7000       .debug$S                   62500000     ucrt:api-ms-win-crt-string-l1-1-0.dll
 0000:ffff7000       .debug$S                   62500000     ucrt:api-ms-win-crt-string-l1-1-0.dll
 0000:ffff7000       .debug$S                   62500000     kernel32:KERNEL32.dll
 0000:ffff7000       .debug$S                   62500000     kernel32:KERNEL32.dll
 0000:ffff7000       .debug$S                   62500000     kernel32:KERNEL32.dll
 0000:ffff7000       .debug$S                   62500000     kernel32:KERNEL32.dll
 0000:ffff7000       .debug$S                   62500000     kernel32:KERNEL32.dll
 0000:ffff7000       .debug$S                   62500000     kernel32:KERNEL32.dll
 0000:ffff7000       .debug$S                   62500000     kernel32:KERNEL32.dll
 0000:ffff7000       .debug$S                   62500000     kernel32:KERNEL32.dll
 0000:ffff7000       .debug$S                   62500000     kernel32:KERNEL32.dll
 0000:ffff7000       .debug$S                   62500000     kernel32:KERNEL32.dll
 0000:ffff7000       .debug$S                   62500000     kernel32:KERNEL32.dll
 0000:ffff7000       .debug$S                   62500000     kernel32:KERNEL32.dll
 0000:ffff7000       .debug$S                   62500000     kernel32:KERNEL32.dll
 0000:ffff7000       .debug$S                   62500000     kernel32:KERNEL32.dll
 0000:ffff7000       .debug$S                   62500000     kernel32:KERNEL32.dll
 0000:ffff7000       .debug$S                   62500000     kernel32:KERNEL32.dll
 0000:ffff7000       .debug$S                   62500000     kernel32:KERNEL32.dll
 0000:ffff7000       .debug$S                   62500000     kernel32:KERNEL32.dll
 0000:ffff7000       .debug$S                   62500000     kernel32:KERNEL32.dll
 0000:ffff7000       .debug$S                   62500000     kernel32:KERNEL32.dll
 0000:ffff7000       .debug$S                   62500000     kernel32:KERNEL32.dll
 0000:ffff7000       .debug$S                   62500000     kernel32:KERNEL32.dll
 0000:ffff7000       .debug$S                   62500000     kernel32:KERNEL32.dll
 0000:ffff7000       .debug$S                   62500000     kernel32:KERNEL32.dll
 0002:ffffc000       __guard_fids___except_handler4 62500000     MSVCRT:chandler4gs.obj
 0000:00000000       _volmd                     62500000     MSVCRT:cpu_disp.obj
 0002:ffffc000       __guard_fids_?dllmain_dispatch@@YAHQAUHINSTANCE__@@KQAX@Z 62500000     MSVCRT:dll_dllmain.obj
 0000:00000000       _volmd                     62500000     MSVCRT:gs_report.obj
 0002:ffffc000       __guard_fids__             62500000     MSVCRT:guard_support.obj
 0002:ffffc000       __guard_fids__             62500000     MSVCRT:guard_support.obj
 0002:ffffc000       __guard_fids___guard_icall_checks_enforced 62500000     MSVCRT:guard_support.obj
 0000:00000000       _volmd                     62500000     MSVCRT:guard_support.obj
 0000:00000000       _volmd                     62500000     MSVCRT:guard_support.obj
 0000:00000000       _volmd                     62500000     MSVCRT:guard_support.obj
 0000:00000000       _volmd                     62500000     MSVCRT:guard_support.obj
 0000:00000000       _volmd                     62500000     MSVCRT:guard_support.obj
 0000:00000000       _volmd                     62500000     MSVCRT:guard_support.obj
 0000:00000000       _volmd                     62500000     MSVCRT:guard_support.obj
 0000:00000000       _volmd                     62500000     MSVCRT:guard_support.obj
 0000:00000000       _volmd                     62500000     MSVCRT:guard_support.obj
 0002:ffffc000       __guard_fids____scrt_set_unhandled_exception_filter 62500000     MSVCRT:utility_desktop.obj
 0000:ffff7000       .debug$S                   62500000     vcruntime:VCRUNTIME140.dll
 0000:ffff7000       .debug$S                   62500000     vcruntime:VCRUNTIME140.dll
 0000:ffff7000       .debug$S                   62500000     vcruntime:VCRUNTIME140.dll
 0000:ffff7000       .debug$S                   62500000     vcruntime:VCRUNTIME140.dll
 0000:ffff7000       .debug$S                   62500000     vcruntime:VCRUNTIME140.dll
 0000:ffff7000       .debug$S                   62500000     vcruntime:VCRUNTIME140.dll
 0000:ffff7000       .debug$S                   62500000     vcruntime:VCRUNTIME140.dll
 0001:000001fd       ?dllmain_crt_dispatch@@YGHQAUHINSTANCE__@@KQAX@Z 625011fd f   MSVCRT:dll_dllmain.obj
 0001:00000250       ?dllmain_crt_process_attach@@YAHQAUHINSTANCE__@@QAX@Z 62501250 f   MSVCRT:dll_dllmain.obj
 0001:00000357       ?dllmain_crt_process_detach@@YAH_N@Z 62501357 f   MSVCRT:dll_dllmain.obj
 0001:00000407       ?dllmain_dispatch@@YAHQAUHINSTANCE__@@KQAX@Z 62501407 f   MSVCRT:dll_dllmain.obj
 0001:00000512       ?dllmain_raw@@YGHQAUHINSTANCE__@@KQAX@Z 62501512 f   MSVCRT:dll_dllmain.obj
 0001:000005e8       ___get_entropy             625015e8 f   MSVCRT:gs_support.obj
 0001:000006ea       ?find_pe_section@@YAPAU_IMAGE_SECTION_HEADER@@QAEI@Z 625016ea f   MSVCRT:utility.obj
 0001:00000733       ?is_potentially_valid_image_base@@YA_NQAX@Z 62501733 f   MSVCRT:utility.obj
 0001:00000cd0       $$000000                   62501cd0     MSVCRT:sehprolg4.obj
 0001:00000d20       $$000000                   62501d20     MSVCRT:sehprolg4.obj
 0001:00000dea       ___castguard_check_failure_os_handled_wrapper 62501dea f   MSVCRT:guard_support.obj
 0001:00000e2f       ___castguard_check_failure_user_handled_wrapper 62501e2f f   MSVCRT:guard_support.obj
 0001:00000e4e       ___castguard_compat_check  62501e4e f   MSVCRT:guard_support.obj
 0001:00000f5c       ___castguard_slow_path_compat_check 62501f5c f   MSVCRT:guard_support.obj
 0001:00000f88       ?DebuggerProbe@@YA_NK@Z    62501f88 f   MSVCRT:error.obj
 0001:00000fb8       ?DebuggerRuntime@@YA_NKHPAXPB_W@Z 62501fb8 f   MSVCRT:error.obj
 0001:000011b5       ?_getMemBlockDataString@@YAXPAD0PBDI@Z 625021b5 f   MSVCRT:error.obj
 0001:0000121b       ?_strlen_priv@@YAIPBD@Z    6250221b f   MSVCRT:error.obj
 0001:0000122e       ?failwithmessage@@YAXPAXHHPBD@Z 6250222e f   MSVCRT:error.obj
 0001:00001495       ?notify_debugger@@YAXABUtagEXCEPTION_VISUALCPP_DEBUG_INFO@@@Z 62502495 f   MSVCRT:error.obj
 0001:00001919       ?GetPdbDll@@YAPAUHINSTANCE__@@XZ 62502919 f   MSVCRT:pdblkup.obj
 0001:00001931       ?GetPdbDllFromInstallPath@@YAPAUHINSTANCE__@@XZ 62502931 f   MSVCRT:pdblkup.obj
 0002:0000010c       ?_RTC_errlist@@3QBQBDB     6250410c     MSVCRT:userapi.obj
 0002:000001cc       ?_RTC_ErrorMessages@@3QBQBDB 625041cc     MSVCRT:error.obj
 0002:000001e4       ?_RTC_NoFalsePositives@@3QBHB 625041e4     MSVCRT:error.obj
 0002:000001fc       ?stack_premsg@@3QBDB       625041fc     MSVCRT:error.obj
 0002:00000218       ?stack_postmsg@@3QBDB      62504218     MSVCRT:error.obj
 0002:0000022c       ?uninit_premsg@@3QBDB      6250422c     MSVCRT:error.obj
 0002:0000023c       ?uninit_postmsg@@3QBDB     6250423c     MSVCRT:error.obj
 0002:00000778       ?mspdbName@@3QB_WB         62504778     MSVCRT:pdblkup.obj
 0002:000008dc       _GS_ExceptionPointers      625048dc     MSVCRT:gs_report.obj
 0002:00000e30       __RTC_InitBase.rtc$IMZ     62504e30     essfunc.obj
 0002:00000e3c       __RTC_Shutdown.rtc$TMZ     62504e3c     essfunc.obj
 0002:00000e48       __sehtable$?dllmain_crt_process_attach@@YAHQAUHINSTANCE__@@QAX@Z 62504e48     MSVCRT:dll_dllmain.obj
 0002:00000e68       __sehtable$?dllmain_crt_process_detach@@YAH_N@Z 62504e68     MSVCRT:dll_dllmain.obj
 0002:00000e90       __sehtable$?dllmain_dispatch@@YAHQAUHINSTANCE__@@KQAX@Z 62504e90     MSVCRT:dll_dllmain.obj
 0002:00000eb0       __sehtable$___scrt_is_nonwritable_in_current_image 62504eb0     MSVCRT:utility.obj
 0002:00000ed0       __sehtable$?notify_debugger@@YAXABUtagEXCEPTION_VISUALCPP_DEBUG_INFO@@@Z 62504ed0     MSVCRT:error.obj
 0002:00000ef0       .edata                     62504ef0     libessfunc.exp
 0002:00000f18       rgpv                       62504f18     libessfunc.exp
 0002:00000f50       rgszName                   62504f50     libessfunc.exp
 0002:00000f88       rgwOrd                     62504f88     libessfunc.exp
 0002:00000fa4       szName                     62504fa4     libessfunc.exp
 0002:00000faf       $N00001                    62504faf     libessfunc.exp
 0002:00000fbe       $N00002                    62504fbe     libessfunc.exp
 0002:00000fce       $N00003                    62504fce     libessfunc.exp
 0002:00000fde       $N00004                    62504fde     libessfunc.exp
 0002:00000fee       $N00005                    62504fee     libessfunc.exp
 0002:00000ffe       $N00006                    62504ffe     libessfunc.exp
 0002:0000100e       $N00007                    6250500e     libessfunc.exp
 0002:0000101d       $N00008                    6250501d     libessfunc.exp
 0002:0000102c       $N00009                    6250502c     libessfunc.exp
 0002:0000103b       $N00010                    6250503b     libessfunc.exp
 0002:0000104a       $N00011                    6250504a     libessfunc.exp
 0002:00001059       $N00012                    62505059     libessfunc.exp
 0002:00001068       $N00013                    62505068     libessfunc.exp
 0002:00001077       $N00014                    62505077     libessfunc.exp
 0002:00001284       .idata$6                   62505284     vcruntime:VCRUNTIME140.dll
 0002:000013f2       .idata$6                   625053f2     ucrt:api-ms-win-crt-stdio-l1-1-0.dll
 0002:00001412       .idata$6                   62505412     ucrt:api-ms-win-crt-string-l1-1-0.dll
 0002:00001434       .idata$6                   62505434     ucrt:api-ms-win-crt-runtime-l1-1-0.dll
 0002:00001648       .idata$6                   62505648     kernel32:KERNEL32.dll
 0003:00000000       $SG10285                   62506000     essfunc.obj
 0003:00000008       $SG10286                   62506008     essfunc.obj
 0003:00000034       $SG10305                   62506034     essfunc.obj
 0003:000000d8       ?init@?1??_RTC_InitBase@@9@4_NA 625060d8     MSVCRT:init.obj
 0003:000000dc       ?__proc_attached@@3HA      625060dc     MSVCRT:dll_dllmain.obj
 0003:000000e0       ?_RTC_ErrorReportFunc@@3P6AHHPBDH00ZZA 625060e0     MSVCRT:userapi.obj
 0003:000000e4       ?_RTC_ErrorReportFuncW@@3P6AHHPB_WH00ZZA 625060e4     MSVCRT:userapi.obj
 0003:00000108       ?is_initialized_as_dll@@3_NA 62506108     MSVCRT:utility.obj
 0003:00000109       ?module_local_atexit_table_initialized@@3_NA 62506109     MSVCRT:utility.obj
 0003:0000010c       ?module_local_atexit_table@@3U_onexit_table_t@@A 6250610c     MSVCRT:utility.obj
 0003:00000118       ?module_local_at_quick_exit_table@@3U_onexit_table_t@@A 62506118     MSVCRT:utility.obj
 0003:00000138       ?mspdb@@3PAUHINSTANCE__@@A 62506138     MSVCRT:pdblkup.obj
 0003:0000013c       ?alreadyTried@?1??GetPdbDll@@YAPAUHINSTANCE__@@XZ@4_NA 6250613c     MSVCRT:pdblkup.obj
 0003:0000013d       ?PDBOK@?1??_RTC_GetSrcLine@@YAHPAEPA_WKPAH1K@Z@4_NA 6250613d     MSVCRT:pdblkup.obj
 0003:00000140       _GS_ExceptionRecord        62506140     MSVCRT:gs_report.obj
 0003:00000190       _GS_ContextRecord          62506190     MSVCRT:gs_report.obj
 0004:00000060       $R000000                   62507060     * linker generated manifest res *

 Exports

  ordinal    name

        1    _EssentialFunc1
               exported name: EssentialFunc1
        2    _EssentialFunc10
               exported name: EssentialFunc10
        3    _EssentialFunc11
               exported name: EssentialFunc11
        4    _EssentialFunc12
               exported name: EssentialFunc12
        5    _EssentialFunc13
               exported name: EssentialFunc13
        6    _EssentialFunc14
               exported name: EssentialFunc14
        7    _EssentialFunc2
               exported name: EssentialFunc2
        8    _EssentialFunc3
               exported name: EssentialFunc3
        9    _EssentialFunc4
               exported name: EssentialFunc4
       10    _EssentialFunc5
               exported name: EssentialFunc5
       11    _EssentialFunc6
               exported name: EssentialFunc6
       12    _EssentialFunc7
               exported name: EssentialFunc7
       13    _EssentialFunc8
               exported name: EssentialFunc8
       14    _EssentialFunc9
               exported name: EssentialFunc9
